cafe_transaction_store.csv
calendar_date,holiday,price,quantity,item_name
2012-01-01,New Year,155.0,920,BURGER
2012-01-02,New Year,155.0,1400,BURGER
2012-01-03,New Year,155.0,1240,BURGER
2012-01-04,,155.0,1760,BURGER
2012-01-05,,155.0,2080,BURGER
2012-01-06,,155.0,2000,BURGER
2012-01-07,,155.0,1400,BURGER
2012-01-08,,155.0,1400,BURGER
2012-01-09,,155.0,2120,BURGER
2012-01-10,,155.0,2160,BURGER
2012-01-11,,155.0,2080,BURGER
2012-01-12,,155.0,2040,BURGER
2012-01-13,,155.0,2000,BURGER
2012-01-14,,155.0,1480,BURGER
2012-01-15,,155.0,1200,BURGER
2012-01-16,,155.0,2080,BURGER
2012-01-17,,155.0,2120,BURGER
2012-01-18,,155.0,2160,BURGER
2012-01-19,,155.0,2000,BURGER
2012-01-20,,155.0,2000,BURGER
2012-01-21,,155.0,1400,BURGER
2012-01-22,,155.0,1480,BURGER
2012-01-23,,155.0,2160,BURGER
2012-01-24,,155.0,2000,BURGER
2012-01-25,,155.0,2000,BURGER
2012-01-26,,155.0,2120,BURGER
2012-01-27,,155.0,1720,BURGER
2012-01-28,,155.0,1240,BURGER
2012-01-29,,155.0,1400,BURGER
2012-01-30,,155.0,2120,BURGER
2012-01-31,,155.0,1680,BURGER
2012-02-01,,155.0,1800,BURGER
2012-02-02,Luner New Year,155.0,1280,BURGER
2012-02-03,Luner New Year,155.0,1240,BURGER
2012-02-04,Luner New Year,155.0,840,BURGER
2012-02-05,Luner New Year,155.0,760,BURGER
2012-02-06,Luner New Year,155.0,1120,BURGER
2012-02-07,Luner New Year,155.0,1120,BURGER
2012-02-08,Luner New Year,155.0,1200,BURGER
2012-02-09,,155.0,1760,BURGER
2012-02-10,,155.0,1800,BURGER
2012-02-11,,155.0,1520,BURGER
2012-02-12,,155.0,1440,BURGER
2012-02-13,,155.0,1800,BURGER
2012-02-14,,155.0,1640,BURGER
2012-02-15,,155.0,1720,BURGER
2012-02-16,,155.0,1720,BURGER
2012-02-17,,155.0,1680,BURGER
2012-02-18,,155.0,1240,BURGER
2012-02-19,,155.0,1200,BURGER
2012-02-20,,155.0,1760,BURGER
2012-02-21,,155.0,1800,BURGER
2012-02-22,,155.0,1800,BURGER
2012-02-23,,155.0,1760,BURGER
2012-02-24,,155.0,1640,BURGER
2012-02-25,,155.0,1240,BURGER
2012-02-26,,155.0,1200,BURGER
2012-02-27,,155.0,1640,BURGER
2012-02-28,,155.0,1720,BURGER
2012-03-01,,155.0,1680,BURGER
2012-03-02,,155.0,1720,BURGER
2012-03-03,,155.0,1280,BURGER
2012-03-04,,155.0,1240,BURGER
2012-03-05,,155.0,1760,BURGER
2012-03-06,,155.0,1720,BURGER
2012-03-07,,155.0,1680,BURGER
2012-03-08,,155.0,1720,BURGER
2012-03-09,,155.0,1800,BURGER
2012-03-10,,155.0,1120,BURGER
2012-03-11,,155.0,1280,BURGER
2012-03-12,,155.0,1680,BURGER
2012-03-13,,155.0,1760,BURGER
2012-03-14,,155.0,1680,BURGER
2012-03-15,,155.0,1720,BURGER
2012-03-16,,155.0,1760,BURGER
2012-03-17,,155.0,1120,BURGER
2012-03-18,,155.0,1200,BURGER
2012-03-19,,155.0,1760,BURGER
2012-03-20,,155.0,1680,BURGER
2012-03-21,,155.0,1800,BURGER
2012-03-22,,155.0,1800,BURGER
2012-03-23,,155.0,1800,BURGER
2012-03-24,,155.0,1120,BURGER
2012-03-25,,155.0,1240,BURGER
2012-03-26,,155.0,1800,BURGER
2012-03-27,,155.0,1800,BURGER
2012-03-28,,155.0,1760,BURGER
2012-03-29,,155.0,1720,BURGER
2012-03-30,,155.0,1680,BURGER
2012-03-31,,155.0,1200,BURGER
2012-04-01,,155.0,1160,BURGER
2012-04-02,,155.0,1640,BURGER
2012-04-03,Qing Ming Festival,155.0,1280,BURGER
2012-04-04,Qing Ming Festival,155.0,1160,BURGER
2012-04-05,Qing Ming Festival,155.0,1240,BURGER
2012-04-06,,155.0,1640,BURGER
2012-04-07,,155.0,1280,BURGER
2012-04-08,,155.0,1280,BURGER
2012-04-09,,155.0,1720,BURGER
2012-04-10,,155.0,1760,BURGER
2012-04-11,,155.0,1680,BURGER
2012-04-12,,155.0,1640,BURGER
2012-04-13,,155.0,1800,BURGER
2012-04-14,,155.0,1280,BURGER
2012-04-15,,155.0,1160,BURGER
2012-04-16,,155.0,1640,BURGER
2012-04-17,,155.0,1640,BURGER
2012-04-18,,155.0,1800,BURGER
2012-04-19,,155.0,1760,BURGER
2012-04-20,,155.0,1720,BURGER
2012-04-21,,155.0,1120,BURGER
2012-04-22,,155.0,1280,BURGER
2012-04-23,,155.0,1800,BURGER
2012-04-24,,155.0,1640,BURGER
2012-04-25,,155.0,1760,BURGER
2012-04-26,,155.0,1640,BURGER
2012-04-27,,155.0,1760,BURGER
2012-04-28,,155.0,1240,BURGER
2012-04-29,,155.0,1160,BURGER
2012-04-30,Labor Day,155.0,1280,BURGER
2012-05-01,Labor Day,150.0,1280,BURGER
2012-05-02,Labor Day,150.0,1240,BURGER
2012-05-03,,150.0,1720,BURGER
2012-05-04,,150.0,1880,BURGER
2012-05-05,,150.0,1240,BURGER
2012-05-06,,150.0,1320,BURGER
2012-05-07,,150.0,1800,BURGER
2012-05-08,,150.0,1760,BURGER
2012-05-09,,150.0,1880,BURGER
2012-05-10,,150.0,1760,BURGER
2012-05-11,,150.0,1880,BURGER
2012-05-12,,150.0,1200,BURGER
2012-05-13,,150.0,1160,BURGER
2012-05-14,,150.0,1880,BURGER
2012-05-15,,150.0,1720,BURGER
2012-05-16,,150.0,1760,BURGER
2012-05-17,,150.0,1800,BURGER
2012-05-18,,150.0,1840,BURGER
2012-05-19,,150.0,1160,BURGER
2012-05-20,,150.0,1240,BURGER
2012-05-21,,150.0,1840,BURGER
2012-05-22,,150.0,1800,BURGER
2012-05-23,,150.0,1800,BURGER
2012-05-24,,150.0,1800,BURGER
2012-05-25,,150.0,1760,BURGER
2012-05-26,,150.0,1200,BURGER
2012-05-27,,150.0,1200,BURGER
2012-05-28,,150.0,1720,BURGER
2012-05-29,,150.0,1800,BURGER
2012-05-30,,150.0,1800,BURGER
2012-05-31,,150.0,1760,BURGER
2012-06-01,,150.0,1720,BURGER
2012-06-02,,150.0,1200,BURGER
2012-06-03,,150.0,1320,BURGER
2012-06-04,Dragon Boat Festivel,150.0,1160,BURGER
2012-06-05,Dragon Boat Festivel,150.0,1240,BURGER
2012-06-06,Dragon Boat Festivel,150.0,1240,BURGER
2012-06-07,,150.0,1840,BURGER
2012-06-08,,150.0,1840,BURGER
2012-06-09,,150.0,1280,BURGER
2012-06-10,,150.0,1240,BURGER
2012-06-11,,150.0,1840,BURGER
2012-06-12,,150.0,1800,BURGER
2012-06-13,,150.0,1760,BURGER
2012-06-14,,150.0,1760,BURGER
2012-06-15,,150.0,1880,BURGER
2012-06-16,,150.0,1280,BURGER
2012-06-17,,150.0,1200,BURGER
2012-06-18,,150.0,1840,BURGER
2012-06-19,,150.0,1720,BURGER
2012-06-20,,150.0,1880,BURGER
2012-06-21,,150.0,1840,BURGER
2012-06-22,,150.0,1840,BURGER
2012-06-23,,150.0,1280,BURGER
2012-06-24,,150.0,1240,BURGER
2012-06-25,,150.0,1840,BURGER
2012-06-26,,150.0,1760,BURGER
2012-06-27,,150.0,1880,BURGER
2012-06-28,,150.0,1880,BURGER
2012-06-29,,150.0,1880,BURGER
2012-06-30,,150.0,1280,BURGER
2012-07-01,,150.0,1240,BURGER
2012-07-02,,150.0,1800,BURGER
2012-07-03,,150.0,1800,BURGER
2012-07-04,,150.0,1840,BURGER
2012-07-05,,150.0,1880,BURGER
2012-07-06,,150.0,1760,BURGER
2012-07-07,,150.0,1160,BURGER
2012-07-08,,150.0,1280,BURGER
2012-07-09,,150.0,1720,BURGER
2012-07-10,,150.0,1720,BURGER
2012-07-11,,150.0,1760,BURGER
2012-07-12,,150.0,1720,BURGER
2012-07-13,,150.0,1720,BURGER
2012-07-14,,150.0,1160,BURGER
2012-07-15,,150.0,1280,BURGER
2012-07-16,,150.0,1720,BURGER
2012-07-17,,150.0,1760,BURGER
2012-07-18,,150.0,1760,BURGER
2012-07-19,,150.0,1840,BURGER
2012-07-20,,150.0,1800,BURGER
2012-07-21,,150.0,1200,BURGER
2012-07-22,,150.0,1200,BURGER
2012-07-23,,150.0,1880,BURGER
2012-07-24,,150.0,1720,BURGER
2012-07-25,,150.0,1840,BURGER
2012-07-26,,150.0,1800,BURGER
2012-07-27,,150.0,1800,BURGER
2012-07-28,,150.0,1200,BURGER
2012-07-29,,150.0,1320,BURGER
2012-07-30,,150.0,1720,BURGER
2012-07-31,,150.0,1800,BURGER
2012-08-01,,150.0,1720,BURGER
2012-08-02,,150.0,1800,BURGER
2012-08-03,,150.0,1800,BURGER
2012-08-04,,150.0,1320,BURGER
2012-08-05,,150.0,1280,BURGER
2012-08-06,,150.0,1720,BURGER
2012-08-07,,150.0,1800,BURGER
2012-08-08,,150.0,1880,BURGER
2012-08-09,,150.0,1840,BURGER
2012-08-10,,150.0,1720,BURGER
2012-08-11,,150.0,1240,BURGER
2012-08-12,,150.0,1160,BURGER
2012-08-13,,150.0,1880,BURGER
2012-08-14,,150.0,1800,BURGER
2012-08-15,,150.0,1800,BURGER
2012-08-16,,150.0,1760,BURGER
2012-08-17,,150.0,1880,BURGER
2012-08-18,,150.0,1240,BURGER
2012-08-19,,150.0,1280,BURGER
2012-08-20,,150.0,1720,BURGER
2012-08-21,,150.0,1800,BURGER
2012-08-22,,150.0,1760,BURGER
2012-08-23,,150.0,1760,BURGER
2012-08-24,,150.0,1720,BURGER
2012-08-25,,150.0,1240,BURGER
2012-08-26,,150.0,1240,BURGER
2012-08-27,,150.0,1880,BURGER
2012-08-28,,150.0,1800,BURGER
2012-08-29,,150.0,1760,BURGER
2012-08-30,,150.0,1800,BURGER
2012-08-31,,150.0,1880,BURGER
2012-09-01,,150.0,1280,BURGER
2012-09-02,,150.0,1160,BURGER
2012-09-03,,150.0,1800,BURGER
2012-09-04,,150.0,1800,BURGER
2012-09-05,,150.0,1840,BURGER
2012-09-06,,150.0,1720,BURGER
2012-09-07,,150.0,1800,BURGER
2012-09-08,,150.0,1320,BURGER
2012-09-09,,150.0,1280,BURGER
2012-09-10,Mid-Autumn Day,150.0,1320,BURGER
2012-09-11,Mid-Autumn Day,150.0,1160,BURGER
2012-09-12,Mid-Autumn Day,150.0,1200,BURGER
2012-09-13,,150.0,1720,BURGER
2012-09-14,,150.0,1800,BURGER
2012-09-15,,150.0,1280,BURGER
2012-09-16,,150.0,1280,BURGER
2012-09-17,,150.0,1720,BURGER
2012-09-18,,150.0,1760,BURGER
2012-09-19,,150.0,1840,BURGER
2012-09-20,,150.0,1760,BURGER
2012-09-21,,150.0,1720,BURGER
2012-09-22,,150.0,1240,BURGER
2012-09-23,,150.0,1320,BURGER
2012-09-24,,150.0,1880,BURGER
2012-09-25,,150.0,1800,BURGER
2012-09-26,,150.0,1880,BURGER
2012-09-27,,150.0,1800,BURGER
2012-09-28,,150.0,1720,BURGER
2012-09-29,,150.0,1280,BURGER
2012-09-30,,150.0,1160,BURGER
2012-10-01,National Day,150.0,1160,BURGER
2012-10-02,National Day,150.0,1160,BURGER
2012-10-03,National Day,150.0,1280,BURGER
2012-10-04,National Day,150.0,1320,BURGER
2012-10-05,National Day,150.0,1200,BURGER
2012-10-06,National Day,150.0,840,BURGER
2012-10-07,National Day,150.0,960,BURGER
2012-10-08,,150.0,1720,BURGER
2012-10-09,,150.0,1880,BURGER
2012-10-10,,150.0,1880,BURGER
2012-10-11,,150.0,1840,BURGER
2012-10-12,,150.0,1760,BURGER
2012-10-13,,150.0,1280,BURGER
2012-10-14,,150.0,1280,BURGER
2012-10-15,,150.0,1720,BURGER
2012-10-16,,150.0,1880,BURGER
2012-10-17,,150.0,1880,BURGER
2012-10-18,,150.0,1800,BURGER
2012-10-19,,150.0,1800,BURGER
2012-10-20,,150.0,1280,BURGER
2012-10-21,,150.0,1280,BURGER
2012-10-22,,150.0,1800,BURGER
2012-10-23,,150.0,1800,BURGER
2012-10-24,,150.0,1760,BURGER
2012-10-25,,150.0,1720,BURGER
2012-10-26,,150.0,1840,BURGER
2012-10-27,,150.0,1280,BURGER
2012-10-28,,150.0,1240,BURGER
2012-10-29,,150.0,1840,BURGER
2012-10-30,,150.0,1720,BURGER
2012-10-31,,150.0,1880,BURGER
2012-11-01,,150.0,1880,BURGER
2012-11-02,,150.0,1880,BURGER
2012-11-03,,150.0,1160,BURGER
2012-11-04,,150.0,1280,BURGER
2012-11-05,,150.0,1760,BURGER
2012-11-06,,150.0,1720,BURGER
2012-11-07,,150.0,1720,BURGER
2012-11-08,,150.0,1760,BURGER
2012-11-09,,150.0,1800,BURGER
2012-11-10,,150.0,1200,BURGER
2012-11-11,,150.0,1240,BURGER
2012-11-12,,150.0,1800,BURGER
2012-11-13,,150.0,1720,BURGER
2012-11-14,,150.0,1760,BURGER
2012-11-15,,150.0,1720,BURGER
2012-11-16,,150.0,1720,BURGER
2012-11-17,,150.0,1240,BURGER
2012-11-18,,150.0,1320,BURGER
2012-11-19,,150.0,1840,BURGER
2012-11-20,,150.0,1840,BURGER
2012-11-21,,150.0,1720,BURGER
2012-11-22,,150.0,1880,BURGER
2012-11-23,,150.0,1800,BURGER
2012-11-24,,150.0,1280,BURGER
2012-11-25,,150.0,1320,BURGER
2012-11-26,,150.0,1720,BURGER
2012-11-27,,150.0,1800,BURGER
2012-11-28,,150.0,1880,BURGER
2012-11-29,,150.0,1840,BURGER
2012-11-30,,150.0,1800,BURGER
2012-12-01,,150.0,1200,BURGER
2012-12-02,,150.0,1320,BURGER
2012-12-03,,150.0,1840,BURGER
2012-12-04,,150.0,1760,BURGER
2012-12-05,,150.0,1800,BURGER
2012-12-06,,150.0,1880,BURGER
2012-12-07,,150.0,2200,BURGER
2012-12-08,,150.0,1520,BURGER
2012-12-09,,150.0,1160,BURGER
2012-12-10,,150.0,1840,BURGER
2012-12-11,,150.0,1720,BURGER
2012-12-12,,150.0,1800,BURGER
2012-12-13,,150.0,1800,BURGER
2012-12-14,,150.0,2120,BURGER
2012-12-15,,150.0,1560,BURGER
2012-12-16,,150.0,1480,BURGER
2012-12-17,,150.0,2200,BURGER
2012-12-18,,150.0,2200,BURGER
2012-12-19,,150.0,1720,BURGER
2012-12-20,,150.0,1880,BURGER
2012-12-21,,150.0,2200,BURGER
2012-12-22,,150.0,1560,BURGER
2012-12-23,,150.0,1160,BURGER
2012-12-24,,150.0,2200,BURGER
2012-12-25,,150.0,2240,BURGER
2012-12-26,,150.0,1800,BURGER
2012-12-27,,155.0,1760,BURGER
2012-12-28,,155.0,2160,BURGER
2012-12-29,,155.0,1160,BURGER
2012-12-30,,155.0,1240,BURGER
2012-12-31,,155.0,2040,BURGER
2013-01-01,New Year,155.0,1200,BURGER
2013-01-02,New Year,155.0,1360,BURGER
2013-01-03,New Year,155.0,1400,BURGER
2013-01-04,,155.0,2000,BURGER
2013-01-05,,155.0,1360,BURGER
2013-01-06,,155.0,1440,BURGER
2013-01-07,,155.0,2000,BURGER
2013-01-08,,155.0,2000,BURGER
2013-01-09,,155.0,2040,BURGER
2013-01-10,,155.0,2080,BURGER
2013-01-11,,155.0,2040,BURGER
2013-01-12,,155.0,1480,BURGER
2013-01-13,,155.0,1400,BURGER
2013-01-14,,155.0,2000,BURGER
2013-01-15,,155.0,2000,BURGER
2013-01-16,,155.0,1680,BURGER
2013-01-17,,155.0,1640,BURGER
2013-01-18,,155.0,1680,BURGER
2013-01-19,,155.0,1160,BURGER
2013-01-20,,155.0,1400,BURGER
2013-01-21,,155.0,2000,BURGER
2013-01-22,Luner New Year,155.0,1480,BURGER
2013-01-23,Luner New Year,155.0,1360,BURGER
2013-01-24,Luner New Year,155.0,1480,BURGER
2013-01-25,Luner New Year,155.0,1360,BURGER
2013-01-26,Luner New Year,155.0,1080,BURGER
2013-01-27,Luner New Year,155.0,920,BURGER
2013-01-28,Luner New Year,155.0,1360,BURGER
2013-01-29,,155.0,2160,BURGER
2013-01-30,,155.0,2080,BURGER
2013-01-31,,155.0,2160,BURGER
2013-02-01,,155.0,2040,BURGER
2013-02-02,,155.0,1400,BURGER
2013-02-03,,155.0,1480,BURGER
2013-02-04,,155.0,2080,BURGER
2013-02-05,,155.0,2000,BURGER
2013-02-06,,155.0,2080,BURGER
2013-02-07,,155.0,2120,BURGER
2013-02-08,,155.0,2000,BURGER
2013-02-09,,155.0,1480,BURGER
2013-02-10,,155.0,1440,BURGER
2013-02-11,,155.0,2120,BURGER
2013-02-12,,155.0,1800,BURGER
2013-02-13,,155.0,1720,BURGER
2013-02-14,,155.0,2120,BURGER
2013-02-15,,155.0,1680,BURGER
2013-02-16,,155.0,1440,BURGER
2013-02-17,,155.0,1480,BURGER
2013-02-18,,155.0,2000,BURGER
2013-02-19,,155.0,1720,BURGER
2013-02-20,,155.0,1720,BURGER
2013-02-21,,155.0,1760,BURGER
2013-02-22,,155.0,1680,BURGER
2013-02-23,,155.0,1200,BURGER
2013-02-24,,155.0,1120,BURGER
2013-02-25,,155.0,1640,BURGER
2013-02-26,,155.0,1800,BURGER
2013-02-27,,155.0,1800,BURGER
2013-02-28,,155.0,1680,BURGER
2013-03-01,,155.0,1800,BURGER
2013-03-01,,126.4,480,BURGER
2013-03-01,,155.0,1800,BURGER
2013-03-01,,126.4,360,BURGER
2013-03-01,,155.0,1800,BURGER
2013-03-01,,126.4,480,BURGER
2013-03-01,,155.0,1800,BURGER
2013-03-01,,126.4,360,BURGER
2013-03-02,,155.0,1160,BURGER
2013-03-03,,155.0,1120,BURGER
2013-03-04,,155.0,1720,BURGER
2013-03-05,,155.0,1680,BURGER
2013-03-06,,155.0,1760,BURGER
2013-03-07,,155.0,1720,BURGER
2013-03-08,,155.0,1800,BURGER
2013-03-09,,155.0,1160,BURGER
2013-03-10,,155.0,1200,BURGER
2013-03-11,,155.0,2120,BURGER
2013-03-12,,155.0,1800,BURGER
2013-03-13,,155.0,1760,BURGER
2013-03-14,,155.0,1680,BURGER
2013-03-15,,155.0,1640,BURGER
2013-03-16,,155.0,1240,BURGER
2013-03-17,,155.0,1280,BURGER
2013-03-18,,155.0,1720,BURGER
2013-03-19,,155.0,1680,BURGER
2013-03-20,,155.0,1680,BURGER
2013-03-21,,155.0,1680,BURGER
2013-03-22,,155.0,1680,BURGER
2013-03-23,,155.0,1280,BURGER
2013-03-24,,155.0,1120,BURGER
2013-03-25,,155.0,1640,BURGER
2013-03-26,,155.0,1760,BURGER
2013-03-27,,155.0,1640,BURGER
2013-03-28,,155.0,1720,BURGER
2013-03-29,,155.0,1640,BURGER
2013-03-30,,155.0,1240,BURGER
2013-03-31,,155.0,1120,BURGER
2013-04-01,,155.0,1640,BURGER
2013-04-02,Qing Ming Festival,155.0,1200,BURGER
2013-04-03,Qing Ming Festival,155.0,1280,BURGER
2013-04-04,Qing Ming Festival,155.0,1240,BURGER
2013-04-05,,155.0,1680,BURGER
2013-04-06,,155.0,1120,BURGER
2013-04-07,,155.0,1160,BURGER
2013-04-08,,155.0,1760,BURGER
2013-04-09,,155.0,1760,BURGER
2013-04-10,,155.0,1680,BURGER
2013-04-11,,155.0,1680,BURGER
2013-04-12,,155.0,1760,BURGER
2013-04-13,,155.0,1280,BURGER
2013-04-14,,155.0,1240,BURGER
2013-04-15,,155.0,1680,BURGER
2013-04-16,,155.0,1640,BURGER
2013-04-17,,155.0,1680,BURGER
2013-04-18,,155.0,1640,BURGER
2013-04-19,,155.0,1760,BURGER
2013-04-20,,155.0,1160,BURGER
2013-04-21,,155.0,1200,BURGER
2013-04-22,,155.0,1640,BURGER
2013-04-23,,155.0,1640,BURGER
2013-04-24,,155.0,1800,BURGER
2013-04-25,,165.0,1600,BURGER
2013-04-26,,165.0,1640,BURGER
2013-04-27,,165.0,1080,BURGER
2013-04-28,,165.0,1160,BURGER
2013-04-29,Labor Day,165.0,1120,BURGER
2013-04-30,Labor Day,165.0,1000,BURGER
2013-05-01,Labor Day,165.0,1000,BURGER
2013-05-02,,165.0,1600,BURGER
2013-05-03,,165.0,1480,BURGER
2013-05-04,,165.0,1120,BURGER
2013-05-05,,165.0,1080,BURGER
2013-05-06,,165.0,1520,BURGER
2013-05-07,,165.0,1520,BURGER
2013-05-08,,165.0,1520,BURGER
2013-05-09,,165.0,1480,BURGER
2013-05-10,,165.0,1520,BURGER
2013-05-11,,165.0,1080,BURGER
2013-05-12,,165.0,1160,BURGER
2013-05-13,,165.0,1600,BURGER
2013-05-14,,165.0,1480,BURGER
2013-05-15,,165.0,1600,BURGER
2013-05-16,,165.0,1480,BURGER
2013-05-17,,165.0,1520,BURGER
2013-05-18,,165.0,1080,BURGER
2013-05-19,,165.0,1120,BURGER
2013-05-20,,165.0,1640,BURGER
2013-05-21,,165.0,1560,BURGER
2013-05-22,,165.0,1600,BURGER
2013-05-23,,165.0,1520,BURGER
2013-05-24,,165.0,1480,BURGER
2013-05-25,,165.0,1040,BURGER
2013-05-26,,165.0,1160,BURGER
2013-05-27,,165.0,1640,BURGER
2013-05-28,,165.0,1640,BURGER
2013-05-29,,165.0,1480,BURGER
2013-05-30,,165.0,1600,BURGER
2013-05-31,,165.0,1480,BURGER
2013-06-01,,165.0,1160,BURGER
2013-06-02,,165.0,1080,BURGER
2013-06-03,,165.0,1480,BURGER
2013-06-04,,165.0,1640,BURGER
2013-06-05,,165.0,1560,BURGER
2013-06-06,,165.0,1600,BURGER
2013-06-07,,165.0,1520,BURGER
2013-06-08,,165.0,1080,BURGER
2013-06-09,,165.0,1080,BURGER
2013-06-10,,165.0,1600,BURGER
2013-06-11,,165.0,1560,BURGER
2013-06-12,,165.0,1520,BURGER
2013-06-13,,165.0,1640,BURGER
2013-06-14,,165.0,1600,BURGER
2013-06-15,,165.0,1000,BURGER
2013-06-16,,165.0,1160,BURGER
2013-06-17,,165.0,1640,BURGER
2013-06-18,,165.0,1640,BURGER
2013-06-19,,165.0,1640,BURGER
2013-06-20,,165.0,1600,BURGER
2013-06-21,,165.0,1520,BURGER
2013-06-22,Dragon Boat Festivel,165.0,840,BURGER
2013-06-23,Dragon Boat Festivel,165.0,840,BURGER
2013-06-24,Dragon Boat Festivel,165.0,1160,BURGER
2013-06-25,,165.0,1560,BURGER
2013-06-26,,165.0,1600,BURGER
2013-06-27,,165.0,1520,BURGER
2013-06-28,,165.0,1640,BURGER
2013-06-29,,165.0,1120,BURGER
2013-06-30,,165.0,1040,BURGER
2013-07-01,,165.0,1520,BURGER
2013-07-02,,165.0,1600,BURGER
2013-07-03,,165.0,1640,BURGER
2013-07-04,,165.0,1480,BURGER
2013-07-05,,165.0,1560,BURGER
2013-07-06,,165.0,1120,BURGER
2013-07-07,,165.0,1120,BURGER
2013-07-08,,165.0,1520,BURGER
2013-07-09,,165.0,1600,BURGER
2013-07-10,,165.0,1600,BURGER
2013-07-11,,165.0,1600,BURGER
2013-07-12,,165.0,1600,BURGER
2013-07-13,,165.0,1120,BURGER
2013-07-14,,165.0,1120,BURGER
2013-07-15,,165.0,1640,BURGER
2013-07-16,,165.0,1560,BURGER
2013-07-17,,165.0,1640,BURGER
2013-07-18,,165.0,1560,BURGER
2013-07-19,,165.0,1560,BURGER
2013-07-20,,165.0,1160,BURGER
2013-07-21,,165.0,1000,BURGER
2013-07-22,,165.0,1520,BURGER
2013-07-23,,165.0,1480,BURGER
