cafe_transaction_store.csv
calendar_date,holiday,price,quantity,item_name
2013-07-24,,165.0,1560,BURGER
2013-07-25,,165.0,1520,BURGER
2013-07-26,,165.0,1480,BURGER
2013-07-27,,165.0,1080,BURGER
2013-07-28,,165.0,1120,BURGER
2013-07-29,,165.0,1520,BURGER
2013-07-30,,165.0,1560,BURGER
2013-07-31,,165.0,1640,BURGER
2013-08-01,,165.0,1520,BURGER
2013-08-02,,165.0,1920,BURGER
2013-08-03,,165.0,1400,BURGER
2013-08-04,,165.0,1080,BURGER
2013-08-05,,165.0,1600,BURGER
2013-08-06,,165.0,1520,BURGER
2013-08-07,,165.0,1600,BURGER
2013-08-08,,165.0,1840,BURGER
2013-08-09,,165.0,1800,BURGER
2013-08-10,,165.0,1160,BURGER
2013-08-11,,165.0,1040,BURGER
2013-08-12,,165.0,1600,BURGER
2013-08-13,,165.0,1600,BURGER
2013-08-14,,165.0,1560,BURGER
2013-08-15,,165.0,1560,BURGER
2013-08-16,,165.0,1560,BURGER
2013-08-17,,165.0,1160,BURGER
2013-08-18,,165.0,1080,BURGER
2013-08-19,,165.0,1600,BURGER
2013-08-20,,165.0,1520,BURGER
2013-08-21,,165.0,1640,BURGER
2013-08-22,,165.0,1520,BURGER
2013-08-23,,140.0,2000,BURGER
2013-08-24,,140.0,1320,BURGER
2013-08-25,,140.0,1360,BURGER
2013-08-26,,140.0,2040,BURGER
2013-08-27,,140.0,1920,BURGER
2013-08-28,,140.0,2440,BURGER
2013-08-29,,140.0,2440,BURGER
2013-08-30,,140.0,2440,BURGER
2013-08-31,,140.0,1280,BURGER
2013-09-01,,140.0,1280,BURGER
2013-09-02,,140.0,2080,BURGER
2013-09-03,,140.0,2040,BURGER
2013-09-04,,140.0,2040,BURGER
2013-09-05,,140.0,1920,BURGER
2013-09-06,,140.0,1960,BURGER
2013-09-07,,140.0,1440,BURGER
2013-09-08,,140.0,1440,BURGER
2013-09-09,,140.0,1960,BURGER
2013-09-10,,140.0,2080,BURGER
2013-09-11,,140.0,2000,BURGER
2013-09-12,,140.0,2000,BURGER
2013-09-13,,140.0,2040,BURGER
2013-09-14,,140.0,1440,BURGER
2013-09-15,,140.0,1280,BURGER
2013-09-16,,140.0,2080,BURGER
2013-09-17,,140.0,2040,BURGER
2013-09-18,,140.0,1920,BURGER
2013-09-19,,140.0,1920,BURGER
2013-09-20,,140.0,1960,BURGER
2013-09-21,,140.0,1440,BURGER
2013-09-22,,140.0,1360,BURGER
2013-09-23,,140.0,2080,BURGER
2013-09-24,,140.0,2000,BURGER
2013-09-25,,140.0,2000,BURGER
2013-09-26,,140.0,2000,BURGER
2013-09-27,,140.0,2080,BURGER
2013-09-28,,140.0,1360,BURGER
2013-09-29,,140.0,1280,BURGER
2013-09-30,Mid-Autumn Day,140.0,1280,BURGER
2013-10-01,National Day,140.0,1320,BURGER
2013-10-02,National Day,140.0,1320,BURGER
2013-10-03,National Day,140.0,1400,BURGER
2013-10-04,National Day,140.0,1400,BURGER
2013-10-05,National Day,140.0,960,BURGER
2013-10-06,National Day,140.0,1000,BURGER
2013-10-07,National Day,140.0,1320,BURGER
2013-10-08,,140.0,2000,BURGER
2013-10-09,,140.0,1960,BURGER
2013-10-10,,140.0,1920,BURGER
2013-10-11,,140.0,2000,BURGER
2013-10-12,,140.0,1280,BURGER
2013-10-13,,140.0,1400,BURGER
2013-10-14,,140.0,2080,BURGER
2013-10-15,,140.0,1920,BURGER
2013-10-16,,140.0,1960,BURGER
2013-10-17,,140.0,2000,BURGER
2013-10-18,,140.0,1920,BURGER
2013-10-19,,140.0,1400,BURGER
2013-10-20,,140.0,1360,BURGER
2013-10-21,,140.0,2000,BURGER
2013-10-22,,140.0,2040,BURGER
2013-10-23,,140.0,2000,BURGER
2013-10-24,,140.0,2040,BURGER
2013-10-25,,140.0,1960,BURGER
2013-10-26,,140.0,1440,BURGER
2013-10-27,,140.0,1320,BURGER
2013-10-28,,140.0,2080,BURGER
2013-10-29,,140.0,2040,BURGER
2013-10-30,,140.0,2080,BURGER
2013-10-31,,140.0,1960,BURGER
2013-11-01,,140.0,1920,BURGER
2013-11-02,,140.0,1440,BURGER
2013-11-03,,140.0,1400,BURGER
2013-11-04,,140.0,2040,BURGER
2013-11-05,,140.0,2040,BURGER
2013-11-06,,140.0,1920,BURGER
2013-11-07,,140.0,2080,BURGER
2013-11-08,,140.0,2080,BURGER
2013-11-09,,140.0,1280,BURGER
2013-11-10,,140.0,1440,BURGER
2013-11-11,,140.0,2040,BURGER
2013-11-12,,140.0,1920,BURGER
2013-11-13,,140.0,1960,BURGER
2013-11-14,,140.0,2080,BURGER
2013-11-15,,140.0,1920,BURGER
2013-11-16,,140.0,1400,BURGER
2013-11-17,,140.0,1440,BURGER
2013-11-18,,140.0,2000,BURGER
2013-11-19,,140.0,1960,BURGER
2013-11-20,,140.0,2080,BURGER
2013-11-21,,140.0,2080,BURGER
2013-11-22,,140.0,1960,BURGER
2013-11-23,,140.0,1280,BURGER
2013-11-24,,140.0,1440,BURGER
2013-11-25,,140.0,2080,BURGER
2013-11-26,,140.0,1920,BURGER
2013-11-27,,140.0,2040,BURGER
2013-11-28,,140.0,2480,BURGER
2013-11-29,,140.0,1960,BURGER
2013-11-30,,140.0,1560,BURGER
2013-12-01,,140.0,1600,BURGER
2013-12-02,,140.0,1920,BURGER
2013-12-03,,140.0,2400,BURGER
2013-12-04,,140.0,1920,BURGER
2013-12-05,,140.0,2360,BURGER
2013-12-06,,140.0,2360,BURGER
2013-12-07,,140.0,1680,BURGER
2013-12-08,,140.0,1600,BURGER
2013-12-09,,140.0,2400,BURGER
2013-12-10,,140.0,2320,BURGER
2013-12-11,,140.0,2440,BURGER
2013-12-12,,140.0,1960,BURGER
2013-12-13,,140.0,2080,BURGER
2013-12-14,,140.0,1280,BURGER
2013-12-15,,140.0,1320,BURGER
2013-12-16,,140.0,2040,BURGER
2013-12-17,,140.0,2320,BURGER
2013-12-18,,140.0,2360,BURGER
2013-12-19,,140.0,2480,BURGER
2013-12-20,,140.0,2040,BURGER
2013-12-21,,155.0,1440,BURGER
2013-12-22,,155.0,1200,BURGER
2013-12-23,,155.0,2040,BURGER
2013-12-24,,155.0,2160,BURGER
2013-12-25,,155.0,2160,BURGER
2013-12-26,,155.0,2080,BURGER
2013-12-27,,155.0,2160,BURGER
2013-12-28,,155.0,1360,BURGER
2013-12-29,,155.0,1360,BURGER
2013-12-30,,155.0,2120,BURGER
2013-12-31,,155.0,2080,BURGER
2014-01-01,New Year,155.0,1440,BURGER
2014-01-02,New Year,155.0,1520,BURGER
2014-01-03,New Year,155.0,1360,BURGER
2014-01-04,,155.0,1480,BURGER
2014-01-05,,155.0,1400,BURGER
2014-01-06,,155.0,2160,BURGER
2014-01-07,,155.0,2000,BURGER
2014-01-08,,155.0,2080,BURGER
2014-01-09,,155.0,2040,BURGER
2014-01-10,,155.0,2040,BURGER
2014-01-11,,155.0,1520,BURGER
2014-01-12,,155.0,1520,BURGER
2014-01-13,,155.0,2080,BURGER
2014-01-14,,155.0,1720,BURGER
2014-01-15,,155.0,2080,BURGER
2014-01-16,,155.0,2000,BURGER
2014-01-17,,155.0,2120,BURGER
2014-01-18,,155.0,1400,BURGER
2014-01-19,,155.0,1120,BURGER
2014-01-20,,155.0,2080,BURGER
2014-01-21,,155.0,2080,BURGER
2014-01-22,,155.0,2160,BURGER
2014-01-23,,155.0,2120,BURGER
2014-01-24,,155.0,2080,BURGER
2014-01-25,,155.0,1480,BURGER
2014-01-26,,155.0,1400,BURGER
2014-01-27,,155.0,2160,BURGER
2014-01-28,,155.0,1720,BURGER
2014-01-29,,155.0,1800,BURGER
2014-01-30,,155.0,1760,BURGER
2014-01-31,,155.0,1680,BURGER
2014-02-01,,155.0,1440,BURGER
2014-02-02,,155.0,1480,BURGER
2014-02-03,,155.0,1760,BURGER
2014-02-04,,155.0,2120,BURGER
2014-02-05,,155.0,2120,BURGER
2014-02-06,,155.0,2120,BURGER
2014-02-07,,155.0,2080,BURGER
2014-02-08,,155.0,1440,BURGER
2014-02-09,Luner New Year,155.0,1080,BURGER
2014-02-10,Luner New Year,155.0,1360,BURGER
2014-02-11,Luner New Year,155.0,1400,BURGER
2014-02-12,Luner New Year,155.0,1480,BURGER
2014-02-13,Luner New Year,155.0,1280,BURGER
2014-02-14,Luner New Year,155.0,1520,BURGER
2014-02-15,Luner New Year,155.0,1080,BURGER
2014-02-16,,155.0,1240,BURGER
2014-02-17,,155.0,1680,BURGER
2014-02-18,,155.0,2000,BURGER
2014-02-19,,155.0,2000,BURGER
2014-02-20,,155.0,2160,BURGER
2014-02-21,,155.0,1720,BURGER
2014-02-22,,155.0,1120,BURGER
2014-02-23,,155.0,1120,BURGER
2014-02-24,,155.0,1640,BURGER
2014-02-25,,155.0,1680,BURGER
2014-02-26,,155.0,1800,BURGER
2014-02-27,,155.0,1720,BURGER
2014-02-28,,155.0,1720,BURGER
2014-03-01,,155.0,1240,BURGER
2014-03-02,,155.0,1120,BURGER
2014-03-03,,155.0,1760,BURGER
2014-03-04,,155.0,1680,BURGER
2014-03-05,,155.0,1640,BURGER
2014-03-06,,155.0,1720,BURGER
2014-03-07,,155.0,1760,BURGER
2014-03-08,,155.0,1280,BURGER
2014-03-09,,155.0,1120,BURGER
2014-03-10,,155.0,1640,BURGER
2014-03-11,,155.0,1640,BURGER
2014-03-12,,155.0,1680,BURGER
2014-03-13,,155.0,1680,BURGER
2014-03-14,,155.0,1720,BURGER
2014-03-15,,155.0,1240,BURGER
2014-03-16,,155.0,1160,BURGER
2014-03-17,,155.0,1760,BURGER
2014-03-18,,155.0,1680,BURGER
2014-03-19,,155.0,1680,BURGER
2014-03-20,,155.0,1800,BURGER
2014-03-21,,155.0,1800,BURGER
2014-03-22,,155.0,1200,BURGER
2014-03-23,,155.0,1160,BURGER
2014-03-24,,155.0,1760,BURGER
2014-03-25,,155.0,1680,BURGER
2014-03-26,,155.0,1800,BURGER
2014-03-27,,155.0,1760,BURGER
2014-03-28,,155.0,1640,BURGER
2014-03-29,,155.0,1120,BURGER
2014-03-30,,155.0,1120,BURGER
2014-03-31,,155.0,1760,BURGER
2014-04-01,,155.0,1680,BURGER
2014-04-02,,155.0,1680,BURGER
2014-04-03,,155.0,1800,BURGER
2014-04-04,Qing Ming Festival,155.0,1240,BURGER
2014-04-05,Qing Ming Festival,155.0,840,BURGER
2014-04-06,Qing Ming Festival,155.0,760,BURGER
2014-04-07,,155.0,1800,BURGER
2014-04-08,,155.0,1680,BURGER
2014-04-09,,155.0,1800,BURGER
2014-04-10,,155.0,1720,BURGER
2014-04-11,,155.0,1760,BURGER
2014-04-12,,155.0,1240,BURGER
2014-04-13,,155.0,1280,BURGER
2014-04-14,,155.0,1720,BURGER
2014-04-15,,155.0,1720,BURGER
2014-04-16,,155.0,1760,BURGER
2014-04-17,,155.0,1760,BURGER
2014-04-18,,155.0,1680,BURGER
2014-04-19,,155.0,1120,BURGER
2014-04-20,,145.0,1240,BURGER
2014-04-21,,145.0,1960,BURGER
2014-04-22,,145.0,1800,BURGER
2014-04-23,,145.0,1880,BURGER
2014-04-24,,145.0,1960,BURGER
2014-04-25,,145.0,1880,BURGER
2014-04-26,,145.0,1280,BURGER
2014-04-27,,145.0,1280,BURGER
2014-04-28,,145.0,1920,BURGER
2014-04-29,Labor Day,145.0,1400,BURGER
2014-04-30,Labor Day,145.0,1320,BURGER
2014-05-01,Labor Day,145.0,1320,BURGER
2014-05-02,,145.0,1960,BURGER
2014-05-03,,145.0,1400,BURGER
2014-05-04,,145.0,1240,BURGER
2014-05-05,,145.0,1960,BURGER
2014-05-06,,145.0,1880,BURGER
2014-05-07,,145.0,1960,BURGER
2014-05-08,,145.0,1800,BURGER
2014-05-09,,145.0,1840,BURGER
2014-05-10,,145.0,1360,BURGER
2014-05-11,,145.0,1240,BURGER
2014-05-12,,145.0,1920,BURGER
2014-05-13,,145.0,1800,BURGER
2014-05-14,,145.0,1800,BURGER
2014-05-15,,145.0,1840,BURGER
2014-05-16,,145.0,1840,BURGER
2014-05-17,,145.0,1280,BURGER
2014-05-18,,145.0,1280,BURGER
2014-05-19,,145.0,1840,BURGER
2014-05-20,,145.0,1880,BURGER
2014-05-21,,145.0,1800,BURGER
2014-05-22,,145.0,1880,BURGER
2014-05-23,,145.0,1880,BURGER
2014-05-24,,145.0,1240,BURGER
2014-05-25,,145.0,1240,BURGER
2014-05-26,,145.0,1800,BURGER
2014-05-27,,145.0,1840,BURGER
2014-05-28,,145.0,1920,BURGER
2014-05-29,,145.0,1880,BURGER
2014-05-30,,145.0,1800,BURGER
2014-05-31,,145.0,1360,BURGER
2014-06-01,,145.0,1280,BURGER
2014-06-02,,145.0,1880,BURGER
2014-06-03,,145.0,1880,BURGER
2014-06-04,,145.0,1960,BURGER
2014-06-05,,145.0,1840,BURGER
2014-06-06,,145.0,1800,BURGER
2014-06-07,,145.0,1400,BURGER
2014-06-08,,145.0,1240,BURGER
2014-06-09,,145.0,1880,BURGER
2014-06-10,Dragon Boat Festivel,145.0,1240,BURGER
2014-06-11,Dragon Boat Festivel,145.0,1240,BURGER
2014-06-12,Dragon Boat Festivel,145.0,1320,BURGER
2014-06-13,,145.0,1840,BURGER
2014-06-14,,145.0,1360,BURGER
2014-06-15,,145.0,1400,BURGER
2014-06-16,,145.0,1920,BURGER
2014-06-17,,145.0,1960,BURGER
2014-06-18,,145.0,1920,BURGER
2014-06-19,,145.0,1960,BURGER
2014-06-20,,145.0,1840,BURGER
2014-06-21,,145.0,1280,BURGER
2014-06-22,,145.0,1360,BURGER
2014-06-23,,145.0,1800,BURGER
2014-06-24,,145.0,1920,BURGER
2014-06-25,,145.0,1920,BURGER
2014-06-26,,145.0,1800,BURGER
2014-06-27,,145.0,1880,BURGER
2014-06-28,,145.0,1280,BURGER
2014-06-29,,145.0,1320,BURGER
2014-06-30,,145.0,1880,BURGER
2014-07-01,,145.0,1920,BURGER
2014-07-02,,145.0,1800,BURGER
2014-07-03,,145.0,1960,BURGER
2014-07-04,,145.0,1800,BURGER
2014-07-05,,145.0,1280,BURGER
2014-07-06,,145.0,1240,BURGER
2014-07-07,,145.0,1800,BURGER
2014-07-08,,145.0,1960,BURGER
2014-07-09,,145.0,1880,BURGER
2014-07-10,,145.0,1880,BURGER
2014-07-11,,145.0,1840,BURGER
2014-07-12,,145.0,1320,BURGER
2014-07-13,,145.0,1240,BURGER
2014-07-14,,145.0,1920,BURGER
2014-07-15,,145.0,1800,BURGER
2014-07-16,,145.0,1920,BURGER
2014-07-17,,145.0,1840,BURGER
2014-07-18,,145.0,1840,BURGER
2014-07-19,,145.0,1360,BURGER
2014-07-20,,145.0,1240,BURGER
2014-07-21,,145.0,1960,BURGER
2014-07-22,,145.0,1840,BURGER
2014-07-23,,145.0,1960,BURGER
2014-07-24,,145.0,1840,BURGER
2014-07-25,,145.0,1960,BURGER
2014-07-26,,145.0,1240,BURGER
2014-07-27,,145.0,1400,BURGER
2014-07-28,,145.0,1800,BURGER
2014-07-29,,145.0,1800,BURGER
2014-07-30,,145.0,1840,BURGER
2014-07-31,,145.0,1840,BURGER
2014-08-01,,145.0,1920,BURGER
2014-08-02,,145.0,1280,BURGER
2014-08-03,,145.0,1280,BURGER
2014-08-04,,145.0,1920,BURGER
2014-08-05,,145.0,1880,BURGER
2014-08-06,,145.0,1800,BURGER
2014-08-07,,145.0,1840,BURGER
2014-08-08,,145.0,1840,BURGER
2014-08-09,,145.0,1320,BURGER
2014-08-10,,145.0,1320,BURGER
2014-08-11,,145.0,1920,BURGER
2014-08-12,,145.0,1880,BURGER
2014-08-13,,145.0,1800,BURGER
2014-08-14,,145.0,1840,BURGER
2014-08-15,,145.0,1960,BURGER
2014-08-16,,145.0,1320,BURGER
2014-08-17,,145.0,1240,BURGER
2014-08-18,,155.0,1680,BURGER
2014-08-19,,155.0,1720,BURGER
2014-08-20,,155.0,1640,BURGER
2014-08-21,,155.0,1760,BURGER
2014-08-22,,155.0,1760,BURGER
2014-08-23,,155.0,1120,BURGER
2014-08-24,,155.0,1280,BURGER
2014-08-25,,155.0,1680,BURGER
2014-08-26,,155.0,1720,BURGER
2014-08-27,,155.0,1800,BURGER
2014-08-28,,155.0,1800,BURGER
2014-08-29,,155.0,1800,BURGER
2014-08-30,,155.0,1240,BURGER
2014-08-31,,155.0,1200,BURGER
2014-09-01,,155.0,1760,BURGER
2014-09-02,,155.0,1720,BURGER
2014-09-03,,155.0,1720,BURGER
2014-09-04,,155.0,1720,BURGER
2014-09-05,,155.0,1760,BURGER
2014-09-06,,155.0,1160,BURGER
2014-09-07,,155.0,1280,BURGER
2014-09-08,,155.0,1760,BURGER
2014-09-09,,155.0,1640,BURGER
2014-09-10,,155.0,1640,BURGER
2014-09-11,,155.0,1680,BURGER
2014-09-12,,155.0,1760,BURGER
2014-09-13,,155.0,1120,BURGER
2014-09-14,,155.0,1240,BURGER
2014-09-15,,155.0,1800,BURGER
2014-09-16,,155.0,1800,BURGER
2014-09-17,,155.0,1640,BURGER
2014-09-18,,155.0,1800,BURGER
2014-09-19,Mid-Autumn Day,155.0,1240,BURGER
2014-09-20,Mid-Autumn Day,155.0,840,BURGER
2014-09-21,Mid-Autumn Day,155.0,920,BURGER
2014-09-22,,155.0,1760,BURGER
2014-09-23,,155.0,1800,BURGER
2014-09-24,,155.0,1800,BURGER
2014-09-25,,155.0,1720,BURGER
2014-09-26,,155.0,1640,BURGER
2014-09-27,,155.0,1280,BURGER
2014-09-28,,155.0,1160,BURGER
2014-09-29,,155.0,1720,BURGER
2014-09-30,,155.0,1800,BURGER
2014-10-01,National Day,155.0,1280,BURGER
2014-10-02,National Day,155.0,1160,BURGER
2014-10-03,National Day,155.0,1120,BURGER
2014-10-04,National Day,155.0,880,BURGER
2014-10-05,National Day,155.0,840,BURGER
2014-10-06,National Day,155.0,1160,BURGER
2014-10-07,National Day,155.0,1520,BURGER
2014-10-08,,155.0,2080,BURGER
2014-10-09,,155.0,1800,BURGER
2014-10-10,,155.0,1760,BURGER
2014-10-11,,155.0,1200,BURGER
2014-10-12,,155.0,1160,BURGER
2014-10-13,,155.0,1760,BURGER
2014-10-14,,155.0,1800,BURGER
2014-10-15,,155.0,1680,BURGER
2014-10-16,,155.0,1800,BURGER
2014-10-17,,155.0,1720,BURGER
2014-10-18,,155.0,1240,BURGER
2014-10-19,,155.0,1240,BURGER
2014-10-20,,155.0,1800,BURGER
2014-10-21,,155.0,1760,BURGER
2014-10-22,,155.0,1720,BURGER
2014-10-23,,155.0,1800,BURGER
2014-10-24,,155.0,1720,BURGER
2014-10-25,,155.0,1240,BURGER
2014-10-26,,155.0,1280,BURGER
2014-10-27,,155.0,1640,BURGER
2014-10-28,,155.0,1800,BURGER
2014-10-29,,155.0,1640,BURGER
2014-10-30,,155.0,1640,BURGER
2014-10-31,,155.0,1720,BURGER
2014-11-01,,155.0,1200,BURGER
2014-11-02,,155.0,1200,BURGER
2014-11-03,,155.0,1760,BURGER
2014-11-04,,155.0,1680,BURGER
2014-11-05,,155.0,1720,BURGER
2014-11-06,,155.0,1640,BURGER
2014-11-07,,155.0,1680,BURGER
2014-11-08,,155.0,1120,BURGER
2014-11-09,,155.0,1240,BURGER
2014-11-10,,155.0,1720,BURGER
2014-11-11,,155.0,1720,BURGER
2014-11-12,,155.0,1680,BURGER
2014-11-13,,155.0,1640,BURGER
2014-11-14,,155.0,1760,BURGER
2014-11-15,,155.0,1240,BURGER
2014-11-16,,155.0,1240,BURGER
2014-11-17,,155.0,1760,BURGER
2014-11-18,,155.0,1640,BURGER
2014-11-19,,155.0,1720,BURGER
2014-11-20,,155.0,1680,BURGER
2014-11-21,,155.0,1680,BURGER
2014-11-22,,155.0,1120,BURGER
2014-11-23,,155.0,1160,BURGER
2014-11-24,,155.0,1800,BURGER
2014-11-25,,155.0,1640,BURGER
2014-11-26,,155.0,1760,BURGER
2014-11-27,,155.0,1760,BURGER
2014-11-28,,155.0,1720,BURGER
2014-11-29,,155.0,1160,BURGER
2014-11-30,,155.0,1200,BURGER
2014-12-01,,155.0,1720,BURGER
2014-12-02,,155.0,1800,BURGER
2014-12-03,,155.0,1800,BURGER
2014-12-04,,155.0,1680,BURGER
2014-12-05,,155.0,1760,BURGER
2014-12-06,,155.0,1280,BURGER
2014-12-07,,155.0,1280,BURGER
2014-12-08,,155.0,1720,BURGER
2014-12-09,,155.0,1640,BURGER
2014-12-10,,155.0,1720,BURGER
2014-12-11,,155.0,1640,BURGER
2014-12-12,,155.0,2040,BURGER
2014-12-13,,155.0,1200,BURGER
2014-12-14,,155.0,1360,BURGER
2014-12-15,,155.0,1640,BURGER
2014-12-16,,140.0,1960,BURGER
2014-12-17,,140.0,2480,BURGER
2014-12-18,,140.0,2320,BURGER
2014-12-19,,140.0,2440,BURGER
2014-12-20,,140.0,1560,BURGER
2014-12-21,,140.0,1680,BURGER
2014-12-22,,140.0,2320,BURGER
2014-12-23,,140.0,2440,BURGER
2014-12-24,,140.0,2320,BURGER
2014-12-25,,140.0,2000,BURGER
2014-12-26,,140.0,2400,BURGER
2014-12-27,,140.0,1640,BURGER
2014-12-28,,140.0,1600,BURGER
2014-12-29,,140.0,2400,BURGER
2014-12-30,,140.0,1920,BURGER
2014-12-31,,140.0,1920,BURGER
2015-01-01,New Year,140.0,1320,BURGER
2015-01-02,,140.0,2040,BURGER
2015-01-03,,140.0,1360,BURGER
2015-01-04,,140.0,1400,BURGER
2015-01-05,,140.0,2080,BURGER
2015-01-06,,140.0,1960,BURGER
2015-01-07,,140.0,2080,BURGER
2015-01-08,,140.0,2400,BURGER
2015-01-09,,140.0,2480,BURGER
2015-01-10,,140.0,1600,BURGER
2015-01-11,,140.0,1440,BURGER
2015-01-12,,140.0,2440,BURGER
2015-01-13,,140.0,2320,BURGER
2015-01-14,,140.0,2440,BURGER
2015-01-15,,140.0,2080,BURGER
2015-01-16,,140.0,2000,BURGER
2015-01-17,,140.0,1560,BURGER
2015-01-18,,140.0,1360,BURGER
2015-01-19,,140.0,2000,BURGER
2015-01-20,,140.0,2000,BURGER
2015-01-21,,140.0,2360,BURGER
2015-01-22,,140.0,2000,BURGER
2015-01-23,,140.0,1920,BURGER
2015-01-24,,140.0,1400,BURGER
2015-01-25,,140.0,1400,BURGER
2015-01-26,,140.0,2080,BURGER
2015-01-27,,140.0,1920,BURGER
2015-01-28,,140.0,1920,BURGER
2015-01-29,,140.0,1920,BURGER
2015-01-30,,140.0,1920,BURGER
2015-01-31,Luner New Year,140.0,1000,BURGER
2015-02-01,Luner New Year,140.0,880,BURGER
2015-02-02,Luner New Year,140.0,1360,BURGER
2015-02-03,Luner New Year,140.0,1680,BURGER
2015-02-04,Luner New Year,140.0,1680,BURGER
2015-02-05,Luner New Year,140.0,1280,BURGER
2015-02-06,Luner New Year,140.0,1320,BURGER
2015-02-07,,140.0,1400,BURGER
2015-02-08,,140.0,1680,BURGER
2015-02-09,,140.0,2400,BURGER
2015-02-10,,140.0,2320,BURGER
2015-02-11,,140.0,2360,BURGER
2015-02-12,,140.0,2360,BURGER
2015-02-13,,140.0,2480,BURGER
2015-02-14,,140.0,1280,BURGER
2015-02-15,,140.0,1360,BURGER
2015-02-16,,140.0,2040,BURGER
2015-02-17,,140.0,1920,BURGER
2015-02-18,,140.0,2040,BURGER
2015-02-19,,140.0,2000,BURGER
2015-02-20,,140.0,2040,BURGER
2015-02-21,,140.0,1400,BURGER
