cafe_transaction_store.csv
calendar_date,holiday,price,quantity,item_name
2015-02-22,,140.0,1400,BURGER
2015-02-23,,140.0,1920,BURGER
2015-02-24,,140.0,2080,BURGER
2015-02-25,,140.0,1920,BURGER
2015-02-26,,140.0,1920,BURGER
2015-02-27,,140.0,2000,BURGER
2015-02-28,,140.0,1320,BURGER
2015-03-01,,140.0,1360,BURGER
2015-03-02,,140.0,1920,BURGER
2015-03-03,,140.0,2040,BURGER
2015-03-04,,140.0,1920,BURGER
2015-03-05,,140.0,1960,BURGER
2015-03-06,,140.0,2000,BURGER
2015-03-07,,140.0,1360,BURGER
2015-03-08,,140.0,1280,BURGER
2015-03-09,,140.0,2000,BURGER
2015-03-10,,140.0,1960,BURGER
2015-03-11,,140.0,1960,BURGER
2015-03-12,,140.0,1960,BURGER
2015-03-13,,140.0,1960,BURGER
2015-03-14,,140.0,1360,BURGER
2015-03-15,,140.0,1320,BURGER
2015-03-16,,140.0,2040,BURGER
2015-03-17,,140.0,1960,BURGER
2015-03-18,,140.0,2080,BURGER
2015-03-19,,140.0,1960,BURGER
2015-03-20,,140.0,2000,BURGER
2015-03-21,,140.0,1360,BURGER
2015-03-22,,140.0,1280,BURGER
2015-03-23,,140.0,2080,BURGER
2015-03-24,,140.0,2040,BURGER
2015-03-25,,140.0,2080,BURGER
2015-03-26,,140.0,1960,BURGER
2015-03-27,,140.0,2080,BURGER
2015-03-28,,140.0,1400,BURGER
2015-03-29,,140.0,1320,BURGER
2015-03-30,,140.0,1960,BURGER
2015-03-31,,140.0,2080,BURGER
2015-04-01,,140.0,2080,BURGER
2015-04-02,,140.0,1920,BURGER
2015-04-03,,140.0,2000,BURGER
2015-04-04,,140.0,1400,BURGER
2015-04-05,Qing Ming Festival,140.0,880,BURGER
2015-04-06,Qing Ming Festival,140.0,1400,BURGER
2015-04-07,Qing Ming Festival,140.0,1320,BURGER
2015-04-08,,140.0,1960,BURGER
2015-04-09,,140.0,2040,BURGER
2015-04-10,,140.0,1920,BURGER
2015-04-11,,140.0,1400,BURGER
2015-04-12,,140.0,1280,BURGER
2015-04-13,,140.0,2000,BURGER
2015-04-14,,140.0,1960,BURGER
2015-04-15,,160.0,1680,BURGER
2015-04-16,,160.0,1600,BURGER
2015-04-17,,160.0,1560,BURGER
2015-04-18,,160.0,1240,BURGER
2015-04-19,,160.0,1120,BURGER
2015-04-20,,160.0,1720,BURGER
2015-04-21,,160.0,1680,BURGER
2015-04-22,,160.0,1600,BURGER
2015-04-23,,160.0,1720,BURGER
2015-04-24,,160.0,1640,BURGER
2015-04-25,,160.0,1120,BURGER
2015-04-26,,160.0,1160,BURGER
2015-04-27,,160.0,1560,BURGER
2015-04-28,,160.0,1680,BURGER
2015-04-29,,160.0,1680,BURGER
2015-04-30,,160.0,1560,BURGER
2015-05-01,Labor Day,160.0,1120,BURGER
2015-05-02,Labor Day,160.0,840,BURGER
2015-05-03,Labor Day,160.0,880,BURGER
2015-05-04,,160.0,1640,BURGER
2015-05-05,,160.0,1680,BURGER
2015-05-06,,160.0,1600,BURGER
2015-05-07,,160.0,1640,BURGER
2015-05-08,,160.0,1600,BURGER
2015-05-09,,160.0,1080,BURGER
2015-05-10,,160.0,1120,BURGER
2015-05-11,,160.0,1560,BURGER
2015-05-12,,160.0,1680,BURGER
2015-05-13,,160.0,1560,BURGER
2015-05-14,,160.0,1600,BURGER
2015-05-15,,160.0,1560,BURGER
2015-05-16,,160.0,1120,BURGER
2015-05-17,,160.0,1160,BURGER
2015-05-18,,160.0,1720,BURGER
2015-05-19,,160.0,1560,BURGER
2015-05-20,,160.0,1640,BURGER
2015-05-21,,160.0,1560,BURGER
2015-05-22,,160.0,1600,BURGER
2015-05-23,,160.0,1080,BURGER
2015-05-24,,160.0,1080,BURGER
2015-05-25,,160.0,1680,BURGER
2015-05-26,,160.0,1640,BURGER
2015-05-27,,160.0,1600,BURGER
2015-05-28,,160.0,1640,BURGER
2015-05-29,,160.0,1720,BURGER
2015-05-30,,160.0,1120,BURGER
2015-05-31,Dragon Boat Festivel,160.0,800,BURGER
2015-06-01,Dragon Boat Festivel,160.0,1080,BURGER
2015-06-02,Dragon Boat Festivel,160.0,1240,BURGER
2015-06-03,,160.0,1680,BURGER
2015-06-04,,160.0,1600,BURGER
2015-06-05,,160.0,1600,BURGER
2015-06-06,,160.0,1120,BURGER
2015-06-07,,160.0,1200,BURGER
2015-06-08,,160.0,1680,BURGER
2015-06-09,,160.0,1720,BURGER
2015-06-10,,160.0,1680,BURGER
2015-06-11,,160.0,1560,BURGER
2015-06-12,,160.0,1680,BURGER
2015-06-13,,160.0,1160,BURGER
2015-06-14,,160.0,1200,BURGER
2015-06-15,,160.0,1600,BURGER
2015-06-16,,160.0,1600,BURGER
2015-06-17,,160.0,1720,BURGER
2015-06-18,,160.0,1640,BURGER
2015-06-19,,160.0,1640,BURGER
2015-06-20,,160.0,1080,BURGER
2015-06-21,,160.0,1120,BURGER
2015-06-22,,160.0,1720,BURGER
2015-06-23,,160.0,1640,BURGER
2015-06-24,,160.0,1720,BURGER
2015-06-25,,160.0,1600,BURGER
2015-06-26,,160.0,1720,BURGER
2015-06-27,,160.0,1160,BURGER
2015-06-28,,160.0,1160,BURGER
2015-06-29,,160.0,1560,BURGER
2015-06-30,,160.0,1680,BURGER
2015-07-01,,160.0,1640,BURGER
2015-07-02,,160.0,1720,BURGER
2015-07-03,,160.0,1600,BURGER
2015-07-04,,160.0,1240,BURGER
2015-07-05,,160.0,1160,BURGER
2015-07-06,,160.0,1720,BURGER
2015-07-07,,160.0,1680,BURGER
2015-07-08,,160.0,1680,BURGER
2015-07-09,,160.0,1720,BURGER
2015-07-10,,160.0,1720,BURGER
2015-07-11,,160.0,1120,BURGER
2015-07-12,,160.0,1240,BURGER
2015-07-13,,160.0,1600,BURGER
2015-07-14,,160.0,1680,BURGER
2015-07-15,,160.0,1680,BURGER
2015-07-16,,160.0,1600,BURGER
2015-07-17,,160.0,1600,BURGER
2015-07-18,,160.0,1240,BURGER
2015-07-19,,160.0,1120,BURGER
2015-07-20,,160.0,1600,BURGER
2015-07-21,,160.0,1560,BURGER
2015-07-22,,160.0,1640,BURGER
2015-07-23,,160.0,1680,BURGER
2015-07-24,,160.0,1720,BURGER
2015-07-25,,160.0,1160,BURGER
2015-07-26,,160.0,1200,BURGER
2015-07-27,,160.0,1680,BURGER
2015-07-28,,160.0,1680,BURGER
2015-07-29,,160.0,1640,BURGER
2015-07-30,,160.0,1560,BURGER
2015-07-31,,160.0,1600,BURGER
2015-08-01,,160.0,1240,BURGER
2015-08-02,,160.0,1160,BURGER
2015-08-03,,160.0,1600,BURGER
2015-08-04,,160.0,1680,BURGER
2015-08-05,,160.0,1720,BURGER
2015-08-06,,160.0,1720,BURGER
2015-08-07,,160.0,1680,BURGER
2015-08-08,,160.0,1160,BURGER
2015-08-09,,160.0,1080,BURGER
2015-08-10,,160.0,1720,BURGER
2015-08-11,,160.0,1560,BURGER
2015-08-12,,160.0,1720,BURGER
2015-08-13,,145.0,1960,BURGER
2015-08-14,,145.0,1960,BURGER
2015-08-15,,145.0,1360,BURGER
2015-08-16,,145.0,1240,BURGER
2015-08-17,,145.0,1920,BURGER
2015-08-18,,145.0,1920,BURGER
2015-08-19,,145.0,1880,BURGER
2015-08-20,,145.0,1920,BURGER
2015-08-21,,145.0,1800,BURGER
2015-08-22,,145.0,1360,BURGER
2015-08-23,,145.0,1280,BURGER
2015-08-24,,145.0,1840,BURGER
2015-08-25,,145.0,1840,BURGER
2015-08-26,,145.0,1960,BURGER
2015-08-27,,145.0,1840,BURGER
2015-08-28,,145.0,1800,BURGER
2015-08-29,,145.0,1360,BURGER
2015-08-30,,145.0,1280,BURGER
2015-08-31,,145.0,1800,BURGER
2015-09-01,,145.0,1880,BURGER
2015-09-02,,145.0,1800,BURGER
2015-09-03,WWII Celebration,145.0,1280,BURGER
2015-09-04,WWII Celebration,145.0,880,BURGER
2015-09-05,WWII Celebration,145.0,1280,BURGER
2015-09-06,,145.0,1880,BURGER
2015-09-07,,145.0,1960,BURGER
2015-09-08,,145.0,1800,BURGER
2015-09-09,,145.0,1920,BURGER
2015-09-10,,145.0,1920,BURGER
2012-01-01,New Year,127.30000000000001,440,COFFEE
2012-01-02,New Year,127.30000000000001,440,COFFEE
2012-01-03,New Year,127.30000000000001,520,COFFEE
2012-01-04,,127.30000000000001,520,COFFEE
2012-01-05,,127.30000000000001,720,COFFEE
2012-01-06,,127.30000000000001,760,COFFEE
2012-01-07,,127.30000000000001,480,COFFEE
2012-01-08,,127.30000000000001,520,COFFEE
2012-01-09,,127.30000000000001,680,COFFEE
2012-01-10,,127.30000000000001,800,COFFEE
2012-01-11,,127.30000000000001,640,COFFEE
2012-01-12,,127.30000000000001,640,COFFEE
2012-01-13,,127.30000000000001,800,COFFEE
2012-01-14,,127.30000000000001,480,COFFEE
2012-01-15,,127.30000000000001,440,COFFEE
2012-01-16,,127.30000000000001,800,COFFEE
2012-01-17,,127.30000000000001,760,COFFEE
2012-01-18,,127.30000000000001,800,COFFEE
2012-01-19,,127.30000000000001,640,COFFEE
2012-01-20,,127.30000000000001,720,COFFEE
2012-01-21,,127.30000000000001,440,COFFEE
2012-01-22,,127.30000000000001,600,COFFEE
2012-01-23,,127.30000000000001,760,COFFEE
2012-01-24,,127.30000000000001,720,COFFEE
2012-01-25,,127.30000000000001,760,COFFEE
2012-01-26,,127.30000000000001,760,COFFEE
2012-01-27,,127.30000000000001,560,COFFEE
2012-01-28,,127.30000000000001,480,COFFEE
2012-01-29,,127.30000000000001,440,COFFEE
2012-01-30,,127.30000000000001,680,COFFEE
2012-01-31,,127.30000000000001,600,COFFEE
2012-02-01,,127.30000000000001,560,COFFEE
2012-02-02,Luner New Year,127.30000000000001,360,COFFEE
2012-02-03,Luner New Year,127.30000000000001,400,COFFEE
2012-02-04,Luner New Year,127.30000000000001,240,COFFEE
2012-02-05,Luner New Year,127.30000000000001,240,COFFEE
2012-02-06,Luner New Year,127.30000000000001,520,COFFEE
2012-02-07,Luner New Year,127.30000000000001,360,COFFEE
2012-02-08,Luner New Year,127.30000000000001,400,COFFEE
2012-02-09,,127.30000000000001,560,COFFEE
2012-02-10,,127.30000000000001,520,COFFEE
2012-02-11,,127.30000000000001,520,COFFEE
2012-02-12,,127.30000000000001,520,COFFEE
2012-02-13,,127.30000000000001,600,COFFEE
2012-02-14,,127.30000000000001,640,COFFEE
2012-02-15,,127.30000000000001,600,COFFEE
2012-02-16,,127.30000000000001,640,COFFEE
2012-02-17,,127.30000000000001,520,COFFEE
2012-02-18,,127.30000000000001,360,COFFEE
2012-02-19,,127.30000000000001,520,COFFEE
2012-02-20,,127.30000000000001,520,COFFEE
2012-02-21,,127.30000000000001,520,COFFEE
2012-02-22,,127.30000000000001,600,COFFEE
2012-02-23,,127.30000000000001,600,COFFEE
2012-02-24,,127.30000000000001,560,COFFEE
2012-02-25,,127.30000000000001,440,COFFEE
2012-02-26,,127.30000000000001,440,COFFEE
2012-02-27,,127.30000000000001,600,COFFEE
2012-02-28,,127.30000000000001,520,COFFEE
2012-03-01,,127.30000000000001,640,COFFEE
2012-03-02,,127.30000000000001,680,COFFEE
2012-03-03,,127.30000000000001,520,COFFEE
2012-03-04,,127.30000000000001,520,COFFEE
2012-03-05,,127.30000000000001,680,COFFEE
2012-03-06,,127.30000000000001,520,COFFEE
2012-03-07,,127.30000000000001,680,COFFEE
2012-03-08,,127.30000000000001,560,COFFEE
2012-03-09,,127.30000000000001,680,COFFEE
2012-03-10,,127.30000000000001,440,COFFEE
2012-03-11,,127.30000000000001,400,COFFEE
2012-03-12,,127.30000000000001,680,COFFEE
2012-03-13,,127.30000000000001,560,COFFEE
2012-03-14,,127.30000000000001,560,COFFEE
2012-03-15,,127.30000000000001,520,COFFEE
2012-03-16,,127.30000000000001,640,COFFEE
2012-03-17,,127.30000000000001,440,COFFEE
2012-03-18,,127.30000000000001,400,COFFEE
2012-03-19,,127.30000000000001,600,COFFEE
2012-03-20,,127.30000000000001,600,COFFEE
2012-03-21,,127.30000000000001,560,COFFEE
2012-03-22,,127.30000000000001,560,COFFEE
2012-03-23,,127.30000000000001,680,COFFEE
2012-03-24,,127.30000000000001,400,COFFEE
2012-03-25,,127.30000000000001,480,COFFEE
2012-03-26,,127.30000000000001,560,COFFEE
2012-03-27,,127.30000000000001,680,COFFEE
2012-03-28,,127.30000000000001,680,COFFEE
2012-03-29,,127.30000000000001,600,COFFEE
2012-03-30,,127.30000000000001,680,COFFEE
2012-03-31,,127.30000000000001,400,COFFEE
2012-04-01,,127.30000000000001,400,COFFEE
2012-04-02,,127.30000000000001,520,COFFEE
2012-04-03,Qing Ming Festival,127.30000000000001,520,COFFEE
2012-04-04,Qing Ming Festival,127.30000000000001,440,COFFEE
2012-04-05,Qing Ming Festival,127.30000000000001,520,COFFEE
2012-04-06,,127.30000000000001,560,COFFEE
2012-04-07,,127.30000000000001,520,COFFEE
2012-04-08,,127.30000000000001,400,COFFEE
2012-04-09,,127.30000000000001,600,COFFEE
2012-04-10,,127.30000000000001,560,COFFEE
2012-04-11,,127.30000000000001,680,COFFEE
2012-04-12,,127.30000000000001,600,COFFEE
2012-04-13,,127.30000000000001,600,COFFEE
2012-04-14,,127.30000000000001,440,COFFEE
2012-04-15,,127.30000000000001,440,COFFEE
2012-04-16,,127.30000000000001,600,COFFEE
2012-04-17,,127.30000000000001,560,COFFEE
2012-04-18,,127.30000000000001,640,COFFEE
2012-04-19,,127.30000000000001,600,COFFEE
2012-04-20,,127.30000000000001,560,COFFEE
2012-04-21,,127.30000000000001,400,COFFEE
2012-04-22,,127.30000000000001,520,COFFEE
2012-04-23,,127.30000000000001,560,COFFEE
2012-04-24,,127.30000000000001,640,COFFEE
2012-04-25,,127.30000000000001,560,COFFEE
2012-04-26,,127.30000000000001,600,COFFEE
2012-04-27,,127.30000000000001,560,COFFEE
2012-04-28,,127.30000000000001,400,COFFEE
2012-04-29,,127.30000000000001,400,COFFEE
2012-04-30,Labor Day,127.30000000000001,440,COFFEE
2012-05-01,Labor Day,114.9,440,COFFEE
2012-05-02,Labor Day,114.9,480,COFFEE
2012-05-03,,114.9,640,COFFEE
2012-05-04,,114.9,600,COFFEE
2012-05-05,,114.9,400,COFFEE
2012-05-06,,114.9,480,COFFEE
2012-05-07,,114.9,680,COFFEE
2012-05-08,,114.9,720,COFFEE
2012-05-09,,114.9,640,COFFEE
2012-05-10,,114.9,720,COFFEE
2012-05-11,,114.9,720,COFFEE
2012-05-12,,114.9,520,COFFEE
2012-05-13,,114.9,560,COFFEE
2012-05-14,,114.9,720,COFFEE
2012-05-15,,114.9,640,COFFEE
2012-05-16,,114.9,640,COFFEE
2012-05-17,,114.9,640,COFFEE
2012-05-18,,114.9,760,COFFEE
2012-05-19,,114.9,480,COFFEE
2012-05-20,,114.9,520,COFFEE
2012-05-21,,114.9,760,COFFEE
2012-05-22,,114.9,600,COFFEE
2012-05-23,,114.9,760,COFFEE
2012-05-24,,114.9,640,COFFEE
2012-05-25,,114.9,720,COFFEE
2012-05-26,,114.9,520,COFFEE
2012-05-27,,114.9,480,COFFEE
2012-05-28,,114.9,680,COFFEE
2012-05-29,,114.9,760,COFFEE
2012-05-30,,114.9,760,COFFEE
2012-05-31,,114.9,600,COFFEE
2012-06-01,,114.9,680,COFFEE
2012-06-02,,114.9,440,COFFEE
2012-06-03,,114.9,440,COFFEE
2012-06-04,Dragon Boat Festivel,114.9,560,COFFEE
2012-06-05,Dragon Boat Festivel,114.9,480,COFFEE
2012-06-06,Dragon Boat Festivel,114.9,560,COFFEE
2012-06-07,,114.9,720,COFFEE
2012-06-08,,114.9,680,COFFEE
2012-06-09,,114.9,480,COFFEE
2012-06-10,,114.9,480,COFFEE
2012-06-11,,114.9,680,COFFEE
2012-06-12,,114.9,720,COFFEE
2012-06-13,,114.9,720,COFFEE
2012-06-14,,114.9,600,COFFEE
2012-06-15,,114.9,640,COFFEE
2012-06-16,,114.9,520,COFFEE
2012-06-17,,114.9,480,COFFEE
2012-06-18,,114.9,720,COFFEE
2012-06-19,,114.9,720,COFFEE
2012-06-20,,114.9,760,COFFEE
2012-06-21,,114.9,600,COFFEE
2012-06-22,,114.9,680,COFFEE
2012-06-23,,114.9,440,COFFEE
2012-06-24,,114.9,400,COFFEE
2012-06-25,,114.9,640,COFFEE
2012-06-26,,114.9,680,COFFEE
2012-06-27,,114.9,720,COFFEE
2012-06-28,,114.9,720,COFFEE
2012-06-29,,114.9,600,COFFEE
2012-06-30,,114.9,480,COFFEE
2012-07-01,,114.9,480,COFFEE
2012-07-02,,114.9,760,COFFEE
2012-07-03,,114.9,720,COFFEE
2012-07-04,,114.9,600,COFFEE
2012-07-05,,114.9,720,COFFEE
2012-07-06,,114.9,600,COFFEE
2012-07-07,,114.9,560,COFFEE
2012-07-08,,114.9,560,COFFEE
2012-07-09,,114.9,760,COFFEE
2012-07-10,,114.9,600,COFFEE
2012-07-11,,114.9,720,COFFEE
2012-07-12,,114.9,680,COFFEE
2012-07-13,,114.9,760,COFFEE
2012-07-14,,114.9,520,COFFEE
2012-07-15,,114.9,440,COFFEE
2012-07-16,,114.9,680,COFFEE
2012-07-17,,114.9,640,COFFEE
2012-07-18,,114.9,760,COFFEE
2012-07-19,,114.9,680,COFFEE
2012-07-20,,114.9,680,COFFEE
2012-07-21,,114.9,480,COFFEE
2012-07-22,,114.9,440,COFFEE
2012-07-23,,114.9,760,COFFEE
2012-07-24,,114.9,720,COFFEE
2012-07-25,,114.9,720,COFFEE
2012-07-26,,114.9,640,COFFEE
2012-07-27,,114.9,720,COFFEE
2012-07-28,,114.9,520,COFFEE
2012-07-29,,114.9,560,COFFEE
2012-07-30,,114.9,680,COFFEE
2012-07-31,,114.9,680,COFFEE
2012-08-01,,114.9,760,COFFEE
2012-08-02,,114.9,680,COFFEE
2012-08-03,,114.9,760,COFFEE
2012-08-04,,114.9,440,COFFEE
2012-08-05,,114.9,440,COFFEE
2012-08-06,,114.9,760,COFFEE
2012-08-07,,114.9,640,COFFEE
2012-08-08,,114.9,760,COFFEE
2012-08-09,,114.9,640,COFFEE
2012-08-10,,114.9,760,COFFEE
2012-08-11,,114.9,440,COFFEE
2012-08-12,,114.9,560,COFFEE
2012-08-13,,114.9,600,COFFEE
2012-08-14,,114.9,760,COFFEE
2012-08-15,,114.9,760,COFFEE
2012-08-16,,114.9,600,COFFEE
2012-08-17,,114.9,600,COFFEE
2012-08-18,,114.9,480,COFFEE
2012-08-19,,114.9,520,COFFEE
2012-08-20,,114.9,760,COFFEE
2012-08-21,,114.9,720,COFFEE
2012-08-22,,114.9,720,COFFEE
2012-08-23,,114.9,640,COFFEE
2012-08-24,,114.9,760,COFFEE
2012-08-25,,114.9,400,COFFEE
2012-08-26,,114.9,520,COFFEE
2012-08-27,,114.9,640,COFFEE
2012-08-28,,114.9,760,COFFEE
2012-08-29,,123.5,720,COFFEE
2012-08-30,,123.5,600,COFFEE
2012-08-31,,123.5,560,COFFEE
2012-09-01,,123.5,360,COFFEE
2012-09-02,,123.5,360,COFFEE
2012-09-03,,123.5,680,COFFEE
2012-09-04,,123.5,640,COFFEE
2012-09-05,,123.5,640,COFFEE
2012-09-06,,123.5,560,COFFEE
2012-09-07,,123.5,680,COFFEE
2012-09-08,,123.5,480,COFFEE
2012-09-09,,123.5,440,COFFEE
2012-09-10,Mid-Autumn Day,123.5,400,COFFEE
2012-09-11,Mid-Autumn Day,123.5,360,COFFEE
2012-09-12,Mid-Autumn Day,123.5,480,COFFEE
2012-09-13,,123.5,560,COFFEE
2012-09-14,,123.5,560,COFFEE
2012-09-15,,123.5,480,COFFEE
2012-09-16,,123.5,520,COFFEE
2012-09-17,,123.5,560,COFFEE
2012-09-18,,123.5,640,COFFEE
2012-09-19,,123.5,680,COFFEE
2012-09-20,,123.5,680,COFFEE
2012-09-21,,123.5,720,COFFEE
2012-09-22,,123.5,400,COFFEE
2012-09-23,,123.5,480,COFFEE
2012-09-24,,123.5,680,COFFEE
2012-09-25,,123.5,600,COFFEE
2012-09-26,,123.5,560,COFFEE
2012-09-27,,123.5,560,COFFEE
2012-09-28,,123.5,680,COFFEE
2012-09-29,,123.5,520,COFFEE
2012-09-30,,123.5,440,COFFEE
2012-10-01,National Day,123.5,480,COFFEE
2012-10-02,National Day,123.5,360,COFFEE
2012-10-03,National Day,123.5,520,COFFEE
2012-10-04,National Day,123.5,400,COFFEE
2012-10-05,National Day,123.5,480,COFFEE
2012-10-06,National Day,123.5,320,COFFEE
2012-10-07,National Day,123.5,280,COFFEE
2012-10-08,,123.5,640,COFFEE
2012-10-09,,123.5,720,COFFEE
2012-10-10,,123.5,720,COFFEE
2012-10-11,,123.5,600,COFFEE
2012-10-12,,123.5,600,COFFEE
2012-10-13,,123.5,440,COFFEE
2012-10-14,,123.5,480,COFFEE
2012-10-15,,123.5,560,COFFEE
2012-10-16,,123.5,560,COFFEE
2012-10-17,,123.5,680,COFFEE
2012-10-18,,123.5,680,COFFEE
2012-10-19,,123.5,560,COFFEE
2012-10-20,,123.5,480,COFFEE
2012-10-21,,123.5,400,COFFEE
2012-10-22,,123.5,680,COFFEE
2012-10-23,,123.5,640,COFFEE
2012-10-24,,123.5,560,COFFEE
2012-10-25,,123.5,640,COFFEE
2012-10-26,,123.5,640,COFFEE
2012-10-27,,123.5,480,COFFEE
2012-10-28,,123.5,360,COFFEE
2012-10-29,,123.5,680,COFFEE
2012-10-30,,123.5,680,COFFEE
2012-10-31,,123.5,640,COFFEE
2012-11-01,,123.5,600,COFFEE
2012-11-02,,123.5,720,COFFEE
2012-11-03,,123.5,480,COFFEE
2012-11-04,,123.5,520,COFFEE
2012-11-05,,123.5,680,COFFEE
2012-11-06,,123.5,640,COFFEE
2012-11-07,,123.5,640,COFFEE
2012-11-08,,123.5,680,COFFEE
2012-11-09,,123.5,600,COFFEE
2012-11-10,,123.5,400,COFFEE
2012-11-11,,123.5,440,COFFEE
2012-11-12,,123.5,560,COFFEE
2012-11-13,,123.5,640,COFFEE
2012-11-14,,123.5,680,COFFEE
2012-11-15,,123.5,720,COFFEE
2012-11-16,,123.5,680,COFFEE
2012-11-17,,123.5,520,COFFEE
2012-11-18,,123.5,360,COFFEE
2012-11-19,,123.5,680,COFFEE
2012-11-20,,123.5,720,COFFEE
2012-11-21,,123.5,720,COFFEE
2012-11-22,,123.5,640,COFFEE
2012-11-23,,123.5,560,COFFEE
2012-11-24,,123.5,400,COFFEE
2012-11-25,,123.5,480,COFFEE
2012-11-26,,123.5,640,COFFEE
2012-11-27,,123.5,720,COFFEE
2012-11-28,,123.5,600,COFFEE
2012-11-29,,123.5,640,COFFEE
2012-11-30,,123.5,560,COFFEE
2012-12-01,,123.5,440,COFFEE
2012-12-02,,123.5,520,COFFEE
