cafe_transaction_store.csv
calendar_date,holiday,price,quantity,item_name
2012-12-03,,123.5,640,COFFEE
2012-12-04,,123.5,640,COFFEE
2012-12-05,,123.5,560,COFFEE
2012-12-06,,123.5,680,COFFEE
2012-12-07,,123.5,800,COFFEE
2012-12-08,,123.5,520,COFFEE
2012-12-09,,123.5,400,COFFEE
2012-12-10,,123.5,680,COFFEE
2012-12-11,,123.5,720,COFFEE
2012-12-12,,123.5,720,COFFEE
2012-12-13,,123.5,560,COFFEE
2012-12-14,,123.5,800,COFFEE
2012-12-15,,123.5,440,COFFEE
2012-12-16,,123.5,480,COFFEE
2012-12-17,,123.5,720,COFFEE
2012-12-18,,123.5,760,COFFEE
2012-12-19,,123.5,560,COFFEE
2012-12-20,,123.5,640,COFFEE
2012-12-21,,123.5,760,COFFEE
2012-12-22,,123.5,560,COFFEE
2012-12-23,,123.5,440,COFFEE
2012-12-24,,123.5,760,COFFEE
2012-12-25,,123.5,800,COFFEE
2012-12-26,,123.5,680,COFFEE
2012-12-27,,131.3,480,COFFEE
2012-12-28,,131.3,640,COFFEE
2012-12-29,,131.3,520,COFFEE
2012-12-30,,131.3,480,COFFEE
2012-12-31,,131.3,760,COFFEE
2013-01-01,New Year,131.3,440,COFFEE
2013-01-02,New Year,131.3,560,COFFEE
2013-01-03,New Year,131.3,560,COFFEE
2013-01-04,,131.3,600,COFFEE
2013-01-05,,131.3,400,COFFEE
2013-01-06,,131.3,480,COFFEE
2013-01-07,,131.3,640,COFFEE
2013-01-08,,131.3,720,COFFEE
2013-01-09,,131.3,680,COFFEE
2013-01-10,,131.3,640,COFFEE
2013-01-11,,131.3,720,COFFEE
2013-01-12,,131.3,440,COFFEE
2013-01-13,,131.3,520,COFFEE
2013-01-14,,131.3,720,COFFEE
2013-01-15,,131.3,640,COFFEE
2013-01-16,,131.3,640,COFFEE
2013-01-17,,131.3,520,COFFEE
2013-01-18,,131.3,640,COFFEE
2013-01-19,,131.3,440,COFFEE
2013-01-20,,131.3,560,COFFEE
2013-01-21,,131.3,640,COFFEE
2013-01-22,Luner New Year,131.3,520,COFFEE
2013-01-23,Luner New Year,131.3,400,COFFEE
2013-01-24,Luner New Year,131.3,480,COFFEE
2013-01-25,Luner New Year,131.3,400,COFFEE
2013-01-26,Luner New Year,131.3,280,COFFEE
2013-01-27,Luner New Year,131.3,440,COFFEE
2013-01-28,Luner New Year,131.3,560,COFFEE
2013-01-29,,131.3,640,COFFEE
2013-01-30,,131.3,760,COFFEE
2013-01-31,,131.3,680,COFFEE
2013-02-01,,131.3,680,COFFEE
2013-02-02,,131.3,440,COFFEE
2013-02-03,,131.3,480,COFFEE
2013-02-04,,131.3,640,COFFEE
2013-02-05,,131.3,760,COFFEE
2013-02-06,,131.3,720,COFFEE
2013-02-07,,131.3,760,COFFEE
2013-02-08,,131.3,680,COFFEE
2013-02-09,,131.3,520,COFFEE
2013-02-10,,131.3,560,COFFEE
2013-02-11,,131.3,600,COFFEE
2013-02-12,,131.3,480,COFFEE
2013-02-13,,131.3,600,COFFEE
2013-02-14,,131.3,600,COFFEE
2013-02-15,,131.3,520,COFFEE
2013-02-16,,131.3,480,COFFEE
2013-02-17,,131.3,440,COFFEE
2013-02-18,,131.3,720,COFFEE
2013-02-19,,131.3,640,COFFEE
2013-02-20,,131.3,600,COFFEE
2013-02-21,,131.3,480,COFFEE
2013-02-22,,131.3,520,COFFEE
2013-02-23,,131.3,360,COFFEE
2013-02-24,,131.3,400,COFFEE
2013-02-25,,131.3,600,COFFEE
2013-02-26,,131.3,520,COFFEE
2013-02-27,,131.3,560,COFFEE
2013-02-28,,131.3,560,COFFEE
2013-03-01,,155.0,1800,COFFEE
2013-03-01,,126.4,440,COFFEE
2013-03-01,,155.0,1760,COFFEE
2013-03-01,,126.4,320,COFFEE
2013-03-01,,155.0,1800,COFFEE
2013-03-01,,126.4,440,COFFEE
2013-03-01,,155.0,1760,COFFEE
2013-03-01,,126.4,320,COFFEE
2013-03-02,,131.3,360,COFFEE
2013-03-03,,131.3,440,COFFEE
2013-03-04,,131.3,600,COFFEE
2013-03-05,,131.3,560,COFFEE
2013-03-06,,131.3,600,COFFEE
2013-03-07,,131.3,560,COFFEE
2013-03-08,,131.3,560,COFFEE
2013-03-09,,131.3,440,COFFEE
2013-03-10,,131.3,480,COFFEE
2013-03-11,,131.3,640,COFFEE
2013-03-12,,131.3,640,COFFEE
2013-03-13,,131.3,480,COFFEE
2013-03-14,,131.3,480,COFFEE
2013-03-15,,131.3,520,COFFEE
2013-03-16,,131.3,400,COFFEE
2013-03-17,,131.3,400,COFFEE
2013-03-18,,131.3,600,COFFEE
2013-03-19,,131.3,600,COFFEE
2013-03-20,,131.3,600,COFFEE
2013-03-21,,131.3,560,COFFEE
2013-03-22,,131.3,640,COFFEE
2013-03-23,,131.3,520,COFFEE
2013-03-24,,131.3,480,COFFEE
2013-03-25,,131.3,560,COFFEE
2013-03-26,,131.3,560,COFFEE
2013-03-27,,131.3,480,COFFEE
2013-03-28,,131.3,560,COFFEE
2013-03-29,,131.3,560,COFFEE
2013-03-30,,131.3,440,COFFEE
2013-03-31,,131.3,520,COFFEE
2013-04-01,,131.3,640,COFFEE
2013-04-02,Qing Ming Festival,131.3,360,COFFEE
2013-04-03,Qing Ming Festival,131.3,520,COFFEE
2013-04-04,Qing Ming Festival,131.3,480,COFFEE
2013-04-05,,131.3,600,COFFEE
2013-04-06,,131.3,360,COFFEE
2013-04-07,,131.3,480,COFFEE
2013-04-08,,131.3,600,COFFEE
2013-04-09,,131.3,520,COFFEE
2013-04-10,,131.3,560,COFFEE
2013-04-11,,131.3,600,COFFEE
2013-04-12,,131.3,560,COFFEE
2013-04-13,,131.3,440,COFFEE
2013-04-14,,131.3,360,COFFEE
2013-04-15,,131.3,560,COFFEE
2013-04-16,,131.3,480,COFFEE
2013-04-17,,131.3,560,COFFEE
2013-04-18,,131.3,640,COFFEE
2013-04-19,,131.3,640,COFFEE
2013-04-20,,131.3,440,COFFEE
2013-04-21,,131.3,520,COFFEE
2013-04-22,,131.3,480,COFFEE
2013-04-23,,131.3,600,COFFEE
2013-04-24,,131.3,600,COFFEE
2013-04-25,,130.8,560,COFFEE
2013-04-26,,130.8,680,COFFEE
2013-04-27,,130.8,440,COFFEE
2013-04-28,,130.8,360,COFFEE
2013-04-29,Labor Day,130.8,480,COFFEE
2013-04-30,Labor Day,130.8,400,COFFEE
2013-05-01,Labor Day,130.8,520,COFFEE
2013-05-02,,130.8,560,COFFEE
2013-05-03,,130.8,560,COFFEE
2013-05-04,,130.8,440,COFFEE
2013-05-05,,130.8,520,COFFEE
2013-05-06,,130.8,520,COFFEE
2013-05-07,,130.8,640,COFFEE
2013-05-08,,130.8,520,COFFEE
2013-05-09,,130.8,560,COFFEE
2013-05-10,,130.8,680,COFFEE
2013-05-11,,130.8,520,COFFEE
2013-05-12,,130.8,440,COFFEE
2013-05-13,,130.8,640,COFFEE
2013-05-14,,130.8,600,COFFEE
2013-05-15,,130.8,560,COFFEE
2013-05-16,,130.8,600,COFFEE
2013-05-17,,130.8,520,COFFEE
2013-05-18,,130.8,400,COFFEE
2013-05-19,,130.8,480,COFFEE
2013-05-20,,130.8,520,COFFEE
2013-05-21,,130.8,680,COFFEE
2013-05-22,,130.8,680,COFFEE
2013-05-23,,130.8,520,COFFEE
2013-05-24,,130.8,560,COFFEE
2013-05-25,,130.8,520,COFFEE
2013-05-26,,130.8,360,COFFEE
2013-05-27,,130.8,520,COFFEE
2013-05-28,,130.8,560,COFFEE
2013-05-29,,130.8,640,COFFEE
2013-05-30,,130.8,520,COFFEE
2013-05-31,,130.8,520,COFFEE
2013-06-01,,130.8,360,COFFEE
2013-06-02,,130.8,480,COFFEE
2013-06-03,,130.8,520,COFFEE
2013-06-04,,130.8,520,COFFEE
2013-06-05,,130.8,520,COFFEE
2013-06-06,,130.8,640,COFFEE
2013-06-07,,130.8,520,COFFEE
2013-06-08,,130.8,520,COFFEE
2013-06-09,,130.8,400,COFFEE
2013-06-10,,130.8,640,COFFEE
2013-06-11,,130.8,680,COFFEE
2013-06-12,,130.8,600,COFFEE
2013-06-13,,130.8,560,COFFEE
2013-06-14,,130.8,640,COFFEE
2013-06-15,,130.8,480,COFFEE
2013-06-16,,130.8,480,COFFEE
2013-06-17,,130.8,520,COFFEE
2013-06-18,,130.8,560,COFFEE
2013-06-19,,130.8,560,COFFEE
2013-06-20,,130.8,520,COFFEE
2013-06-21,,130.8,600,COFFEE
2013-06-22,Dragon Boat Festivel,130.8,280,COFFEE
2013-06-23,Dragon Boat Festivel,130.8,240,COFFEE
2013-06-24,Dragon Boat Festivel,130.8,440,COFFEE
2013-06-25,,130.8,680,COFFEE
2013-06-26,,130.8,680,COFFEE
2013-06-27,,130.8,600,COFFEE
2013-06-28,,130.8,600,COFFEE
2013-06-29,,130.8,520,COFFEE
2013-06-30,,130.8,440,COFFEE
2013-07-01,,130.8,520,COFFEE
2013-07-02,,130.8,640,COFFEE
2013-07-03,,130.8,560,COFFEE
2013-07-04,,130.8,680,COFFEE
2013-07-05,,130.8,680,COFFEE
2013-07-06,,130.8,480,COFFEE
2013-07-07,,130.8,400,COFFEE
2013-07-08,,130.8,600,COFFEE
2013-07-09,,130.8,680,COFFEE
2013-07-10,,130.8,680,COFFEE
2013-07-11,,130.8,640,COFFEE
2013-07-12,,130.8,560,COFFEE
2013-07-13,,130.8,400,COFFEE
2013-07-14,,130.8,400,COFFEE
2013-07-15,,130.8,640,COFFEE
2013-07-16,,130.8,560,COFFEE
2013-07-17,,130.8,560,COFFEE
2013-07-18,,130.8,600,COFFEE
2013-07-19,,130.8,600,COFFEE
2013-07-20,,130.8,480,COFFEE
2013-07-21,,130.8,520,COFFEE
2013-07-22,,130.8,520,COFFEE
2013-07-23,,130.8,680,COFFEE
2013-07-24,,130.8,520,COFFEE
2013-07-25,,130.8,600,COFFEE
2013-07-26,,130.8,680,COFFEE
2013-07-27,,130.8,440,COFFEE
2013-07-28,,130.8,520,COFFEE
2013-07-29,,130.8,520,COFFEE
2013-07-30,,130.8,680,COFFEE
2013-07-31,,130.8,680,COFFEE
2013-08-01,,130.8,520,COFFEE
2013-08-02,,130.8,640,COFFEE
2013-08-03,,130.8,560,COFFEE
2013-08-04,,130.8,360,COFFEE
2013-08-05,,130.8,680,COFFEE
2013-08-06,,130.8,640,COFFEE
2013-08-07,,130.8,520,COFFEE
2013-08-08,,130.8,600,COFFEE
2013-08-09,,130.8,640,COFFEE
2013-08-10,,130.8,400,COFFEE
2013-08-11,,130.8,400,COFFEE
2013-08-12,,130.8,680,COFFEE
2013-08-13,,130.8,680,COFFEE
2013-08-14,,130.8,600,COFFEE
2013-08-15,,130.8,600,COFFEE
2013-08-16,,130.8,600,COFFEE
2013-08-17,,130.8,440,COFFEE
2013-08-18,,130.8,400,COFFEE
2013-08-19,,130.8,680,COFFEE
2013-08-20,,130.8,640,COFFEE
2013-08-21,,130.8,560,COFFEE
2013-08-22,,130.8,600,COFFEE
2013-08-23,,109.7,800,COFFEE
2013-08-24,,109.7,600,COFFEE
2013-08-25,,109.7,520,COFFEE
2013-08-26,,109.7,720,COFFEE
2013-08-27,,109.7,720,COFFEE
2013-08-28,,109.7,760,COFFEE
2013-08-29,,109.7,880,COFFEE
2013-08-30,,109.7,760,COFFEE
2013-08-31,,109.7,440,COFFEE
2013-09-01,,109.7,600,COFFEE
2013-09-02,,109.7,680,COFFEE
2013-09-03,,109.7,760,COFFEE
2013-09-04,,109.7,640,COFFEE
2013-09-05,,109.7,640,COFFEE
2013-09-06,,109.7,760,COFFEE
2013-09-07,,109.7,440,COFFEE
2013-09-08,,109.7,520,COFFEE
2013-09-09,,109.7,800,COFFEE
2013-09-10,,109.7,760,COFFEE
2013-09-11,,109.7,640,COFFEE
2013-09-12,,109.7,640,COFFEE
2013-09-13,,109.7,680,COFFEE
2013-09-14,,109.7,560,COFFEE
2013-09-15,,109.7,600,COFFEE
2013-09-16,,109.7,760,COFFEE
2013-09-17,,109.7,800,COFFEE
2013-09-18,,109.7,720,COFFEE
2013-09-19,,109.7,720,COFFEE
2013-09-20,,109.7,640,COFFEE
2013-09-21,,109.7,520,COFFEE
2013-09-22,,109.7,560,COFFEE
2013-09-23,,109.7,800,COFFEE
2013-09-24,,109.7,800,COFFEE
2013-09-25,,109.7,680,COFFEE
2013-09-26,,109.7,760,COFFEE
2013-09-27,,109.7,800,COFFEE
2013-09-28,,109.7,440,COFFEE
2013-09-29,,109.7,480,COFFEE
2013-09-30,Mid-Autumn Day,109.7,600,COFFEE
2013-10-01,National Day,109.7,520,COFFEE
2013-10-02,National Day,109.7,560,COFFEE
2013-10-03,National Day,109.7,440,COFFEE
2013-10-04,National Day,109.7,440,COFFEE
2013-10-05,National Day,109.7,440,COFFEE
2013-10-06,National Day,109.7,400,COFFEE
2013-10-07,National Day,109.7,560,COFFEE
2013-10-08,,109.7,760,COFFEE
2013-10-09,,109.7,800,COFFEE
2013-10-10,,109.7,720,COFFEE
2013-10-11,,109.7,680,COFFEE
2013-10-12,,109.7,480,COFFEE
2013-10-13,,109.7,560,COFFEE
2013-10-14,,109.7,640,COFFEE
2013-10-15,,109.7,720,COFFEE
2013-10-16,,109.7,760,COFFEE
2013-10-17,,109.7,720,COFFEE
2013-10-18,,109.7,680,COFFEE
2013-10-19,,109.7,520,COFFEE
2013-10-20,,109.7,440,COFFEE
2013-10-21,,109.7,680,COFFEE
2013-10-22,,109.7,720,COFFEE
2013-10-23,,109.7,640,COFFEE
2013-10-24,,109.7,680,COFFEE
2013-10-25,,109.7,800,COFFEE
2013-10-26,,109.7,440,COFFEE
2013-10-27,,109.7,600,COFFEE
2013-10-28,,109.7,720,COFFEE
2013-10-29,,109.7,800,COFFEE
2013-10-30,,109.7,760,COFFEE
2013-10-31,,109.7,800,COFFEE
2013-11-01,,109.7,760,COFFEE
2013-11-02,,109.7,440,COFFEE
2013-11-03,,109.7,520,COFFEE
2013-11-04,,109.7,680,COFFEE
2013-11-05,,109.7,720,COFFEE
2013-11-06,,109.7,640,COFFEE
2013-11-07,,109.7,760,COFFEE
2013-11-08,,109.7,800,COFFEE
2013-11-09,,109.7,560,COFFEE
2013-11-10,,109.7,480,COFFEE
2013-11-11,,109.7,680,COFFEE
2013-11-12,,109.7,800,COFFEE
2013-11-13,,109.7,800,COFFEE
2013-11-14,,109.7,680,COFFEE
2013-11-15,,109.7,800,COFFEE
2013-11-16,,109.7,440,COFFEE
2013-11-17,,109.7,600,COFFEE
2013-11-18,,109.7,800,COFFEE
2013-11-19,,109.7,680,COFFEE
2013-11-20,,109.7,720,COFFEE
2013-11-21,,109.7,680,COFFEE
2013-11-22,,109.7,680,COFFEE
2013-11-23,,109.7,440,COFFEE
2013-11-24,,109.7,520,COFFEE
2013-11-25,,109.7,680,COFFEE
2013-11-26,,109.7,640,COFFEE
2013-11-27,,109.7,720,COFFEE
2013-11-28,,109.7,920,COFFEE
2013-11-29,,109.7,720,COFFEE
2013-11-30,,109.7,640,COFFEE
2013-12-01,,109.7,680,COFFEE
2013-12-02,,109.7,800,COFFEE
2013-12-03,,109.7,920,COFFEE
2013-12-04,,109.7,640,COFFEE
2013-12-05,,109.7,760,COFFEE
2013-12-06,,109.7,840,COFFEE
2013-12-07,,109.7,640,COFFEE
2013-12-08,,109.7,520,COFFEE
2013-12-09,,109.7,800,COFFEE
2013-12-10,,109.7,800,COFFEE
2013-12-11,,109.7,920,COFFEE
2013-12-12,,109.7,800,COFFEE
2013-12-13,,109.7,760,COFFEE
2013-12-14,,109.7,480,COFFEE
2013-12-15,,109.7,440,COFFEE
2013-12-16,,109.7,640,COFFEE
2013-12-17,,109.7,800,COFFEE
2013-12-18,,109.7,840,COFFEE
2013-12-19,,109.7,880,COFFEE
2013-12-20,,109.7,800,COFFEE
2013-12-21,,132.7,440,COFFEE
2013-12-22,,132.7,520,COFFEE
2013-12-23,,132.7,720,COFFEE
2013-12-24,,132.7,600,COFFEE
2013-12-25,,132.7,720,COFFEE
2013-12-26,,132.7,720,COFFEE
2013-12-27,,132.7,720,COFFEE
2013-12-28,,132.7,400,COFFEE
2013-12-29,,132.7,520,COFFEE
2013-12-30,,132.7,680,COFFEE
2013-12-31,,132.7,640,COFFEE
2014-01-01,New Year,132.7,440,COFFEE
2014-01-02,New Year,132.7,440,COFFEE
2014-01-03,New Year,132.7,520,COFFEE
2014-01-04,,132.7,440,COFFEE
2014-01-05,,132.7,520,COFFEE
2014-01-06,,132.7,600,COFFEE
2014-01-07,,132.7,760,COFFEE
2014-01-08,,132.7,760,COFFEE
2014-01-09,,132.7,760,COFFEE
2014-01-10,,132.7,760,COFFEE
2014-01-11,,132.7,560,COFFEE
2014-01-12,,132.7,440,COFFEE
2014-01-13,,132.7,760,COFFEE
2014-01-14,,132.7,480,COFFEE
2014-01-15,,132.7,720,COFFEE
2014-01-16,,132.7,760,COFFEE
2014-01-17,,132.7,720,COFFEE
2014-01-18,,132.7,480,COFFEE
2014-01-19,,132.7,520,COFFEE
2014-01-20,,132.7,760,COFFEE
2014-01-21,,132.7,640,COFFEE
2014-01-22,,132.7,720,COFFEE
2014-01-23,,132.7,640,COFFEE
2014-01-24,,132.7,600,COFFEE
2014-01-25,,132.7,560,COFFEE
2014-01-26,,132.7,480,COFFEE
2014-01-27,,132.7,720,COFFEE
2014-01-28,,132.7,600,COFFEE
2014-01-29,,132.7,560,COFFEE
2014-01-30,,132.7,560,COFFEE
2014-01-31,,132.7,600,COFFEE
2014-02-01,,132.7,520,COFFEE
2014-02-02,,132.7,480,COFFEE
2014-02-03,,132.7,600,COFFEE
2014-02-04,,132.7,680,COFFEE
2014-02-05,,132.7,720,COFFEE
2014-02-06,,132.7,760,COFFEE
2014-02-07,,132.7,600,COFFEE
2014-02-08,,132.7,520,COFFEE
2014-02-09,Luner New Year,132.7,280,COFFEE
2014-02-10,Luner New Year,132.7,520,COFFEE
2014-02-11,Luner New Year,132.7,400,COFFEE
2014-02-12,Luner New Year,132.7,440,COFFEE
2014-02-13,Luner New Year,132.7,520,COFFEE
2014-02-14,Luner New Year,132.7,480,COFFEE
2014-02-15,Luner New Year,132.7,400,COFFEE
2014-02-16,,132.7,480,COFFEE
2014-02-17,,132.7,560,COFFEE
2014-02-18,,132.7,680,COFFEE
2014-02-19,,132.7,600,COFFEE
2014-02-20,,132.7,720,COFFEE
2014-02-21,,132.7,560,COFFEE
2014-02-22,,132.7,440,COFFEE
2014-02-23,,132.7,520,COFFEE
2014-02-24,,132.7,520,COFFEE
2014-02-25,,132.7,520,COFFEE
2014-02-26,,132.7,480,COFFEE
2014-02-27,,132.7,520,COFFEE
2014-02-28,,132.7,520,COFFEE
2014-03-01,,132.7,520,COFFEE
2014-03-02,,132.7,520,COFFEE
2014-03-03,,132.7,640,COFFEE
2014-03-04,,132.7,560,COFFEE
2014-03-05,,132.7,560,COFFEE
2014-03-06,,132.7,480,COFFEE
2014-03-07,,132.7,480,COFFEE
2014-03-08,,132.7,480,COFFEE
2014-03-09,,132.7,440,COFFEE
2014-03-10,,132.7,640,COFFEE
2014-03-11,,132.7,480,COFFEE
2014-03-12,,132.7,480,COFFEE
2014-03-13,,132.7,560,COFFEE
2014-03-14,,132.7,600,COFFEE
2014-03-15,,132.7,440,COFFEE
2014-03-16,,132.7,520,COFFEE
2014-03-17,,132.7,600,COFFEE
2014-03-18,,132.7,640,COFFEE
2014-03-19,,132.7,520,COFFEE
2014-03-20,,132.7,560,COFFEE
2014-03-21,,132.7,600,COFFEE
2014-03-22,,132.7,480,COFFEE
2014-03-23,,132.7,440,COFFEE
2014-03-24,,132.7,640,COFFEE
2014-03-25,,132.7,600,COFFEE
2014-03-26,,132.7,520,COFFEE
2014-03-27,,132.7,520,COFFEE
2014-03-28,,132.7,560,COFFEE
2014-03-29,,132.7,440,COFFEE
2014-03-30,,132.7,400,COFFEE
2014-03-31,,132.7,600,COFFEE
2014-04-01,,132.7,480,COFFEE
2014-04-02,,132.7,640,COFFEE
2014-04-03,,132.7,480,COFFEE
2014-04-04,Qing Ming Festival,132.7,480,COFFEE
2014-04-05,Qing Ming Festival,132.7,400,COFFEE
2014-04-06,Qing Ming Festival,132.7,320,COFFEE
2014-04-07,,132.7,600,COFFEE
2014-04-08,,132.7,640,COFFEE
2014-04-09,,132.7,560,COFFEE
2014-04-10,,132.7,640,COFFEE
2014-04-11,,132.7,520,COFFEE
2014-04-12,,132.7,400,COFFEE
2014-04-13,,132.7,440,COFFEE
2014-04-14,,132.7,560,COFFEE
2014-04-15,,132.7,480,COFFEE
2014-04-16,,132.7,520,COFFEE
2014-04-17,,132.7,480,COFFEE
2014-04-18,,132.7,640,COFFEE
2014-04-19,,132.7,480,COFFEE
2014-04-20,,121.4,480,COFFEE
2014-04-21,,121.4,560,COFFEE
2014-04-22,,121.4,600,COFFEE
2014-04-23,,121.4,720,COFFEE
2014-04-24,,121.4,720,COFFEE
2014-04-25,,121.4,640,COFFEE
2014-04-26,,121.4,440,COFFEE
2014-04-27,,121.4,400,COFFEE
2014-04-28,,121.4,720,COFFEE
2014-04-29,Labor Day,121.4,400,COFFEE
2014-04-30,Labor Day,121.4,440,COFFEE
2014-05-01,Labor Day,121.4,480,COFFEE
2014-05-02,,121.4,720,COFFEE
2014-05-03,,121.4,520,COFFEE
2014-05-04,,121.4,480,COFFEE
2014-05-05,,121.4,560,COFFEE
2014-05-06,,121.4,680,COFFEE
2014-05-07,,121.4,560,COFFEE
2014-05-08,,121.4,560,COFFEE
2014-05-09,,121.4,600,COFFEE
2014-05-10,,121.4,560,COFFEE
2014-05-11,,121.4,440,COFFEE
2014-05-12,,121.4,560,COFFEE
2014-05-13,,121.4,640,COFFEE
2014-05-14,,121.4,640,COFFEE
2014-05-15,,121.4,720,COFFEE
2014-05-16,,121.4,560,COFFEE
2014-05-17,,121.4,400,COFFEE
2014-05-18,,121.4,400,COFFEE
2014-05-19,,121.4,640,COFFEE
2014-05-20,,121.4,640,COFFEE
2014-05-21,,121.4,640,COFFEE
2014-05-22,,121.4,560,COFFEE
2014-05-23,,121.4,600,COFFEE
2014-05-24,,121.4,400,COFFEE
2014-05-25,,121.4,400,COFFEE
2014-05-26,,121.4,600,COFFEE
2014-05-27,,121.4,640,COFFEE
2014-05-28,,121.4,560,COFFEE
2014-05-29,,121.4,640,COFFEE
2014-05-30,,121.4,680,COFFEE
2014-05-31,,121.4,480,COFFEE
2014-06-01,,121.4,520,COFFEE
2014-06-02,,121.4,720,COFFEE
2014-06-03,,121.4,680,COFFEE
2014-06-04,,121.4,600,COFFEE
2014-06-05,,121.4,600,COFFEE
2014-06-06,,121.4,720,COFFEE
2014-06-07,,121.4,560,COFFEE
2014-06-08,,121.4,560,COFFEE
2014-06-09,,121.4,680,COFFEE
2014-06-10,Dragon Boat Festivel,121.4,400,COFFEE
2014-06-11,Dragon Boat Festivel,121.4,520,COFFEE
2014-06-12,Dragon Boat Festivel,121.4,480,COFFEE
2014-06-13,,121.4,560,COFFEE
2014-06-14,,121.4,560,COFFEE
2014-06-15,,121.4,440,COFFEE
2014-06-16,,121.4,720,COFFEE
2014-06-17,,121.4,680,COFFEE
2014-06-18,,121.4,680,COFFEE
2014-06-19,,121.4,720,COFFEE
2014-06-20,,121.4,600,COFFEE
2014-06-21,,121.4,560,COFFEE
2014-06-22,,121.4,480,COFFEE
2014-06-23,,121.4,680,COFFEE
2014-06-24,,121.4,560,COFFEE
2014-06-25,,121.4,640,COFFEE
2014-06-26,,121.4,720,COFFEE
2014-06-27,,121.4,640,COFFEE
2014-06-28,,121.4,560,COFFEE
2014-06-29,,121.4,440,COFFEE
2014-06-30,,121.4,560,COFFEE
2014-07-01,,121.4,600,COFFEE
2014-07-02,,121.4,680,COFFEE
2014-07-03,,121.4,680,COFFEE
2014-07-04,,121.4,640,COFFEE
2014-07-05,,121.4,560,COFFEE
2014-07-06,,121.4,400,COFFEE
2014-07-07,,121.4,640,COFFEE
2014-07-08,,121.4,640,COFFEE
2014-07-09,,121.4,640,COFFEE
2014-07-10,,121.4,720,COFFEE
2014-07-11,,121.4,680,COFFEE
2014-07-12,,121.4,440,COFFEE
2014-07-13,,121.4,480,COFFEE
2014-07-14,,121.4,640,COFFEE
