cafe_transaction_store.csv
calendar_date,holiday,price,quantity,item_name
2014-07-15,,121.4,680,COFFEE
2014-07-16,,121.4,600,COFFEE
2014-07-17,,121.4,640,COFFEE
2014-07-18,,121.4,640,COFFEE
2014-07-19,,121.4,440,COFFEE
2014-07-20,,121.4,520,COFFEE
2014-07-21,,121.4,640,COFFEE
2014-07-22,,121.4,720,COFFEE
2014-07-23,,121.4,560,COFFEE
2014-07-24,,121.4,560,COFFEE
2014-07-25,,121.4,680,COFFEE
2014-07-26,,121.4,400,COFFEE
2014-07-27,,121.4,520,COFFEE
2014-07-28,,121.4,720,COFFEE
2014-07-29,,121.4,680,COFFEE
2014-07-30,,121.4,720,COFFEE
2014-07-31,,121.4,680,COFFEE
2014-08-01,,121.4,640,COFFEE
2014-08-02,,121.4,440,COFFEE
2014-08-03,,121.4,560,COFFEE
2014-08-04,,121.4,640,COFFEE
2014-08-05,,121.4,640,COFFEE
2014-08-06,,121.4,720,COFFEE
2014-08-07,,121.4,720,COFFEE
2014-08-08,,121.4,640,COFFEE
2014-08-09,,121.4,400,COFFEE
2014-08-10,,121.4,480,COFFEE
2014-08-11,,121.4,640,COFFEE
2014-08-12,,121.4,600,COFFEE
2014-08-13,,121.4,640,COFFEE
2014-08-14,,121.4,680,COFFEE
2014-08-15,,121.4,600,COFFEE
2014-08-16,,121.4,560,COFFEE
2014-08-17,,121.4,480,COFFEE
2014-08-18,,128.7,680,COFFEE
2014-08-19,,128.7,680,COFFEE
2014-08-20,,128.7,520,COFFEE
2014-08-21,,128.7,680,COFFEE
2014-08-22,,128.7,520,COFFEE
2014-08-23,,128.7,360,COFFEE
2014-08-24,,128.7,520,COFFEE
2014-08-25,,128.7,560,COFFEE
2014-08-26,,128.7,680,COFFEE
2014-08-27,,128.7,600,COFFEE
2014-08-28,,128.7,520,COFFEE
2014-08-29,,128.7,600,COFFEE
2014-08-30,,128.7,440,COFFEE
2014-08-31,,128.7,360,COFFEE
2014-09-01,,128.7,600,COFFEE
2014-09-02,,128.7,600,COFFEE
2014-09-03,,128.7,560,COFFEE
2014-09-04,,128.7,600,COFFEE
2014-09-05,,128.7,560,COFFEE
2014-09-06,,128.7,520,COFFEE
2014-09-07,,128.7,440,COFFEE
2014-09-08,,128.7,640,COFFEE
2014-09-09,,128.7,640,COFFEE
2014-09-10,,128.7,640,COFFEE
2014-09-11,,128.7,600,COFFEE
2014-09-12,,128.7,600,COFFEE
2014-09-13,,128.7,360,COFFEE
2014-09-14,,128.7,440,COFFEE
2014-09-15,,128.7,640,COFFEE
2014-09-16,,128.7,640,COFFEE
2014-09-17,,128.7,680,COFFEE
2014-09-18,,128.7,680,COFFEE
2014-09-19,Mid-Autumn Day,128.7,360,COFFEE
2014-09-20,Mid-Autumn Day,128.7,320,COFFEE
2014-09-21,Mid-Autumn Day,128.7,320,COFFEE
2014-09-22,,128.7,680,COFFEE
2014-09-23,,128.7,560,COFFEE
2014-09-24,,128.7,640,COFFEE
2014-09-25,,128.7,640,COFFEE
2014-09-26,,128.7,520,COFFEE
2014-09-27,,128.7,440,COFFEE
2014-09-28,,128.7,480,COFFEE
2014-09-29,,128.7,520,COFFEE
2014-09-30,,128.7,600,COFFEE
2014-10-01,National Day,128.7,480,COFFEE
2014-10-02,National Day,128.7,360,COFFEE
2014-10-03,National Day,128.7,440,COFFEE
2014-10-04,National Day,128.7,400,COFFEE
2014-10-05,National Day,128.7,280,COFFEE
2014-10-06,National Day,128.7,480,COFFEE
2014-10-07,National Day,128.7,440,COFFEE
2014-10-08,,128.7,640,COFFEE
2014-10-09,,128.7,680,COFFEE
2014-10-10,,128.7,680,COFFEE
2014-10-11,,128.7,360,COFFEE
2014-10-12,,128.7,360,COFFEE
2014-10-13,,128.7,600,COFFEE
2014-10-14,,128.7,640,COFFEE
2014-10-15,,128.7,600,COFFEE
2014-10-16,,128.7,520,COFFEE
2014-10-17,,128.7,680,COFFEE
2014-10-18,,128.7,360,COFFEE
2014-10-19,,128.7,360,COFFEE
2014-10-20,,128.7,600,COFFEE
2014-10-21,,128.7,560,COFFEE
2014-10-22,,128.7,560,COFFEE
2014-10-23,,128.7,560,COFFEE
2014-10-24,,128.7,680,COFFEE
2014-10-25,,128.7,520,COFFEE
2014-10-26,,128.7,440,COFFEE
2014-10-27,,128.7,680,COFFEE
2014-10-28,,128.7,640,COFFEE
2014-10-29,,128.7,600,COFFEE
2014-10-30,,128.7,640,COFFEE
2014-10-31,,128.7,640,COFFEE
2014-11-01,,128.7,400,COFFEE
2014-11-02,,128.7,520,COFFEE
2014-11-03,,128.7,520,COFFEE
2014-11-04,,128.7,640,COFFEE
2014-11-05,,128.7,600,COFFEE
2014-11-06,,128.7,600,COFFEE
2014-11-07,,128.7,640,COFFEE
2014-11-08,,128.7,440,COFFEE
2014-11-09,,128.7,520,COFFEE
2014-11-10,,128.7,600,COFFEE
2014-11-11,,128.7,520,COFFEE
2014-11-12,,128.7,680,COFFEE
2014-11-13,,128.7,520,COFFEE
2014-11-14,,128.7,680,COFFEE
2014-11-15,,128.7,480,COFFEE
2014-11-16,,128.7,360,COFFEE
2014-11-17,,128.7,600,COFFEE
2014-11-18,,128.7,560,COFFEE
2014-11-19,,128.7,600,COFFEE
2014-11-20,,128.7,520,COFFEE
2014-11-21,,128.7,560,COFFEE
2014-11-22,,128.7,440,COFFEE
2014-11-23,,128.7,360,COFFEE
2014-11-24,,128.7,680,COFFEE
2014-11-25,,128.7,520,COFFEE
2014-11-26,,128.7,560,COFFEE
2014-11-27,,128.7,680,COFFEE
2014-11-28,,128.7,640,COFFEE
2014-11-29,,128.7,520,COFFEE
2014-11-30,,128.7,360,COFFEE
2014-12-01,,128.7,520,COFFEE
2014-12-02,,128.7,520,COFFEE
2014-12-03,,128.7,520,COFFEE
2014-12-04,,128.7,600,COFFEE
2014-12-05,,128.7,520,COFFEE
2014-12-06,,128.7,360,COFFEE
2014-12-07,,128.7,400,COFFEE
2014-12-08,,128.7,600,COFFEE
2014-12-09,,128.7,600,COFFEE
2014-12-10,,128.7,680,COFFEE
2014-12-11,,128.7,680,COFFEE
2014-12-12,,128.7,760,COFFEE
2014-12-13,,128.7,440,COFFEE
2014-12-14,,128.7,560,COFFEE
2014-12-15,,128.7,560,COFFEE
2014-12-16,,115.3,760,COFFEE
2014-12-17,,115.3,880,COFFEE
2014-12-18,,115.3,840,COFFEE
2014-12-19,,115.3,760,COFFEE
2014-12-20,,115.3,600,COFFEE
2014-12-21,,115.3,520,COFFEE
2014-12-22,,115.3,760,COFFEE
2014-12-23,,115.3,720,COFFEE
2014-12-24,,115.3,720,COFFEE
2014-12-25,,115.3,600,COFFEE
2014-12-26,,115.3,720,COFFEE
2014-12-27,,115.3,640,COFFEE
2014-12-28,,115.3,480,COFFEE
2014-12-29,,115.3,760,COFFEE
2014-12-30,,115.3,600,COFFEE
2014-12-31,,115.3,640,COFFEE
2015-01-01,New Year,115.3,480,COFFEE
2015-01-02,,115.3,600,COFFEE
2015-01-03,,115.3,400,COFFEE
2015-01-04,,115.3,560,COFFEE
2015-01-05,,115.3,720,COFFEE
2015-01-06,,115.3,600,COFFEE
2015-01-07,,115.3,600,COFFEE
2015-01-08,,115.3,840,COFFEE
2015-01-09,,115.3,840,COFFEE
2015-01-10,,115.3,480,COFFEE
2015-01-11,,115.3,400,COFFEE
2015-01-12,,115.3,760,COFFEE
2015-01-13,,115.3,760,COFFEE
2015-01-14,,115.3,840,COFFEE
2015-01-15,,115.3,720,COFFEE
2015-01-16,,115.3,640,COFFEE
2015-01-17,,115.3,480,COFFEE
2015-01-18,,115.3,400,COFFEE
2015-01-19,,115.3,760,COFFEE
2015-01-20,,115.3,600,COFFEE
2015-01-21,,115.3,720,COFFEE
2015-01-22,,115.3,600,COFFEE
2015-01-23,,115.3,640,COFFEE
2015-01-24,,115.3,400,COFFEE
2015-01-25,,115.3,480,COFFEE
2015-01-26,,115.3,760,COFFEE
2015-01-27,,115.3,720,COFFEE
2015-01-28,,115.3,760,COFFEE
2015-01-29,,115.3,680,COFFEE
2015-01-30,,115.3,720,COFFEE
2015-01-31,Luner New Year,115.3,320,COFFEE
2015-02-01,Luner New Year,115.3,360,COFFEE
2015-02-02,Luner New Year,115.3,520,COFFEE
2015-02-03,Luner New Year,115.3,480,COFFEE
2015-02-04,Luner New Year,115.3,480,COFFEE
2015-02-05,Luner New Year,115.3,480,COFFEE
2015-02-06,Luner New Year,115.3,520,COFFEE
2015-02-07,,115.3,520,COFFEE
2015-02-08,,115.3,480,COFFEE
2015-02-09,,115.3,880,COFFEE
2015-02-10,,115.3,760,COFFEE
2015-02-11,,115.3,720,COFFEE
2015-02-12,,115.3,760,COFFEE
2015-02-13,,115.3,840,COFFEE
2015-02-14,,115.3,400,COFFEE
2015-02-15,,115.3,480,COFFEE
2015-02-16,,115.3,760,COFFEE
2015-02-17,,115.3,640,COFFEE
2015-02-18,,115.3,680,COFFEE
2015-02-19,,115.3,640,COFFEE
2015-02-20,,115.3,680,COFFEE
2015-02-21,,115.3,440,COFFEE
2015-02-22,,115.3,440,COFFEE
2015-02-23,,115.3,760,COFFEE
2015-02-24,,115.3,600,COFFEE
2015-02-25,,115.3,720,COFFEE
2015-02-26,,115.3,760,COFFEE
2015-02-27,,115.3,760,COFFEE
2015-02-28,,115.3,400,COFFEE
2015-03-01,,115.3,520,COFFEE
2015-03-02,,115.3,760,COFFEE
2015-03-03,,115.3,720,COFFEE
2015-03-04,,115.3,760,COFFEE
2015-03-05,,115.3,640,COFFEE
2015-03-06,,115.3,600,COFFEE
2015-03-07,,115.3,440,COFFEE
2015-03-08,,115.3,440,COFFEE
2015-03-09,,115.3,760,COFFEE
2015-03-10,,115.3,720,COFFEE
2015-03-11,,115.3,720,COFFEE
2015-03-12,,115.3,640,COFFEE
2015-03-13,,115.3,680,COFFEE
2015-03-14,,115.3,520,COFFEE
2015-03-15,,115.3,480,COFFEE
2015-03-16,,115.3,640,COFFEE
2015-03-17,,115.3,640,COFFEE
2015-03-18,,115.3,760,COFFEE
2015-03-19,,115.3,720,COFFEE
2015-03-20,,115.3,760,COFFEE
2015-03-21,,115.3,560,COFFEE
2015-03-22,,115.3,560,COFFEE
2015-03-23,,115.3,720,COFFEE
2015-03-24,,115.3,720,COFFEE
2015-03-25,,115.3,760,COFFEE
2015-03-26,,115.3,600,COFFEE
2015-03-27,,115.3,760,COFFEE
2015-03-28,,115.3,400,COFFEE
2015-03-29,,115.3,560,COFFEE
2015-03-30,,115.3,720,COFFEE
2015-03-31,,115.3,600,COFFEE
2015-04-01,,115.3,600,COFFEE
2015-04-02,,115.3,600,COFFEE
2015-04-03,,115.3,600,COFFEE
2015-04-04,,115.3,480,COFFEE
2015-04-05,Qing Ming Festival,115.3,400,COFFEE
2015-04-06,Qing Ming Festival,115.3,440,COFFEE
2015-04-07,Qing Ming Festival,115.3,400,COFFEE
2015-04-08,,115.3,600,COFFEE
2015-04-09,,115.3,720,COFFEE
2015-04-10,,115.3,760,COFFEE
2015-04-11,,115.3,480,COFFEE
2015-04-12,,115.3,440,COFFEE
2015-04-13,,115.3,640,COFFEE
2015-04-14,,115.3,600,COFFEE
2015-04-15,,126.6,520,COFFEE
2015-04-16,,126.6,560,COFFEE
2015-04-17,,126.6,600,COFFEE
2015-04-18,,126.6,440,COFFEE
2015-04-19,,126.6,520,COFFEE
2015-04-20,,126.6,560,COFFEE
2015-04-21,,126.6,560,COFFEE
2015-04-22,,126.6,680,COFFEE
2015-04-23,,126.6,520,COFFEE
2015-04-24,,126.6,560,COFFEE
2015-04-25,,126.6,360,COFFEE
2015-04-26,,126.6,440,COFFEE
2015-04-27,,126.6,560,COFFEE
2015-04-28,,126.6,560,COFFEE
2015-04-29,,126.6,560,COFFEE
2015-04-30,,126.6,600,COFFEE
2015-05-01,Labor Day,126.6,480,COFFEE
2015-05-02,Labor Day,126.6,240,COFFEE
2015-05-03,Labor Day,126.6,360,COFFEE
2015-05-04,,126.6,520,COFFEE
2015-05-05,,126.6,680,COFFEE
2015-05-06,,126.6,600,COFFEE
2015-05-07,,126.6,520,COFFEE
2015-05-08,,126.6,560,COFFEE
2015-05-09,,126.6,520,COFFEE
2015-05-10,,126.6,520,COFFEE
2015-05-11,,126.6,560,COFFEE
2015-05-12,,126.6,520,COFFEE
2015-05-13,,126.6,520,COFFEE
2015-05-14,,126.6,600,COFFEE
2015-05-15,,126.6,680,COFFEE
2015-05-16,,126.6,520,COFFEE
2015-05-17,,126.6,440,COFFEE
2015-05-18,,126.6,600,COFFEE
2015-05-19,,126.6,640,COFFEE
2015-05-20,,126.6,520,COFFEE
2015-05-21,,126.6,640,COFFEE
2015-05-22,,126.6,640,COFFEE
2015-05-23,,126.6,480,COFFEE
2015-05-24,,126.6,520,COFFEE
2015-05-25,,126.6,640,COFFEE
2015-05-26,,126.6,680,COFFEE
2015-05-27,,126.6,680,COFFEE
2015-05-28,,126.6,640,COFFEE
2015-05-29,,126.6,680,COFFEE
2015-05-30,,126.6,400,COFFEE
2015-05-31,Dragon Boat Festivel,126.6,280,COFFEE
2015-06-01,Dragon Boat Festivel,126.6,360,COFFEE
2015-06-02,Dragon Boat Festivel,126.6,520,COFFEE
2015-06-03,,126.6,520,COFFEE
2015-06-04,,126.6,680,COFFEE
2015-06-05,,126.6,680,COFFEE
2015-06-06,,126.6,400,COFFEE
2015-06-07,,126.6,480,COFFEE
2015-06-08,,126.6,520,COFFEE
2015-06-09,,126.6,520,COFFEE
2015-06-10,,126.6,600,COFFEE
2015-06-11,,126.6,600,COFFEE
2015-06-12,,126.6,600,COFFEE
2015-06-13,,126.6,440,COFFEE
2015-06-14,,126.6,480,COFFEE
2015-06-15,,126.6,680,COFFEE
2015-06-16,,126.6,560,COFFEE
2015-06-17,,126.6,640,COFFEE
2015-06-18,,126.6,560,COFFEE
2015-06-19,,126.6,520,COFFEE
2015-06-20,,126.6,480,COFFEE
2015-06-21,,126.6,440,COFFEE
2015-06-22,,126.6,560,COFFEE
2015-06-23,,126.6,560,COFFEE
2015-06-24,,126.6,680,COFFEE
2015-06-25,,126.6,600,COFFEE
2015-06-26,,126.6,600,COFFEE
2015-06-27,,126.6,440,COFFEE
2015-06-28,,126.6,440,COFFEE
2015-06-29,,126.6,600,COFFEE
2015-06-30,,126.6,680,COFFEE
2015-07-01,,126.6,560,COFFEE
2015-07-02,,126.6,520,COFFEE
2015-07-03,,126.6,560,COFFEE
2015-07-04,,126.6,360,COFFEE
2015-07-05,,126.6,480,COFFEE
2015-07-06,,126.6,520,COFFEE
2015-07-07,,126.6,560,COFFEE
2015-07-08,,126.6,560,COFFEE
2015-07-09,,126.6,560,COFFEE
2015-07-10,,126.6,680,COFFEE
2015-07-11,,126.6,480,COFFEE
2015-07-12,,126.6,440,COFFEE
2015-07-13,,126.6,600,COFFEE
2015-07-14,,126.6,680,COFFEE
2015-07-15,,126.6,680,COFFEE
2015-07-16,,126.6,640,COFFEE
2015-07-17,,126.6,640,COFFEE
2015-07-18,,126.6,440,COFFEE
2015-07-19,,126.6,480,COFFEE
2015-07-20,,126.6,680,COFFEE
2015-07-21,,126.6,600,COFFEE
2015-07-22,,126.6,520,COFFEE
2015-07-23,,126.6,600,COFFEE
2015-07-24,,126.6,600,COFFEE
2015-07-25,,126.6,480,COFFEE
2015-07-26,,126.6,520,COFFEE
2015-07-27,,126.6,640,COFFEE
2015-07-28,,126.6,640,COFFEE
2015-07-29,,126.6,680,COFFEE
2015-07-30,,126.6,640,COFFEE
2015-07-31,,126.6,600,COFFEE
2015-08-01,,126.6,520,COFFEE
2015-08-02,,126.6,360,COFFEE
2015-08-03,,126.6,680,COFFEE
2015-08-04,,126.6,680,COFFEE
2015-08-05,,126.6,560,COFFEE
2015-08-06,,126.6,680,COFFEE
2015-08-07,,126.6,600,COFFEE
2015-08-08,,126.6,520,COFFEE
2015-08-09,,126.6,480,COFFEE
2015-08-10,,126.6,680,COFFEE
2015-08-11,,126.6,680,COFFEE
2015-08-12,,126.6,520,COFFEE
2015-08-13,,121.89999999999999,680,COFFEE
2015-08-14,,121.89999999999999,680,COFFEE
2015-08-15,,121.89999999999999,560,COFFEE
2015-08-16,,121.89999999999999,400,COFFEE
2015-08-17,,121.89999999999999,720,COFFEE
2015-08-18,,121.89999999999999,640,COFFEE
2015-08-19,,121.89999999999999,680,COFFEE
2015-08-20,,121.89999999999999,600,COFFEE
2015-08-21,,121.89999999999999,600,COFFEE
2015-08-22,,121.89999999999999,400,COFFEE
2015-08-23,,121.89999999999999,520,COFFEE
2015-08-24,,121.89999999999999,720,COFFEE
2015-08-25,,121.89999999999999,680,COFFEE
2015-08-26,,121.89999999999999,720,COFFEE
2015-08-27,,121.89999999999999,560,COFFEE
2015-08-28,,121.89999999999999,640,COFFEE
2015-08-29,,121.89999999999999,480,COFFEE
2015-08-30,,121.89999999999999,440,COFFEE
2015-08-31,,121.89999999999999,720,COFFEE
2015-09-01,,121.89999999999999,720,COFFEE
2015-09-02,,121.89999999999999,600,COFFEE
2015-09-03,WWII Celebration,121.89999999999999,560,COFFEE
2015-09-04,WWII Celebration,121.89999999999999,280,COFFEE
2015-09-05,WWII Celebration,121.89999999999999,440,COFFEE
2015-09-06,,121.89999999999999,640,COFFEE
2015-09-07,,121.89999999999999,720,COFFEE
2015-09-08,,121.89999999999999,600,COFFEE
2015-09-09,,121.89999999999999,680,COFFEE
2015-09-10,,121.89999999999999,600,COFFEE
2012-01-01,New Year,127.5,360,LEMONADE
2012-01-02,New Year,127.5,320,LEMONADE
2012-01-03,New Year,127.5,240,LEMONADE
2012-01-04,,127.5,480,LEMONADE
2012-01-05,,127.5,480,LEMONADE
2012-01-06,,127.5,400,LEMONADE
2012-01-07,,127.5,360,LEMONADE
2012-01-08,,127.5,360,LEMONADE
2012-01-09,,127.5,480,LEMONADE
2012-01-10,,127.5,560,LEMONADE
2012-01-11,,127.5,520,LEMONADE
2012-01-12,,127.5,520,LEMONADE
2012-01-13,,127.5,520,LEMONADE
2012-01-14,,127.5,400,LEMONADE
2012-01-15,,127.5,360,LEMONADE
2012-01-16,,127.5,560,LEMONADE
2012-01-17,,127.5,440,LEMONADE
2012-01-18,,127.5,480,LEMONADE
2012-01-19,,127.5,480,LEMONADE
2012-01-20,,127.5,440,LEMONADE
2012-01-21,,127.5,440,LEMONADE
2012-01-22,,127.5,320,LEMONADE
2012-01-23,,127.5,400,LEMONADE
2012-01-24,,127.5,520,LEMONADE
2012-01-25,,127.5,520,LEMONADE
2012-01-26,,127.5,520,LEMONADE
2012-01-27,,127.5,360,LEMONADE
2012-01-28,,127.5,280,LEMONADE
2012-01-29,,127.5,280,LEMONADE
2012-01-30,,127.5,440,LEMONADE
2012-01-31,,127.5,320,LEMONADE
2012-02-01,,127.5,400,LEMONADE
2012-02-02,Luner New Year,127.5,360,LEMONADE
2012-02-03,Luner New Year,127.5,320,LEMONADE
2012-02-04,Luner New Year,127.5,320,LEMONADE
2012-02-05,Luner New Year,127.5,160,LEMONADE
2012-02-06,Luner New Year,127.5,240,LEMONADE
2012-02-07,Luner New Year,127.5,360,LEMONADE
2012-02-08,Luner New Year,127.5,320,LEMONADE
2012-02-09,,127.5,320,LEMONADE
2012-02-10,,127.5,400,LEMONADE
2012-02-11,,127.5,280,LEMONADE
2012-02-12,,127.5,320,LEMONADE
2012-02-13,,127.5,320,LEMONADE
2012-02-14,,127.5,360,LEMONADE
2012-02-15,,127.5,320,LEMONADE
2012-02-16,,127.5,320,LEMONADE
2012-02-17,,127.5,360,LEMONADE
2012-02-18,,127.5,320,LEMONADE
2012-02-19,,127.5,320,LEMONADE
2012-02-20,,127.5,400,LEMONADE
2012-02-21,,127.5,400,LEMONADE
2012-02-22,,127.5,400,LEMONADE
2012-02-23,,127.5,440,LEMONADE
2012-02-24,,127.5,480,LEMONADE
2012-02-25,,127.5,240,LEMONADE
2012-02-26,,127.5,280,LEMONADE
2012-02-27,,127.5,400,LEMONADE
2012-02-28,,127.5,440,LEMONADE
2012-03-01,,127.5,400,LEMONADE
2012-03-02,,127.5,480,LEMONADE
2012-03-03,,127.5,240,LEMONADE
2012-03-04,,127.5,360,LEMONADE
2012-03-05,,127.5,440,LEMONADE
2012-03-06,,127.5,320,LEMONADE
2012-03-07,,127.5,480,LEMONADE
2012-03-08,,127.5,400,LEMONADE
2012-03-09,,127.5,400,LEMONADE
2012-03-10,,127.5,360,LEMONADE
2012-03-11,,127.5,360,LEMONADE
2012-03-12,,127.5,400,LEMONADE
2012-03-13,,127.5,320,LEMONADE
2012-03-14,,127.5,400,LEMONADE
2012-03-15,,127.5,360,LEMONADE
2012-03-16,,127.5,320,LEMONADE
2012-03-17,,127.5,400,LEMONADE
2012-03-18,,127.5,360,LEMONADE
2012-03-19,,127.5,440,LEMONADE
2012-03-20,,127.5,320,LEMONADE
2012-03-21,,127.5,320,LEMONADE
2012-03-22,,127.5,400,LEMONADE
2012-03-23,,127.5,480,LEMONADE
2012-03-24,,127.5,240,LEMONADE
2012-03-25,,127.5,280,LEMONADE
2012-03-26,,127.5,360,LEMONADE
2012-03-27,,127.5,400,LEMONADE
2012-03-28,,127.5,320,LEMONADE
2012-03-29,,127.5,320,LEMONADE
2012-03-30,,127.5,440,LEMONADE
2012-03-31,,127.5,360,LEMONADE
2012-04-01,,127.5,360,LEMONADE
2012-04-02,,127.5,360,LEMONADE
2012-04-03,Qing Ming Festival,127.5,400,LEMONADE
2012-04-04,Qing Ming Festival,127.5,320,LEMONADE
2012-04-05,Qing Ming Festival,127.5,240,LEMONADE
2012-04-06,,127.5,440,LEMONADE
2012-04-07,,127.5,400,LEMONADE
2012-04-08,,127.5,320,LEMONADE
2012-04-09,,127.5,320,LEMONADE
2012-04-10,,127.5,360,LEMONADE
2012-04-11,,127.5,320,LEMONADE
2012-04-12,,127.5,480,LEMONADE
2012-04-13,,127.5,360,LEMONADE
2012-04-14,,127.5,360,LEMONADE
2012-04-15,,127.5,400,LEMONADE
2012-04-16,,127.5,400,LEMONADE
2012-04-17,,127.5,400,LEMONADE
2012-04-18,,127.5,360,LEMONADE
2012-04-19,,127.5,480,LEMONADE
2012-04-20,,127.5,440,LEMONADE
2012-04-21,,127.5,280,LEMONADE
2012-04-22,,127.5,240,LEMONADE
2012-04-23,,127.5,360,LEMONADE
2012-04-24,,127.5,480,LEMONADE
2012-04-25,,127.5,320,LEMONADE
2012-04-26,,127.5,440,LEMONADE
2012-04-27,,127.5,480,LEMONADE
2012-04-28,,127.5,240,LEMONADE
2012-04-29,,127.5,240,LEMONADE
2012-04-30,Labor Day,127.5,320,LEMONADE
2012-05-01,Labor Day,113.6,440,LEMONADE
2012-05-02,Labor Day,113.6,400,LEMONADE
2012-05-03,,113.6,520,LEMONADE
2012-05-04,,113.6,520,LEMONADE
2012-05-05,,113.6,320,LEMONADE
2012-05-06,,113.6,400,LEMONADE
2012-05-07,,113.6,520,LEMONADE
2012-05-08,,113.6,400,LEMONADE
2012-05-09,,113.6,480,LEMONADE
2012-05-10,,113.6,440,LEMONADE
2012-05-11,,113.6,480,LEMONADE
2012-05-12,,113.6,440,LEMONADE
2012-05-13,,113.6,280,LEMONADE
2012-05-14,,113.6,440,LEMONADE
2012-05-15,,113.6,400,LEMONADE
2012-05-16,,113.6,480,LEMONADE
2012-05-17,,113.6,400,LEMONADE
2012-05-18,,113.6,440,LEMONADE
2012-05-19,,113.6,280,LEMONADE
2012-05-20,,113.6,360,LEMONADE
2012-05-21,,113.6,520,LEMONADE
2012-05-22,,113.6,480,LEMONADE
2012-05-23,,113.6,480,LEMONADE
2012-05-24,,113.6,560,LEMONADE
2012-05-25,,113.6,480,LEMONADE
2012-05-26,,113.6,280,LEMONADE
2012-05-27,,113.6,440,LEMONADE
2012-05-28,,113.6,520,LEMONADE
2012-05-29,,113.6,520,LEMONADE
2012-05-30,,113.6,480,LEMONADE
