cafe_transaction_store.csv
calendar_date,holiday,price,quantity,item_name
2012-05-31,,113.6,520,LEMONADE
2012-06-01,,113.6,560,LEMONADE
2012-06-02,,113.6,320,LEMONADE
2012-06-03,,113.6,400,LEMONADE
2012-06-04,Dragon Boat Festivel,113.6,320,LEMONADE
2012-06-05,Dragon Boat Festivel,113.6,280,LEMONADE
2012-06-06,Dragon Boat Festivel,113.6,400,LEMONADE
2012-06-07,,113.6,440,LEMONADE
2012-06-08,,113.6,440,LEMONADE
2012-06-09,,113.6,320,LEMONADE
2012-06-10,,113.6,280,LEMONADE
2012-06-11,,113.6,400,LEMONADE
2012-06-12,,113.6,400,LEMONADE
2012-06-13,,113.6,400,LEMONADE
2012-06-14,,113.6,400,LEMONADE
2012-06-15,,113.6,400,LEMONADE
2012-06-16,,113.6,280,LEMONADE
2012-06-17,,113.6,360,LEMONADE
2012-06-18,,113.6,520,LEMONADE
2012-06-19,,113.6,520,LEMONADE
2012-06-20,,113.6,560,LEMONADE
2012-06-21,,113.6,400,LEMONADE
2012-06-22,,113.6,520,LEMONADE
2012-06-23,,113.6,280,LEMONADE
2012-06-24,,113.6,320,LEMONADE
2012-06-25,,113.6,480,LEMONADE
2012-06-26,,113.6,440,LEMONADE
2012-06-27,,113.6,520,LEMONADE
2012-06-28,,113.6,520,LEMONADE
2012-06-29,,113.6,400,LEMONADE
2012-06-30,,113.6,400,LEMONADE
2012-07-01,,113.6,400,LEMONADE
2012-07-02,,113.6,440,LEMONADE
2012-07-03,,113.6,560,LEMONADE
2012-07-04,,113.6,520,LEMONADE
2012-07-05,,113.6,400,LEMONADE
2012-07-06,,113.6,440,LEMONADE
2012-07-07,,113.6,360,LEMONADE
2012-07-08,,113.6,320,LEMONADE
2012-07-09,,113.6,440,LEMONADE
2012-07-10,,113.6,400,LEMONADE
2012-07-11,,113.6,480,LEMONADE
2012-07-12,,113.6,480,LEMONADE
2012-07-13,,113.6,520,LEMONADE
2012-07-14,,113.6,280,LEMONADE
2012-07-15,,113.6,280,LEMONADE
2012-07-16,,113.6,560,LEMONADE
2012-07-17,,113.6,520,LEMONADE
2012-07-18,,113.6,440,LEMONADE
2012-07-19,,113.6,560,LEMONADE
2012-07-20,,113.6,400,LEMONADE
2012-07-21,,113.6,320,LEMONADE
2012-07-22,,113.6,400,LEMONADE
2012-07-23,,113.6,520,LEMONADE
2012-07-24,,113.6,560,LEMONADE
2012-07-25,,113.6,440,LEMONADE
2012-07-26,,113.6,480,LEMONADE
2012-07-27,,113.6,560,LEMONADE
2012-07-28,,113.6,320,LEMONADE
2012-07-29,,113.6,400,LEMONADE
2012-07-30,,113.6,400,LEMONADE
2012-07-31,,113.6,400,LEMONADE
2012-08-01,,113.6,480,LEMONADE
2012-08-02,,113.6,440,LEMONADE
2012-08-03,,113.6,480,LEMONADE
2012-08-04,,113.6,440,LEMONADE
2012-08-05,,113.6,440,LEMONADE
2012-08-06,,113.6,560,LEMONADE
2012-08-07,,113.6,440,LEMONADE
2012-08-08,,113.6,480,LEMONADE
2012-08-09,,113.6,560,LEMONADE
2012-08-10,,113.6,480,LEMONADE
2012-08-11,,113.6,280,LEMONADE
2012-08-12,,113.6,400,LEMONADE
2012-08-13,,113.6,400,LEMONADE
2012-08-14,,113.6,520,LEMONADE
2012-08-15,,113.6,480,LEMONADE
2012-08-16,,113.6,560,LEMONADE
2012-08-17,,113.6,400,LEMONADE
2012-08-18,,113.6,400,LEMONADE
2012-08-19,,113.6,360,LEMONADE
2012-08-20,,113.6,400,LEMONADE
2012-08-21,,113.6,480,LEMONADE
2012-08-22,,113.6,440,LEMONADE
2012-08-23,,113.6,480,LEMONADE
2012-08-24,,113.6,560,LEMONADE
2012-08-25,,113.6,320,LEMONADE
2012-08-26,,113.6,400,LEMONADE
2012-08-27,,113.6,480,LEMONADE
2012-08-28,,113.6,520,LEMONADE
2012-08-29,,124.9,480,LEMONADE
2012-08-30,,124.9,360,LEMONADE
2012-08-31,,124.9,480,LEMONADE
2012-09-01,,124.9,400,LEMONADE
2012-09-02,,124.9,280,LEMONADE
2012-09-03,,124.9,360,LEMONADE
2012-09-04,,124.9,480,LEMONADE
2012-09-05,,124.9,320,LEMONADE
2012-09-06,,124.9,440,LEMONADE
2012-09-07,,124.9,480,LEMONADE
2012-09-08,,124.9,280,LEMONADE
2012-09-09,,124.9,360,LEMONADE
2012-09-10,Mid-Autumn Day,124.9,320,LEMONADE
2012-09-11,Mid-Autumn Day,124.9,400,LEMONADE
2012-09-12,Mid-Autumn Day,124.9,400,LEMONADE
2012-09-13,,124.9,440,LEMONADE
2012-09-14,,124.9,320,LEMONADE
2012-09-15,,124.9,400,LEMONADE
2012-09-16,,124.9,360,LEMONADE
2012-09-17,,124.9,440,LEMONADE
2012-09-18,,124.9,320,LEMONADE
2012-09-19,,124.9,320,LEMONADE
2012-09-20,,124.9,440,LEMONADE
2012-09-21,,124.9,360,LEMONADE
2012-09-22,,124.9,320,LEMONADE
2012-09-23,,124.9,280,LEMONADE
2012-09-24,,124.9,360,LEMONADE
2012-09-25,,124.9,360,LEMONADE
2012-09-26,,124.9,400,LEMONADE
2012-09-27,,124.9,360,LEMONADE
2012-09-28,,124.9,360,LEMONADE
2012-09-29,,124.9,240,LEMONADE
2012-09-30,,124.9,400,LEMONADE
2012-10-01,National Day,124.9,400,LEMONADE
2012-10-02,National Day,124.9,240,LEMONADE
2012-10-03,National Day,124.9,320,LEMONADE
2012-10-04,National Day,124.9,240,LEMONADE
2012-10-05,National Day,124.9,320,LEMONADE
2012-10-06,National Day,124.9,200,LEMONADE
2012-10-07,National Day,124.9,200,LEMONADE
2012-10-08,,124.9,400,LEMONADE
2012-10-09,,124.9,360,LEMONADE
2012-10-10,,124.9,480,LEMONADE
2012-10-11,,124.9,400,LEMONADE
2012-10-12,,124.9,360,LEMONADE
2012-10-13,,124.9,360,LEMONADE
2012-10-14,,124.9,400,LEMONADE
2012-10-15,,124.9,400,LEMONADE
2012-10-16,,124.9,320,LEMONADE
2012-10-17,,124.9,480,LEMONADE
2012-10-18,,124.9,360,LEMONADE
2012-10-19,,124.9,320,LEMONADE
2012-10-20,,124.9,240,LEMONADE
2012-10-21,,124.9,320,LEMONADE
2012-10-22,,124.9,360,LEMONADE
2012-10-23,,124.9,440,LEMONADE
2012-10-24,,124.9,400,LEMONADE
2012-10-25,,124.9,320,LEMONADE
2012-10-26,,124.9,400,LEMONADE
2012-10-27,,124.9,280,LEMONADE
2012-10-28,,124.9,320,LEMONADE
2012-10-29,,124.9,360,LEMONADE
2012-10-30,,124.9,400,LEMONADE
2012-10-31,,124.9,440,LEMONADE
2012-11-01,,124.9,360,LEMONADE
2012-11-02,,124.9,400,LEMONADE
2012-11-03,,124.9,360,LEMONADE
2012-11-04,,124.9,240,LEMONADE
2012-11-05,,124.9,400,LEMONADE
2012-11-06,,124.9,320,LEMONADE
2012-11-07,,124.9,480,LEMONADE
2012-11-08,,124.9,480,LEMONADE
2012-11-09,,124.9,440,LEMONADE
2012-11-10,,124.9,360,LEMONADE
2012-11-11,,124.9,360,LEMONADE
2012-11-12,,124.9,400,LEMONADE
2012-11-13,,124.9,360,LEMONADE
2012-11-14,,124.9,360,LEMONADE
2012-11-15,,124.9,320,LEMONADE
2012-11-16,,124.9,360,LEMONADE
2012-11-17,,124.9,400,LEMONADE
2012-11-18,,124.9,400,LEMONADE
2012-11-19,,124.9,400,LEMONADE
2012-11-20,,124.9,440,LEMONADE
2012-11-21,,124.9,440,LEMONADE
2012-11-22,,124.9,440,LEMONADE
2012-11-23,,124.9,320,LEMONADE
2012-11-24,,124.9,240,LEMONADE
2012-11-25,,124.9,400,LEMONADE
2012-11-26,,124.9,360,LEMONADE
2012-11-27,,124.9,360,LEMONADE
2012-11-28,,124.9,400,LEMONADE
2012-11-29,,124.9,400,LEMONADE
2012-11-30,,124.9,360,LEMONADE
2012-12-01,,124.9,400,LEMONADE
2012-12-02,,124.9,280,LEMONADE
2012-12-03,,124.9,400,LEMONADE
2012-12-04,,124.9,360,LEMONADE
2012-12-05,,124.9,400,LEMONADE
2012-12-06,,124.9,440,LEMONADE
2012-12-07,,124.9,480,LEMONADE
2012-12-08,,124.9,440,LEMONADE
2012-12-09,,124.9,360,LEMONADE
2012-12-10,,124.9,400,LEMONADE
2012-12-11,,124.9,400,LEMONADE
2012-12-12,,124.9,320,LEMONADE
2012-12-13,,124.9,400,LEMONADE
2012-12-14,,124.9,440,LEMONADE
2012-12-15,,124.9,440,LEMONADE
2012-12-16,,124.9,280,LEMONADE
2012-12-17,,124.9,560,LEMONADE
2012-12-18,,124.9,560,LEMONADE
2012-12-19,,124.9,400,LEMONADE
2012-12-20,,124.9,360,LEMONADE
2012-12-21,,124.9,400,LEMONADE
2012-12-22,,124.9,360,LEMONADE
2012-12-23,,124.9,400,LEMONADE
2012-12-24,,124.9,560,LEMONADE
2012-12-25,,124.9,440,LEMONADE
2012-12-26,,124.9,320,LEMONADE
2012-12-27,,126.4,360,LEMONADE
2012-12-28,,126.4,480,LEMONADE
2012-12-29,,126.4,320,LEMONADE
2012-12-30,,126.4,280,LEMONADE
2012-12-31,,126.4,440,LEMONADE
2013-01-01,New Year,126.4,320,LEMONADE
2013-01-02,New Year,126.4,320,LEMONADE
2013-01-03,New Year,126.4,280,LEMONADE
2013-01-04,,126.4,560,LEMONADE
2013-01-05,,126.4,320,LEMONADE
2013-01-06,,126.4,320,LEMONADE
2013-01-07,,126.4,480,LEMONADE
2013-01-08,,126.4,400,LEMONADE
2013-01-09,,126.4,520,LEMONADE
2013-01-10,,126.4,480,LEMONADE
2013-01-11,,126.4,480,LEMONADE
2013-01-12,,126.4,360,LEMONADE
2013-01-13,,126.4,360,LEMONADE
2013-01-14,,126.4,520,LEMONADE
2013-01-15,,126.4,520,LEMONADE
2013-01-16,,126.4,480,LEMONADE
2013-01-17,,126.4,440,LEMONADE
2013-01-18,,126.4,400,LEMONADE
2013-01-19,,126.4,360,LEMONADE
2013-01-20,,126.4,280,LEMONADE
2013-01-21,,126.4,520,LEMONADE
2013-01-22,Luner New Year,126.4,360,LEMONADE
2013-01-23,Luner New Year,126.4,360,LEMONADE
2013-01-24,Luner New Year,126.4,400,LEMONADE
2013-01-25,Luner New Year,126.4,400,LEMONADE
2013-01-26,Luner New Year,126.4,320,LEMONADE
2013-01-27,Luner New Year,126.4,280,LEMONADE
2013-01-28,Luner New Year,126.4,280,LEMONADE
2013-01-29,,126.4,560,LEMONADE
2013-01-30,,126.4,560,LEMONADE
2013-01-31,,126.4,480,LEMONADE
2013-02-01,,126.4,480,LEMONADE
2013-02-02,,126.4,280,LEMONADE
2013-02-03,,126.4,400,LEMONADE
2013-02-04,,126.4,440,LEMONADE
2013-02-05,,126.4,400,LEMONADE
2013-02-06,,126.4,440,LEMONADE
2013-02-07,,126.4,400,LEMONADE
2013-02-08,,126.4,440,LEMONADE
2013-02-09,,126.4,320,LEMONADE
2013-02-10,,126.4,320,LEMONADE
2013-02-11,,126.4,520,LEMONADE
2013-02-12,,126.4,480,LEMONADE
2013-02-13,,126.4,360,LEMONADE
2013-02-14,,126.4,440,LEMONADE
2013-02-15,,126.4,440,LEMONADE
2013-02-16,,126.4,360,LEMONADE
2013-02-17,,126.4,280,LEMONADE
2013-02-18,,126.4,440,LEMONADE
2013-02-19,,126.4,360,LEMONADE
2013-02-20,,126.4,400,LEMONADE
2013-02-21,,126.4,320,LEMONADE
2013-02-22,,126.4,440,LEMONADE
2013-02-23,,126.4,360,LEMONADE
2013-02-24,,126.4,320,LEMONADE
2013-02-25,,126.4,400,LEMONADE
2013-02-26,,126.4,360,LEMONADE
2013-02-27,,126.4,440,LEMONADE
2013-02-28,,126.4,440,LEMONADE
2013-03-01,,131.3,600,LEMONADE
2013-03-01,,134.1,800,LEMONADE
2013-03-01,,131.3,520,LEMONADE
2013-03-01,,134.1,800,LEMONADE
2013-03-01,,131.3,600,LEMONADE
2013-03-01,,134.1,800,LEMONADE
2013-03-01,,131.3,520,LEMONADE
2013-03-01,,134.1,800,LEMONADE
2013-03-02,,126.4,400,LEMONADE
2013-03-03,,126.4,400,LEMONADE
2013-03-04,,126.4,400,LEMONADE
2013-03-05,,126.4,480,LEMONADE
2013-03-06,,126.4,440,LEMONADE
2013-03-07,,126.4,360,LEMONADE
2013-03-08,,126.4,400,LEMONADE
2013-03-09,,126.4,360,LEMONADE
2013-03-10,,126.4,360,LEMONADE
2013-03-11,,126.4,440,LEMONADE
2013-03-12,,126.4,320,LEMONADE
2013-03-13,,126.4,320,LEMONADE
2013-03-14,,126.4,360,LEMONADE
2013-03-15,,126.4,320,LEMONADE
2013-03-16,,126.4,240,LEMONADE
2013-03-17,,126.4,280,LEMONADE
2013-03-18,,126.4,360,LEMONADE
2013-03-19,,126.4,360,LEMONADE
2013-03-20,,126.4,360,LEMONADE
2013-03-21,,126.4,400,LEMONADE
2013-03-22,,126.4,400,LEMONADE
2013-03-23,,126.4,280,LEMONADE
2013-03-24,,126.4,320,LEMONADE
2013-03-25,,126.4,480,LEMONADE
2013-03-26,,126.4,480,LEMONADE
2013-03-27,,126.4,320,LEMONADE
2013-03-28,,126.4,320,LEMONADE
2013-03-29,,126.4,360,LEMONADE
2013-03-30,,126.4,280,LEMONADE
2013-03-31,,126.4,240,LEMONADE
2013-04-01,,126.4,360,LEMONADE
2013-04-02,Qing Ming Festival,126.4,240,LEMONADE
2013-04-03,Qing Ming Festival,126.4,400,LEMONADE
2013-04-04,Qing Ming Festival,126.4,280,LEMONADE
2013-04-05,,126.4,400,LEMONADE
2013-04-06,,126.4,320,LEMONADE
2013-04-07,,126.4,240,LEMONADE
2013-04-08,,126.4,400,LEMONADE
2013-04-09,,126.4,400,LEMONADE
2013-04-10,,126.4,320,LEMONADE
2013-04-11,,126.4,320,LEMONADE
2013-04-12,,126.4,320,LEMONADE
2013-04-13,,126.4,240,LEMONADE
2013-04-14,,126.4,240,LEMONADE
2013-04-15,,126.4,400,LEMONADE
2013-04-16,,126.4,320,LEMONADE
2013-04-17,,126.4,480,LEMONADE
2013-04-18,,126.4,360,LEMONADE
2013-04-19,,126.4,400,LEMONADE
2013-04-20,,126.4,320,LEMONADE
2013-04-21,,126.4,240,LEMONADE
2013-04-22,,126.4,440,LEMONADE
2013-04-23,,126.4,400,LEMONADE
2013-04-24,,126.4,480,LEMONADE
2013-04-25,,127.2,400,LEMONADE
2013-04-26,,127.2,360,LEMONADE
2013-04-27,,127.2,360,LEMONADE
2013-04-28,,127.2,320,LEMONADE
2013-04-29,Labor Day,127.2,360,LEMONADE
2013-04-30,Labor Day,127.2,360,LEMONADE
2013-05-01,Labor Day,127.2,360,LEMONADE
2013-05-02,,127.2,480,LEMONADE
2013-05-03,,127.2,440,LEMONADE
2013-05-04,,127.2,320,LEMONADE
2013-05-05,,127.2,240,LEMONADE
2013-05-06,,127.2,480,LEMONADE
2013-05-07,,127.2,320,LEMONADE
2013-05-08,,127.2,400,LEMONADE
2013-05-09,,127.2,480,LEMONADE
2013-05-10,,127.2,400,LEMONADE
2013-05-11,,127.2,280,LEMONADE
2013-05-12,,127.2,280,LEMONADE
2013-05-13,,127.2,360,LEMONADE
2013-05-14,,127.2,480,LEMONADE
2013-05-15,,127.2,480,LEMONADE
2013-05-16,,127.2,480,LEMONADE
2013-05-17,,127.2,440,LEMONADE
2013-05-18,,127.2,240,LEMONADE
2013-05-19,,127.2,280,LEMONADE
2013-05-20,,127.2,320,LEMONADE
2013-05-21,,127.2,440,LEMONADE
2013-05-22,,127.2,400,LEMONADE
2013-05-23,,127.2,400,LEMONADE
2013-05-24,,127.2,400,LEMONADE
2013-05-25,,127.2,320,LEMONADE
2013-05-26,,127.2,360,LEMONADE
2013-05-27,,127.2,480,LEMONADE
2013-05-28,,127.2,360,LEMONADE
2013-05-29,,127.2,400,LEMONADE
2013-05-30,,127.2,320,LEMONADE
2013-05-31,,127.2,360,LEMONADE
2013-06-01,,127.2,320,LEMONADE
2013-06-02,,127.2,280,LEMONADE
2013-06-03,,127.2,480,LEMONADE
2013-06-04,,127.2,440,LEMONADE
2013-06-05,,127.2,480,LEMONADE
2013-06-06,,127.2,400,LEMONADE
2013-06-07,,127.2,400,LEMONADE
2013-06-08,,127.2,360,LEMONADE
2013-06-09,,127.2,320,LEMONADE
2013-06-10,,127.2,480,LEMONADE
2013-06-11,,127.2,320,LEMONADE
2013-06-12,,127.2,320,LEMONADE
2013-06-13,,127.2,440,LEMONADE
2013-06-14,,127.2,440,LEMONADE
2013-06-15,,127.2,360,LEMONADE
2013-06-16,,127.2,320,LEMONADE
2013-06-17,,127.2,440,LEMONADE
2013-06-18,,127.2,440,LEMONADE
2013-06-19,,127.2,320,LEMONADE
2013-06-20,,127.2,400,LEMONADE
2013-06-21,,127.2,440,LEMONADE
2013-06-22,Dragon Boat Festivel,127.2,240,LEMONADE
2013-06-23,Dragon Boat Festivel,127.2,240,LEMONADE
2013-06-24,Dragon Boat Festivel,127.2,400,LEMONADE
2013-06-25,,127.2,480,LEMONADE
2013-06-26,,127.2,360,LEMONADE
2013-06-27,,127.2,440,LEMONADE
2013-06-28,,127.2,440,LEMONADE
2013-06-29,,127.2,240,LEMONADE
2013-06-30,,127.2,240,LEMONADE
2013-07-01,,127.2,440,LEMONADE
2013-07-02,,127.2,360,LEMONADE
2013-07-03,,127.2,400,LEMONADE
2013-07-04,,127.2,440,LEMONADE
2013-07-05,,127.2,320,LEMONADE
2013-07-06,,127.2,400,LEMONADE
2013-07-07,,127.2,400,LEMONADE
2013-07-08,,127.2,320,LEMONADE
2013-07-09,,127.2,400,LEMONADE
2013-07-10,,127.2,360,LEMONADE
2013-07-11,,127.2,480,LEMONADE
2013-07-12,,127.2,360,LEMONADE
2013-07-13,,127.2,280,LEMONADE
2013-07-14,,127.2,360,LEMONADE
2013-07-15,,127.2,480,LEMONADE
2013-07-16,,127.2,400,LEMONADE
2013-07-17,,127.2,400,LEMONADE
2013-07-18,,127.2,480,LEMONADE
2013-07-19,,127.2,320,LEMONADE
2013-07-20,,127.2,320,LEMONADE
2013-07-21,,127.2,400,LEMONADE
2013-07-22,,127.2,480,LEMONADE
2013-07-23,,127.2,440,LEMONADE
2013-07-24,,127.2,360,LEMONADE
2013-07-25,,127.2,480,LEMONADE
2013-07-26,,127.2,440,LEMONADE
2013-07-27,,127.2,400,LEMONADE
2013-07-28,,127.2,320,LEMONADE
2013-07-29,,127.2,320,LEMONADE
2013-07-30,,127.2,400,LEMONADE
2013-07-31,,127.2,440,LEMONADE
2013-08-01,,127.2,320,LEMONADE
2013-08-02,,127.2,560,LEMONADE
2013-08-03,,127.2,280,LEMONADE
2013-08-04,,127.2,320,LEMONADE
2013-08-05,,127.2,400,LEMONADE
2013-08-06,,127.2,360,LEMONADE
2013-08-07,,127.2,360,LEMONADE
2013-08-08,,127.2,440,LEMONADE
2013-08-09,,127.2,480,LEMONADE
2013-08-10,,127.2,240,LEMONADE
2013-08-11,,127.2,400,LEMONADE
2013-08-12,,127.2,320,LEMONADE
2013-08-13,,127.2,360,LEMONADE
2013-08-14,,127.2,400,LEMONADE
2013-08-15,,127.2,480,LEMONADE
2013-08-16,,127.2,440,LEMONADE
2013-08-17,,127.2,400,LEMONADE
2013-08-18,,127.2,240,LEMONADE
2013-08-19,,127.2,320,LEMONADE
2013-08-20,,127.2,480,LEMONADE
2013-08-21,,127.2,320,LEMONADE
2013-08-22,,127.2,480,LEMONADE
2013-08-23,,101.19999999999999,600,LEMONADE
2013-08-24,,101.19999999999999,360,LEMONADE
2013-08-25,,101.19999999999999,320,LEMONADE
2013-08-26,,101.19999999999999,600,LEMONADE
2013-08-27,,101.19999999999999,600,LEMONADE
2013-08-28,,101.19999999999999,680,LEMONADE
2013-08-29,,101.19999999999999,560,LEMONADE
2013-08-30,,101.19999999999999,680,LEMONADE
2013-08-31,,101.19999999999999,440,LEMONADE
2013-09-01,,101.19999999999999,480,LEMONADE
2013-09-02,,101.19999999999999,440,LEMONADE
2013-09-03,,101.19999999999999,520,LEMONADE
2013-09-04,,101.19999999999999,480,LEMONADE
2013-09-05,,101.19999999999999,600,LEMONADE
2013-09-06,,101.19999999999999,440,LEMONADE
2013-09-07,,101.19999999999999,400,LEMONADE
2013-09-08,,101.19999999999999,440,LEMONADE
2013-09-09,,101.19999999999999,480,LEMONADE
2013-09-10,,101.19999999999999,480,LEMONADE
2013-09-11,,101.19999999999999,440,LEMONADE
2013-09-12,,101.19999999999999,440,LEMONADE
2013-09-13,,101.19999999999999,480,LEMONADE
2013-09-14,,101.19999999999999,480,LEMONADE
2013-09-15,,101.19999999999999,440,LEMONADE
2013-09-16,,101.19999999999999,520,LEMONADE
2013-09-17,,101.19999999999999,600,LEMONADE
2013-09-18,,101.19999999999999,560,LEMONADE
2013-09-19,,101.19999999999999,480,LEMONADE
2013-09-20,,101.19999999999999,480,LEMONADE
2013-09-21,,101.19999999999999,480,LEMONADE
2013-09-22,,101.19999999999999,400,LEMONADE
2013-09-23,,101.19999999999999,600,LEMONADE
2013-09-24,,101.19999999999999,560,LEMONADE
2013-09-25,,101.19999999999999,480,LEMONADE
2013-09-26,,101.19999999999999,520,LEMONADE
2013-09-27,,101.19999999999999,560,LEMONADE
2013-09-28,,101.19999999999999,400,LEMONADE
2013-09-29,,101.19999999999999,320,LEMONADE
2013-09-30,Mid-Autumn Day,101.19999999999999,480,LEMONADE
2013-10-01,National Day,101.19999999999999,400,LEMONADE
2013-10-02,National Day,101.19999999999999,320,LEMONADE
2013-10-03,National Day,101.19999999999999,480,LEMONADE
2013-10-04,National Day,101.19999999999999,320,LEMONADE
2013-10-05,National Day,101.19999999999999,360,LEMONADE
2013-10-06,National Day,101.19999999999999,360,LEMONADE
2013-10-07,National Day,101.19999999999999,440,LEMONADE
2013-10-08,,101.19999999999999,440,LEMONADE
2013-10-09,,101.19999999999999,520,LEMONADE
2013-10-10,,101.19999999999999,440,LEMONADE
2013-10-11,,101.19999999999999,440,LEMONADE
2013-10-12,,101.19999999999999,480,LEMONADE
2013-10-13,,101.19999999999999,480,LEMONADE
2013-10-14,,101.19999999999999,520,LEMONADE
2013-10-15,,101.19999999999999,440,LEMONADE
2013-10-16,,101.19999999999999,440,LEMONADE
2013-10-17,,101.19999999999999,560,LEMONADE
2013-10-18,,101.19999999999999,600,LEMONADE
2013-10-19,,101.19999999999999,400,LEMONADE
2013-10-20,,101.19999999999999,440,LEMONADE
2013-10-21,,101.19999999999999,520,LEMONADE
2013-10-22,,101.19999999999999,560,LEMONADE
2013-10-23,,101.19999999999999,560,LEMONADE
2013-10-24,,101.19999999999999,560,LEMONADE
2013-10-25,,101.19999999999999,480,LEMONADE
2013-10-26,,101.19999999999999,320,LEMONADE
2013-10-27,,101.19999999999999,320,LEMONADE
2013-10-28,,101.19999999999999,600,LEMONADE
2013-10-29,,101.19999999999999,480,LEMONADE
2013-10-30,,101.19999999999999,480,LEMONADE
2013-10-31,,101.19999999999999,600,LEMONADE
2013-11-01,,101.19999999999999,560,LEMONADE
2013-11-02,,101.19999999999999,360,LEMONADE
2013-11-03,,101.19999999999999,360,LEMONADE
