cafe_transaction_store.csv
calendar_date,holiday,price,quantity,item_name
2013-11-04,,101.19999999999999,480,LEMONADE
2013-11-05,,101.19999999999999,560,LEMONADE
2013-11-06,,101.19999999999999,560,LEMONADE
2013-11-07,,101.19999999999999,440,LEMONADE
2013-11-08,,101.19999999999999,520,LEMONADE
2013-11-09,,101.19999999999999,440,LEMONADE
2013-11-10,,101.19999999999999,440,LEMONADE
2013-11-11,,101.19999999999999,600,LEMONADE
2013-11-12,,101.19999999999999,480,LEMONADE
2013-11-13,,101.19999999999999,520,LEMONADE
2013-11-14,,101.19999999999999,560,LEMONADE
2013-11-15,,101.19999999999999,520,LEMONADE
2013-11-16,,101.19999999999999,320,LEMONADE
2013-11-17,,101.19999999999999,400,LEMONADE
2013-11-18,,101.19999999999999,560,LEMONADE
2013-11-19,,101.19999999999999,560,LEMONADE
2013-11-20,,101.19999999999999,600,LEMONADE
2013-11-21,,101.19999999999999,560,LEMONADE
2013-11-22,,101.19999999999999,600,LEMONADE
2013-11-23,,101.19999999999999,480,LEMONADE
2013-11-24,,101.19999999999999,320,LEMONADE
2013-11-25,,101.19999999999999,560,LEMONADE
2013-11-26,,101.19999999999999,560,LEMONADE
2013-11-27,,101.19999999999999,520,LEMONADE
2013-11-28,,101.19999999999999,640,LEMONADE
2013-11-29,,101.19999999999999,440,LEMONADE
2013-11-30,,101.19999999999999,520,LEMONADE
2013-12-01,,101.19999999999999,400,LEMONADE
2013-12-02,,101.19999999999999,560,LEMONADE
2013-12-03,,101.19999999999999,680,LEMONADE
2013-12-04,,101.19999999999999,480,LEMONADE
2013-12-05,,101.19999999999999,600,LEMONADE
2013-12-06,,101.19999999999999,680,LEMONADE
2013-12-07,,101.19999999999999,400,LEMONADE
2013-12-08,,101.19999999999999,360,LEMONADE
2013-12-09,,101.19999999999999,640,LEMONADE
2013-12-10,,101.19999999999999,680,LEMONADE
2013-12-11,,101.19999999999999,560,LEMONADE
2013-12-12,,101.19999999999999,560,LEMONADE
2013-12-13,,101.19999999999999,600,LEMONADE
2013-12-14,,101.19999999999999,400,LEMONADE
2013-12-15,,101.19999999999999,400,LEMONADE
2013-12-16,,101.19999999999999,480,LEMONADE
2013-12-17,,101.19999999999999,680,LEMONADE
2013-12-18,,101.19999999999999,560,LEMONADE
2013-12-19,,101.19999999999999,560,LEMONADE
2013-12-20,,101.19999999999999,440,LEMONADE
2013-12-21,,119.60000000000001,440,LEMONADE
2013-12-22,,119.60000000000001,240,LEMONADE
2013-12-23,,119.60000000000001,600,LEMONADE
2013-12-24,,119.60000000000001,600,LEMONADE
2013-12-25,,119.60000000000001,440,LEMONADE
2013-12-26,,119.60000000000001,520,LEMONADE
2013-12-27,,119.60000000000001,520,LEMONADE
2013-12-28,,119.60000000000001,440,LEMONADE
2013-12-29,,119.60000000000001,320,LEMONADE
2013-12-30,,119.60000000000001,560,LEMONADE
2013-12-31,,119.60000000000001,440,LEMONADE
2014-01-01,New Year,119.60000000000001,400,LEMONADE
2014-01-02,New Year,119.60000000000001,440,LEMONADE
2014-01-03,New Year,119.60000000000001,400,LEMONADE
2014-01-04,,119.60000000000001,400,LEMONADE
2014-01-05,,119.60000000000001,400,LEMONADE
2014-01-06,,119.60000000000001,600,LEMONADE
2014-01-07,,119.60000000000001,480,LEMONADE
2014-01-08,,119.60000000000001,520,LEMONADE
2014-01-09,,119.60000000000001,440,LEMONADE
2014-01-10,,119.60000000000001,600,LEMONADE
2014-01-11,,119.60000000000001,480,LEMONADE
2014-01-12,,119.60000000000001,480,LEMONADE
2014-01-13,,119.60000000000001,480,LEMONADE
2014-01-14,,119.60000000000001,520,LEMONADE
2014-01-15,,119.60000000000001,520,LEMONADE
2014-01-16,,119.60000000000001,520,LEMONADE
2014-01-17,,119.60000000000001,480,LEMONADE
2014-01-18,,119.60000000000001,360,LEMONADE
2014-01-19,,119.60000000000001,320,LEMONADE
2014-01-20,,119.60000000000001,440,LEMONADE
2014-01-21,,119.60000000000001,560,LEMONADE
2014-01-22,,119.60000000000001,480,LEMONADE
2014-01-23,,119.60000000000001,480,LEMONADE
2014-01-24,,119.60000000000001,600,LEMONADE
2014-01-25,,119.60000000000001,400,LEMONADE
2014-01-26,,119.60000000000001,440,LEMONADE
2014-01-27,,119.60000000000001,480,LEMONADE
2014-01-28,,119.60000000000001,480,LEMONADE
2014-01-29,,119.60000000000001,440,LEMONADE
2014-01-30,,119.60000000000001,360,LEMONADE
2014-01-31,,119.60000000000001,360,LEMONADE
2014-02-01,,119.60000000000001,400,LEMONADE
2014-02-02,,119.60000000000001,320,LEMONADE
2014-02-03,,119.60000000000001,440,LEMONADE
2014-02-04,,119.60000000000001,560,LEMONADE
2014-02-05,,119.60000000000001,560,LEMONADE
2014-02-06,,119.60000000000001,480,LEMONADE
2014-02-07,,119.60000000000001,600,LEMONADE
2014-02-08,,119.60000000000001,400,LEMONADE
2014-02-09,Luner New Year,119.60000000000001,200,LEMONADE
2014-02-10,Luner New Year,119.60000000000001,400,LEMONADE
2014-02-11,Luner New Year,119.60000000000001,320,LEMONADE
2014-02-12,Luner New Year,119.60000000000001,320,LEMONADE
2014-02-13,Luner New Year,119.60000000000001,240,LEMONADE
2014-02-14,Luner New Year,119.60000000000001,400,LEMONADE
2014-02-15,Luner New Year,119.60000000000001,280,LEMONADE
2014-02-16,,119.60000000000001,240,LEMONADE
2014-02-17,,119.60000000000001,520,LEMONADE
2014-02-18,,119.60000000000001,600,LEMONADE
2014-02-19,,119.60000000000001,560,LEMONADE
2014-02-20,,119.60000000000001,560,LEMONADE
2014-02-21,,119.60000000000001,440,LEMONADE
2014-02-22,,119.60000000000001,360,LEMONADE
2014-02-23,,119.60000000000001,320,LEMONADE
2014-02-24,,119.60000000000001,480,LEMONADE
2014-02-25,,119.60000000000001,520,LEMONADE
2014-02-26,,119.60000000000001,440,LEMONADE
2014-02-27,,119.60000000000001,480,LEMONADE
2014-02-28,,119.60000000000001,520,LEMONADE
2014-03-01,,119.60000000000001,240,LEMONADE
2014-03-02,,119.60000000000001,360,LEMONADE
2014-03-03,,119.60000000000001,480,LEMONADE
2014-03-04,,119.60000000000001,480,LEMONADE
2014-03-05,,119.60000000000001,480,LEMONADE
2014-03-06,,119.60000000000001,360,LEMONADE
2014-03-07,,119.60000000000001,520,LEMONADE
2014-03-08,,119.60000000000001,280,LEMONADE
2014-03-09,,119.60000000000001,320,LEMONADE
2014-03-10,,119.60000000000001,520,LEMONADE
2014-03-11,,119.60000000000001,400,LEMONADE
2014-03-12,,119.60000000000001,520,LEMONADE
2014-03-13,,119.60000000000001,440,LEMONADE
2014-03-14,,119.60000000000001,520,LEMONADE
2014-03-15,,119.60000000000001,320,LEMONADE
2014-03-16,,119.60000000000001,240,LEMONADE
2014-03-17,,119.60000000000001,440,LEMONADE
2014-03-18,,119.60000000000001,360,LEMONADE
2014-03-19,,119.60000000000001,400,LEMONADE
2014-03-20,,119.60000000000001,360,LEMONADE
2014-03-21,,119.60000000000001,360,LEMONADE
2014-03-22,,119.60000000000001,400,LEMONADE
2014-03-23,,119.60000000000001,280,LEMONADE
2014-03-24,,119.60000000000001,520,LEMONADE
2014-03-25,,119.60000000000001,400,LEMONADE
2014-03-26,,119.60000000000001,480,LEMONADE
2014-03-27,,119.60000000000001,360,LEMONADE
2014-03-28,,119.60000000000001,480,LEMONADE
2014-03-29,,119.60000000000001,320,LEMONADE
2014-03-30,,119.60000000000001,400,LEMONADE
2014-03-31,,119.60000000000001,520,LEMONADE
2014-04-01,,119.60000000000001,400,LEMONADE
2014-04-02,,119.60000000000001,480,LEMONADE
2014-04-03,,119.60000000000001,440,LEMONADE
2014-04-04,Qing Ming Festival,119.60000000000001,320,LEMONADE
2014-04-05,Qing Ming Festival,119.60000000000001,320,LEMONADE
2014-04-06,Qing Ming Festival,119.60000000000001,280,LEMONADE
2014-04-07,,119.60000000000001,440,LEMONADE
2014-04-08,,119.60000000000001,360,LEMONADE
2014-04-09,,119.60000000000001,480,LEMONADE
2014-04-10,,119.60000000000001,440,LEMONADE
2014-04-11,,119.60000000000001,400,LEMONADE
2014-04-12,,119.60000000000001,240,LEMONADE
2014-04-13,,119.60000000000001,400,LEMONADE
2014-04-14,,119.60000000000001,520,LEMONADE
2014-04-15,,119.60000000000001,440,LEMONADE
2014-04-16,,119.60000000000001,400,LEMONADE
2014-04-17,,119.60000000000001,400,LEMONADE
2014-04-18,,119.60000000000001,520,LEMONADE
2014-04-19,,119.60000000000001,280,LEMONADE
2014-04-20,,113.4,440,LEMONADE
2014-04-21,,113.4,560,LEMONADE
2014-04-22,,113.4,560,LEMONADE
2014-04-23,,113.4,560,LEMONADE
2014-04-24,,113.4,520,LEMONADE
2014-04-25,,113.4,480,LEMONADE
2014-04-26,,113.4,280,LEMONADE
2014-04-27,,113.4,360,LEMONADE
2014-04-28,,113.4,560,LEMONADE
2014-04-29,Labor Day,113.4,440,LEMONADE
2014-04-30,Labor Day,113.4,440,LEMONADE
2014-05-01,Labor Day,113.4,400,LEMONADE
2014-05-02,,113.4,560,LEMONADE
2014-05-03,,113.4,320,LEMONADE
2014-05-04,,113.4,320,LEMONADE
2014-05-05,,113.4,440,LEMONADE
2014-05-06,,113.4,400,LEMONADE
2014-05-07,,113.4,400,LEMONADE
2014-05-08,,113.4,520,LEMONADE
2014-05-09,,113.4,520,LEMONADE
2014-05-10,,113.4,440,LEMONADE
2014-05-11,,113.4,280,LEMONADE
2014-05-12,,113.4,560,LEMONADE
2014-05-13,,113.4,560,LEMONADE
2014-05-14,,113.4,560,LEMONADE
2014-05-15,,113.4,440,LEMONADE
2014-05-16,,113.4,560,LEMONADE
2014-05-17,,113.4,400,LEMONADE
2014-05-18,,113.4,320,LEMONADE
2014-05-19,,113.4,560,LEMONADE
2014-05-20,,113.4,560,LEMONADE
2014-05-21,,113.4,440,LEMONADE
2014-05-22,,113.4,400,LEMONADE
2014-05-23,,113.4,520,LEMONADE
2014-05-24,,113.4,360,LEMONADE
2014-05-25,,113.4,360,LEMONADE
2014-05-26,,113.4,560,LEMONADE
2014-05-27,,113.4,560,LEMONADE
2014-05-28,,113.4,440,LEMONADE
2014-05-29,,113.4,480,LEMONADE
2014-05-30,,113.4,560,LEMONADE
2014-05-31,,113.4,280,LEMONADE
2014-06-01,,113.4,280,LEMONADE
2014-06-02,,113.4,560,LEMONADE
2014-06-03,,113.4,520,LEMONADE
2014-06-04,,113.4,480,LEMONADE
2014-06-05,,113.4,520,LEMONADE
2014-06-06,,113.4,560,LEMONADE
2014-06-07,,113.4,400,LEMONADE
2014-06-08,,113.4,280,LEMONADE
2014-06-09,,113.4,400,LEMONADE
2014-06-10,Dragon Boat Festivel,113.4,360,LEMONADE
2014-06-11,Dragon Boat Festivel,113.4,440,LEMONADE
2014-06-12,Dragon Boat Festivel,113.4,280,LEMONADE
2014-06-13,,113.4,480,LEMONADE
2014-06-14,,113.4,280,LEMONADE
2014-06-15,,113.4,440,LEMONADE
2014-06-16,,113.4,480,LEMONADE
2014-06-17,,113.4,440,LEMONADE
2014-06-18,,113.4,520,LEMONADE
2014-06-19,,113.4,480,LEMONADE
2014-06-20,,113.4,560,LEMONADE
2014-06-21,,113.4,280,LEMONADE
2014-06-22,,113.4,280,LEMONADE
2014-06-23,,113.4,480,LEMONADE
2014-06-24,,113.4,480,LEMONADE
2014-06-25,,113.4,520,LEMONADE
2014-06-26,,113.4,440,LEMONADE
2014-06-27,,113.4,560,LEMONADE
2014-06-28,,113.4,400,LEMONADE
2014-06-29,,113.4,280,LEMONADE
2014-06-30,,113.4,520,LEMONADE
2014-07-01,,113.4,400,LEMONADE
2014-07-02,,113.4,440,LEMONADE
2014-07-03,,113.4,400,LEMONADE
2014-07-04,,113.4,480,LEMONADE
2014-07-05,,113.4,280,LEMONADE
2014-07-06,,113.4,280,LEMONADE
2014-07-07,,113.4,480,LEMONADE
2014-07-08,,113.4,520,LEMONADE
2014-07-09,,113.4,440,LEMONADE
2014-07-10,,113.4,560,LEMONADE
2014-07-11,,113.4,560,LEMONADE
2014-07-12,,113.4,440,LEMONADE
2014-07-13,,113.4,320,LEMONADE
2014-07-14,,113.4,400,LEMONADE
2014-07-15,,113.4,520,LEMONADE
2014-07-16,,113.4,480,LEMONADE
2014-07-17,,113.4,520,LEMONADE
2014-07-18,,113.4,520,LEMONADE
2014-07-19,,113.4,280,LEMONADE
2014-07-20,,113.4,360,LEMONADE
2014-07-21,,113.4,440,LEMONADE
2014-07-22,,113.4,520,LEMONADE
2014-07-23,,113.4,520,LEMONADE
2014-07-24,,113.4,560,LEMONADE
2014-07-25,,113.4,440,LEMONADE
2014-07-26,,113.4,440,LEMONADE
2014-07-27,,113.4,280,LEMONADE
2014-07-28,,113.4,520,LEMONADE
2014-07-29,,113.4,480,LEMONADE
2014-07-30,,113.4,560,LEMONADE
2014-07-31,,113.4,560,LEMONADE
2014-08-01,,113.4,480,LEMONADE
2014-08-02,,113.4,440,LEMONADE
2014-08-03,,113.4,440,LEMONADE
2014-08-04,,113.4,520,LEMONADE
2014-08-05,,113.4,560,LEMONADE
2014-08-06,,113.4,400,LEMONADE
2014-08-07,,113.4,480,LEMONADE
2014-08-08,,113.4,480,LEMONADE
2014-08-09,,113.4,320,LEMONADE
2014-08-10,,113.4,320,LEMONADE
2014-08-11,,113.4,520,LEMONADE
2014-08-12,,113.4,440,LEMONADE
2014-08-13,,113.4,440,LEMONADE
2014-08-14,,113.4,520,LEMONADE
2014-08-15,,113.4,520,LEMONADE
2014-08-16,,113.4,440,LEMONADE
2014-08-17,,113.4,280,LEMONADE
2014-08-18,,128.5,320,LEMONADE
2014-08-19,,128.5,320,LEMONADE
2014-08-20,,128.5,440,LEMONADE
2014-08-21,,128.5,480,LEMONADE
2014-08-22,,128.5,360,LEMONADE
2014-08-23,,128.5,240,LEMONADE
2014-08-24,,128.5,320,LEMONADE
2014-08-25,,128.5,320,LEMONADE
2014-08-26,,128.5,360,LEMONADE
2014-08-27,,128.5,440,LEMONADE
2014-08-28,,128.5,320,LEMONADE
2014-08-29,,128.5,480,LEMONADE
2014-08-30,,128.5,360,LEMONADE
2014-08-31,,128.5,360,LEMONADE
2014-09-01,,128.5,360,LEMONADE
2014-09-02,,128.5,400,LEMONADE
2014-09-03,,128.5,440,LEMONADE
2014-09-04,,128.5,400,LEMONADE
2014-09-05,,128.5,320,LEMONADE
2014-09-06,,128.5,360,LEMONADE
2014-09-07,,128.5,240,LEMONADE
2014-09-08,,128.5,400,LEMONADE
2014-09-09,,128.5,320,LEMONADE
2014-09-10,,128.5,360,LEMONADE
2014-09-11,,128.5,400,LEMONADE
2014-09-12,,128.5,320,LEMONADE
2014-09-13,,128.5,320,LEMONADE
2014-09-14,,128.5,320,LEMONADE
2014-09-15,,128.5,360,LEMONADE
2014-09-16,,128.5,480,LEMONADE
2014-09-17,,128.5,440,LEMONADE
2014-09-18,,128.5,360,LEMONADE
2014-09-19,Mid-Autumn Day,128.5,320,LEMONADE
2014-09-20,Mid-Autumn Day,128.5,160,LEMONADE
2014-09-21,Mid-Autumn Day,128.5,240,LEMONADE
2014-09-22,,128.5,480,LEMONADE
2014-09-23,,128.5,400,LEMONADE
2014-09-24,,128.5,440,LEMONADE
2014-09-25,,128.5,440,LEMONADE
2014-09-26,,128.5,360,LEMONADE
2014-09-27,,128.5,360,LEMONADE
2014-09-28,,128.5,360,LEMONADE
2014-09-29,,128.5,400,LEMONADE
2014-09-30,,128.5,400,LEMONADE
2014-10-01,National Day,128.5,360,LEMONADE
2014-10-02,National Day,128.5,280,LEMONADE
2014-10-03,National Day,128.5,360,LEMONADE
2014-10-04,National Day,128.5,240,LEMONADE
2014-10-05,National Day,128.5,280,LEMONADE
2014-10-06,National Day,128.5,280,LEMONADE
2014-10-07,National Day,128.5,360,LEMONADE
2014-10-08,,128.5,520,LEMONADE
2014-10-09,,128.5,440,LEMONADE
2014-10-10,,128.5,480,LEMONADE
2014-10-11,,128.5,360,LEMONADE
2014-10-12,,128.5,400,LEMONADE
2014-10-13,,128.5,360,LEMONADE
2014-10-14,,128.5,320,LEMONADE
2014-10-15,,128.5,400,LEMONADE
2014-10-16,,128.5,320,LEMONADE
2014-10-17,,128.5,360,LEMONADE
2014-10-18,,128.5,360,LEMONADE
2014-10-19,,128.5,280,LEMONADE
2014-10-20,,128.5,320,LEMONADE
2014-10-21,,128.5,400,LEMONADE
2014-10-22,,128.5,400,LEMONADE
2014-10-23,,128.5,320,LEMONADE
2014-10-24,,128.5,400,LEMONADE
2014-10-25,,128.5,360,LEMONADE
2014-10-26,,128.5,400,LEMONADE
2014-10-27,,128.5,360,LEMONADE
2014-10-28,,128.5,440,LEMONADE
2014-10-29,,128.5,440,LEMONADE
2014-10-30,,128.5,320,LEMONADE
2014-10-31,,128.5,320,LEMONADE
2014-11-01,,128.5,360,LEMONADE
2014-11-02,,128.5,360,LEMONADE
2014-11-03,,128.5,320,LEMONADE
2014-11-04,,128.5,400,LEMONADE
2014-11-05,,128.5,440,LEMONADE
2014-11-06,,128.5,440,LEMONADE
2014-11-07,,128.5,480,LEMONADE
2014-11-08,,128.5,360,LEMONADE
2014-11-09,,128.5,240,LEMONADE
2014-11-10,,128.5,360,LEMONADE
2014-11-11,,128.5,400,LEMONADE
2014-11-12,,128.5,480,LEMONADE
2014-11-13,,128.5,400,LEMONADE
2014-11-14,,128.5,360,LEMONADE
2014-11-15,,128.5,320,LEMONADE
2014-11-16,,128.5,240,LEMONADE
2014-11-17,,128.5,320,LEMONADE
2014-11-18,,128.5,440,LEMONADE
2014-11-19,,128.5,480,LEMONADE
2014-11-20,,128.5,440,LEMONADE
2014-11-21,,128.5,440,LEMONADE
2014-11-22,,128.5,320,LEMONADE
2014-11-23,,128.5,280,LEMONADE
2014-11-24,,128.5,480,LEMONADE
2014-11-25,,128.5,400,LEMONADE
2014-11-26,,128.5,320,LEMONADE
2014-11-27,,128.5,400,LEMONADE
2014-11-28,,128.5,480,LEMONADE
2014-11-29,,128.5,320,LEMONADE
2014-11-30,,128.5,320,LEMONADE
2014-12-01,,128.5,480,LEMONADE
2014-12-02,,128.5,360,LEMONADE
2014-12-03,,128.5,360,LEMONADE
2014-12-04,,128.5,480,LEMONADE
2014-12-05,,128.5,480,LEMONADE
2014-12-06,,128.5,320,LEMONADE
2014-12-07,,128.5,240,LEMONADE
2014-12-08,,128.5,320,LEMONADE
2014-12-09,,128.5,360,LEMONADE
2014-12-10,,128.5,480,LEMONADE
2014-12-11,,128.5,320,LEMONADE
2014-12-12,,128.5,480,LEMONADE
2014-12-13,,128.5,240,LEMONADE
2014-12-14,,128.5,320,LEMONADE
2014-12-15,,128.5,400,LEMONADE
2014-12-16,,114.5,520,LEMONADE
2014-12-17,,114.5,600,LEMONADE
2014-12-18,,114.5,560,LEMONADE
2014-12-19,,114.5,520,LEMONADE
2014-12-20,,114.5,400,LEMONADE
2014-12-21,,114.5,400,LEMONADE
2014-12-22,,114.5,520,LEMONADE
2014-12-23,,114.5,480,LEMONADE
2014-12-24,,114.5,600,LEMONADE
2014-12-25,,114.5,520,LEMONADE
2014-12-26,,114.5,560,LEMONADE
2014-12-27,,114.5,400,LEMONADE
2014-12-28,,114.5,440,LEMONADE
2014-12-29,,114.5,440,LEMONADE
2014-12-30,,114.5,440,LEMONADE
2014-12-31,,114.5,480,LEMONADE
2015-01-01,New Year,114.5,400,LEMONADE
2015-01-02,,114.5,440,LEMONADE
2015-01-03,,114.5,320,LEMONADE
2015-01-04,,114.5,280,LEMONADE
2015-01-05,,114.5,440,LEMONADE
2015-01-06,,114.5,440,LEMONADE
2015-01-07,,114.5,400,LEMONADE
2015-01-08,,114.5,600,LEMONADE
2015-01-09,,114.5,520,LEMONADE
2015-01-10,,114.5,400,LEMONADE
2015-01-11,,114.5,440,LEMONADE
2015-01-12,,114.5,560,LEMONADE
2015-01-13,,114.5,560,LEMONADE
2015-01-14,,114.5,600,LEMONADE
2015-01-15,,114.5,560,LEMONADE
2015-01-16,,114.5,440,LEMONADE
2015-01-17,,114.5,440,LEMONADE
2015-01-18,,114.5,440,LEMONADE
2015-01-19,,114.5,440,LEMONADE
2015-01-20,,114.5,560,LEMONADE
2015-01-21,,114.5,600,LEMONADE
2015-01-22,,114.5,480,LEMONADE
2015-01-23,,114.5,440,LEMONADE
2015-01-24,,114.5,400,LEMONADE
2015-01-25,,114.5,360,LEMONADE
2015-01-26,,114.5,400,LEMONADE
2015-01-27,,114.5,440,LEMONADE
2015-01-28,,114.5,400,LEMONADE
2015-01-29,,114.5,400,LEMONADE
2015-01-30,,114.5,520,LEMONADE
2015-01-31,Luner New Year,114.5,320,LEMONADE
2015-02-01,Luner New Year,114.5,280,LEMONADE
2015-02-02,Luner New Year,114.5,320,LEMONADE
2015-02-03,Luner New Year,114.5,360,LEMONADE
2015-02-04,Luner New Year,114.5,320,LEMONADE
2015-02-05,Luner New Year,114.5,440,LEMONADE
2015-02-06,Luner New Year,114.5,360,LEMONADE
2015-02-07,,114.5,320,LEMONADE
2015-02-08,,114.5,400,LEMONADE
2015-02-09,,114.5,480,LEMONADE
2015-02-10,,114.5,480,LEMONADE
2015-02-11,,114.5,600,LEMONADE
2015-02-12,,114.5,560,LEMONADE
2015-02-13,,114.5,480,LEMONADE
2015-02-14,,114.5,360,LEMONADE
2015-02-15,,114.5,440,LEMONADE
2015-02-16,,114.5,440,LEMONADE
2015-02-17,,114.5,480,LEMONADE
2015-02-18,,114.5,480,LEMONADE
2015-02-19,,114.5,440,LEMONADE
2015-02-20,,114.5,440,LEMONADE
2015-02-21,,114.5,440,LEMONADE
2015-02-22,,114.5,360,LEMONADE
2015-02-23,,114.5,400,LEMONADE
2015-02-24,,114.5,560,LEMONADE
2015-02-25,,114.5,560,LEMONADE
2015-02-26,,114.5,440,LEMONADE
2015-02-27,,114.5,480,LEMONADE
2015-02-28,,114.5,360,LEMONADE
2015-03-01,,114.5,320,LEMONADE
2015-03-02,,114.5,400,LEMONADE
2015-03-03,,114.5,440,LEMONADE
2015-03-04,,114.5,440,LEMONADE
2015-03-05,,114.5,520,LEMONADE
2015-03-06,,114.5,480,LEMONADE
2015-03-07,,114.5,440,LEMONADE
2015-03-08,,114.5,400,LEMONADE
2015-03-09,,114.5,480,LEMONADE
2015-03-10,,114.5,480,LEMONADE
