cafe_transaction_store.csv
calendar_date,holiday,price,quantity,item_name
2015-03-11,,114.5,560,LEMONADE
2015-03-12,,114.5,560,LEMONADE
2015-03-13,,114.5,440,LEMONADE
2015-03-14,,114.5,400,LEMONADE
2015-03-15,,114.5,400,LEMONADE
2015-03-16,,114.5,440,LEMONADE
2015-03-17,,114.5,440,LEMONADE
2015-03-18,,114.5,440,LEMONADE
2015-03-19,,114.5,560,LEMONADE
2015-03-20,,114.5,400,LEMONADE
2015-03-21,,114.5,360,LEMONADE
2015-03-22,,114.5,320,LEMONADE
2015-03-23,,114.5,480,LEMONADE
2015-03-24,,114.5,440,LEMONADE
2015-03-25,,114.5,520,LEMONADE
2015-03-26,,114.5,440,LEMONADE
2015-03-27,,114.5,440,LEMONADE
2015-03-28,,114.5,280,LEMONADE
2015-03-29,,114.5,440,LEMONADE
2015-03-30,,114.5,520,LEMONADE
2015-03-31,,114.5,560,LEMONADE
2015-04-01,,114.5,400,LEMONADE
2015-04-02,,114.5,520,LEMONADE
2015-04-03,,114.5,560,LEMONADE
2015-04-04,,114.5,320,LEMONADE
2015-04-05,Qing Ming Festival,114.5,200,LEMONADE
2015-04-06,Qing Ming Festival,114.5,400,LEMONADE
2015-04-07,Qing Ming Festival,114.5,440,LEMONADE
2015-04-08,,114.5,520,LEMONADE
2015-04-09,,114.5,520,LEMONADE
2015-04-10,,114.5,480,LEMONADE
2015-04-11,,114.5,440,LEMONADE
2015-04-12,,114.5,320,LEMONADE
2015-04-13,,114.5,400,LEMONADE
2015-04-14,,114.5,400,LEMONADE
2015-04-15,,122.6,520,LEMONADE
2015-04-16,,122.6,400,LEMONADE
2015-04-17,,122.6,400,LEMONADE
2015-04-18,,122.6,400,LEMONADE
2015-04-19,,122.6,280,LEMONADE
2015-04-20,,122.6,480,LEMONADE
2015-04-21,,122.6,440,LEMONADE
2015-04-22,,122.6,440,LEMONADE
2015-04-23,,122.6,360,LEMONADE
2015-04-24,,122.6,480,LEMONADE
2015-04-25,,122.6,400,LEMONADE
2015-04-26,,122.6,240,LEMONADE
2015-04-27,,122.6,440,LEMONADE
2015-04-28,,122.6,360,LEMONADE
2015-04-29,,122.6,440,LEMONADE
2015-04-30,,122.6,480,LEMONADE
2015-05-01,Labor Day,122.6,360,LEMONADE
2015-05-02,Labor Day,122.6,280,LEMONADE
2015-05-03,Labor Day,122.6,160,LEMONADE
2015-05-04,,122.6,520,LEMONADE
2015-05-05,,122.6,360,LEMONADE
2015-05-06,,122.6,400,LEMONADE
2015-05-07,,122.6,400,LEMONADE
2015-05-08,,122.6,400,LEMONADE
2015-05-09,,122.6,280,LEMONADE
2015-05-10,,122.6,360,LEMONADE
2015-05-11,,122.6,440,LEMONADE
2015-05-12,,122.6,480,LEMONADE
2015-05-13,,122.6,520,LEMONADE
2015-05-14,,122.6,440,LEMONADE
2015-05-15,,122.6,440,LEMONADE
2015-05-16,,122.6,280,LEMONADE
2015-05-17,,122.6,240,LEMONADE
2015-05-18,,122.6,360,LEMONADE
2015-05-19,,122.6,440,LEMONADE
2015-05-20,,122.6,520,LEMONADE
2015-05-21,,122.6,520,LEMONADE
2015-05-22,,122.6,400,LEMONADE
2015-05-23,,122.6,320,LEMONADE
2015-05-24,,122.6,360,LEMONADE
2015-05-25,,122.6,360,LEMONADE
2015-05-26,,122.6,440,LEMONADE
2015-05-27,,122.6,480,LEMONADE
2015-05-28,,122.6,360,LEMONADE
2015-05-29,,122.6,520,LEMONADE
2015-05-30,,122.6,240,LEMONADE
2015-05-31,Dragon Boat Festivel,122.6,160,LEMONADE
2015-06-01,Dragon Boat Festivel,122.6,400,LEMONADE
2015-06-02,Dragon Boat Festivel,122.6,360,LEMONADE
2015-06-03,,122.6,400,LEMONADE
2015-06-04,,122.6,440,LEMONADE
2015-06-05,,122.6,440,LEMONADE
2015-06-06,,122.6,280,LEMONADE
2015-06-07,,122.6,320,LEMONADE
2015-06-08,,122.6,520,LEMONADE
2015-06-09,,122.6,520,LEMONADE
2015-06-10,,122.6,480,LEMONADE
2015-06-11,,122.6,360,LEMONADE
2015-06-12,,122.6,360,LEMONADE
2015-06-13,,122.6,280,LEMONADE
2015-06-14,,122.6,360,LEMONADE
2015-06-15,,122.6,440,LEMONADE
2015-06-16,,122.6,520,LEMONADE
2015-06-17,,122.6,400,LEMONADE
2015-06-18,,122.6,480,LEMONADE
2015-06-19,,122.6,440,LEMONADE
2015-06-20,,122.6,360,LEMONADE
2015-06-21,,122.6,400,LEMONADE
2015-06-22,,122.6,400,LEMONADE
2015-06-23,,122.6,360,LEMONADE
2015-06-24,,122.6,440,LEMONADE
2015-06-25,,122.6,440,LEMONADE
2015-06-26,,122.6,480,LEMONADE
2015-06-27,,122.6,400,LEMONADE
2015-06-28,,122.6,240,LEMONADE
2015-06-29,,122.6,480,LEMONADE
2015-06-30,,122.6,480,LEMONADE
2015-07-01,,122.6,520,LEMONADE
2015-07-02,,122.6,400,LEMONADE
2015-07-03,,122.6,400,LEMONADE
2015-07-04,,122.6,320,LEMONADE
2015-07-05,,122.6,320,LEMONADE
2015-07-06,,122.6,520,LEMONADE
2015-07-07,,122.6,480,LEMONADE
2015-07-08,,122.6,480,LEMONADE
2015-07-09,,122.6,400,LEMONADE
2015-07-10,,122.6,480,LEMONADE
2015-07-11,,122.6,280,LEMONADE
2015-07-12,,122.6,320,LEMONADE
2015-07-13,,122.6,400,LEMONADE
2015-07-14,,122.6,360,LEMONADE
2015-07-15,,122.6,520,LEMONADE
2015-07-16,,122.6,360,LEMONADE
2015-07-17,,122.6,440,LEMONADE
2015-07-18,,122.6,400,LEMONADE
2015-07-19,,122.6,320,LEMONADE
2015-07-20,,122.6,520,LEMONADE
2015-07-21,,122.6,440,LEMONADE
2015-07-22,,122.6,360,LEMONADE
2015-07-23,,122.6,480,LEMONADE
2015-07-24,,122.6,400,LEMONADE
2015-07-25,,122.6,280,LEMONADE
2015-07-26,,122.6,400,LEMONADE
2015-07-27,,122.6,520,LEMONADE
2015-07-28,,122.6,520,LEMONADE
2015-07-29,,122.6,440,LEMONADE
2015-07-30,,122.6,480,LEMONADE
2015-07-31,,122.6,360,LEMONADE
2015-08-01,,122.6,280,LEMONADE
2015-08-02,,122.6,240,LEMONADE
2015-08-03,,122.6,400,LEMONADE
2015-08-04,,122.6,360,LEMONADE
2015-08-05,,122.6,440,LEMONADE
2015-08-06,,122.6,400,LEMONADE
2015-08-07,,122.6,480,LEMONADE
2015-08-08,,122.6,320,LEMONADE
2015-08-09,,122.6,280,LEMONADE
2015-08-10,,122.6,400,LEMONADE
2015-08-11,,122.6,480,LEMONADE
2015-08-12,,122.6,360,LEMONADE
2015-08-13,,115.0,360,LEMONADE
2015-08-14,,115.0,360,LEMONADE
2015-08-15,,115.0,400,LEMONADE
2015-08-16,,115.0,440,LEMONADE
2015-08-17,,115.0,440,LEMONADE
2015-08-18,,115.0,480,LEMONADE
2015-08-19,,115.0,400,LEMONADE
2015-08-20,,115.0,480,LEMONADE
2015-08-21,,115.0,520,LEMONADE
2015-08-22,,115.0,360,LEMONADE
2015-08-23,,115.0,360,LEMONADE
2015-08-24,,115.0,360,LEMONADE
2015-08-25,,115.0,520,LEMONADE
2015-08-26,,115.0,520,LEMONADE
2015-08-27,,115.0,440,LEMONADE
2015-08-28,,115.0,360,LEMONADE
2015-08-29,,115.0,400,LEMONADE
2015-08-30,,115.0,320,LEMONADE
2015-08-31,,115.0,520,LEMONADE
2015-09-01,,115.0,400,LEMONADE
2015-09-02,,115.0,480,LEMONADE
2015-09-03,WWII Celebration,115.0,320,LEMONADE
2015-09-04,WWII Celebration,115.0,280,LEMONADE
2015-09-05,WWII Celebration,115.0,400,LEMONADE
2015-09-06,,115.0,520,LEMONADE
2015-09-07,,115.0,400,LEMONADE
2015-09-08,,115.0,520,LEMONADE
2015-09-09,,115.0,360,LEMONADE
2015-09-10,,115.0,360,LEMONADE
2012-01-01,New Year,126.0,600,SANDWICH
2012-01-02,New Year,126.0,680,SANDWICH
2012-01-03,New Year,126.0,560,SANDWICH
2012-01-04,,126.0,840,SANDWICH
2012-01-05,,126.0,1160,SANDWICH
2012-01-06,,126.0,1080,SANDWICH
2012-01-07,,126.0,840,SANDWICH
2012-01-08,,126.0,840,SANDWICH
2012-01-09,,126.0,1080,SANDWICH
2012-01-10,,126.0,1160,SANDWICH
2012-01-11,,126.0,1040,SANDWICH
2012-01-12,,126.0,1200,SANDWICH
2012-01-13,,126.0,1160,SANDWICH
2012-01-14,,126.0,840,SANDWICH
2012-01-15,,126.0,640,SANDWICH
2012-01-16,,126.0,1120,SANDWICH
2012-01-17,,126.0,1080,SANDWICH
2012-01-18,,126.0,1160,SANDWICH
2012-01-19,,126.0,1080,SANDWICH
2012-01-20,,126.0,1160,SANDWICH
2012-01-21,,126.0,800,SANDWICH
2012-01-22,,126.0,680,SANDWICH
2012-01-23,,126.0,1040,SANDWICH
2012-01-24,,126.0,1120,SANDWICH
2012-01-25,,126.0,1200,SANDWICH
2012-01-26,,126.0,1040,SANDWICH
2012-01-27,,126.0,920,SANDWICH
2012-01-28,,126.0,680,SANDWICH
2012-01-29,,126.0,760,SANDWICH
2012-01-30,,126.0,1040,SANDWICH
2012-01-31,,126.0,840,SANDWICH
2012-02-01,,126.0,960,SANDWICH
2012-02-02,Luner New Year,126.0,680,SANDWICH
2012-02-03,Luner New Year,126.0,640,SANDWICH
2012-02-04,Luner New Year,126.0,400,SANDWICH
2012-02-05,Luner New Year,126.0,560,SANDWICH
2012-02-06,Luner New Year,126.0,640,SANDWICH
2012-02-07,Luner New Year,126.0,600,SANDWICH
2012-02-08,Luner New Year,126.0,600,SANDWICH
2012-02-09,,126.0,840,SANDWICH
2012-02-10,,126.0,880,SANDWICH
2012-02-11,,126.0,800,SANDWICH
2012-02-12,,126.0,680,SANDWICH
2012-02-13,,126.0,920,SANDWICH
2012-02-14,,126.0,880,SANDWICH
2012-02-15,,126.0,960,SANDWICH
2012-02-16,,126.0,840,SANDWICH
2012-02-17,,126.0,840,SANDWICH
2012-02-18,,126.0,600,SANDWICH
2012-02-19,,126.0,560,SANDWICH
2012-02-20,,126.0,880,SANDWICH
2012-02-21,,126.0,880,SANDWICH
2012-02-22,,126.0,880,SANDWICH
2012-02-23,,126.0,920,SANDWICH
2012-02-24,,126.0,920,SANDWICH
2012-02-25,,126.0,720,SANDWICH
2012-02-26,,126.0,600,SANDWICH
2012-02-27,,126.0,1000,SANDWICH
2012-02-28,,126.0,840,SANDWICH
2012-03-01,,126.0,1000,SANDWICH
2012-03-02,,126.0,920,SANDWICH
2012-03-03,,126.0,600,SANDWICH
2012-03-04,,126.0,560,SANDWICH
2012-03-05,,126.0,920,SANDWICH
2012-03-06,,126.0,880,SANDWICH
2012-03-07,,126.0,880,SANDWICH
2012-03-08,,126.0,840,SANDWICH
2012-03-09,,126.0,880,SANDWICH
2012-03-10,,126.0,560,SANDWICH
2012-03-11,,126.0,680,SANDWICH
2012-03-12,,126.0,1000,SANDWICH
2012-03-13,,126.0,880,SANDWICH
2012-03-14,,126.0,840,SANDWICH
2012-03-15,,126.0,920,SANDWICH
2012-03-16,,126.0,920,SANDWICH
2012-03-17,,126.0,560,SANDWICH
2012-03-18,,126.0,600,SANDWICH
2012-03-19,,126.0,1000,SANDWICH
2012-03-20,,126.0,840,SANDWICH
2012-03-21,,126.0,840,SANDWICH
2012-03-22,,126.0,880,SANDWICH
2012-03-23,,126.0,920,SANDWICH
2012-03-24,,126.0,640,SANDWICH
2012-03-25,,126.0,640,SANDWICH
2012-03-26,,126.0,1000,SANDWICH
2012-03-27,,126.0,920,SANDWICH
2012-03-28,,126.0,960,SANDWICH
2012-03-29,,126.0,1000,SANDWICH
2012-03-30,,126.0,840,SANDWICH
2012-03-31,,126.0,560,SANDWICH
2012-04-01,,126.0,680,SANDWICH
2012-04-02,,126.0,880,SANDWICH
2012-04-03,Qing Ming Festival,126.0,720,SANDWICH
2012-04-04,Qing Ming Festival,126.0,600,SANDWICH
2012-04-05,Qing Ming Festival,126.0,600,SANDWICH
2012-04-06,,126.0,880,SANDWICH
2012-04-07,,126.0,640,SANDWICH
2012-04-08,,126.0,600,SANDWICH
2012-04-09,,126.0,880,SANDWICH
2012-04-10,,126.0,1000,SANDWICH
2012-04-11,,126.0,1000,SANDWICH
2012-04-12,,126.0,1000,SANDWICH
2012-04-13,,126.0,840,SANDWICH
2012-04-14,,126.0,680,SANDWICH
2012-04-15,,126.0,560,SANDWICH
2012-04-16,,126.0,1000,SANDWICH
2012-04-17,,126.0,840,SANDWICH
2012-04-18,,126.0,920,SANDWICH
2012-04-19,,126.0,960,SANDWICH
2012-04-20,,126.0,960,SANDWICH
2012-04-21,,126.0,560,SANDWICH
2012-04-22,,126.0,720,SANDWICH
2012-04-23,,126.0,920,SANDWICH
2012-04-24,,126.0,960,SANDWICH
2012-04-25,,126.0,960,SANDWICH
2012-04-26,,126.0,920,SANDWICH
2012-04-27,,126.0,960,SANDWICH
2012-04-28,,126.0,680,SANDWICH
2012-04-29,,126.0,560,SANDWICH
2012-04-30,Labor Day,126.0,720,SANDWICH
2012-05-01,Labor Day,104.7,880,SANDWICH
2012-05-02,Labor Day,104.7,840,SANDWICH
2012-05-03,,104.7,1160,SANDWICH
2012-05-04,,104.7,1160,SANDWICH
2012-05-05,,104.7,800,SANDWICH
2012-05-06,,104.7,840,SANDWICH
2012-05-07,,104.7,1200,SANDWICH
2012-05-08,,104.7,1200,SANDWICH
2012-05-09,,104.7,1240,SANDWICH
2012-05-10,,104.7,1160,SANDWICH
2012-05-11,,104.7,1240,SANDWICH
2012-05-12,,104.7,840,SANDWICH
2012-05-13,,104.7,800,SANDWICH
2012-05-14,,104.7,1200,SANDWICH
2012-05-15,,104.7,1120,SANDWICH
2012-05-16,,104.7,1160,SANDWICH
2012-05-17,,104.7,1280,SANDWICH
2012-05-18,,104.7,1240,SANDWICH
2012-05-19,,104.7,760,SANDWICH
2012-05-20,,104.7,760,SANDWICH
2012-05-21,,104.7,1280,SANDWICH
2012-05-22,,104.7,1160,SANDWICH
2012-05-23,,104.7,1280,SANDWICH
2012-05-24,,104.7,1120,SANDWICH
2012-05-25,,104.7,1120,SANDWICH
2012-05-26,,104.7,800,SANDWICH
2012-05-27,,104.7,840,SANDWICH
2012-05-28,,104.7,1200,SANDWICH
2012-05-29,,104.7,1200,SANDWICH
2012-05-30,,104.7,1200,SANDWICH
2012-05-31,,104.7,1280,SANDWICH
2012-06-01,,104.7,1200,SANDWICH
2012-06-02,,104.7,920,SANDWICH
2012-06-03,,104.7,840,SANDWICH
2012-06-04,Dragon Boat Festivel,104.7,840,SANDWICH
2012-06-05,Dragon Boat Festivel,104.7,800,SANDWICH
2012-06-06,Dragon Boat Festivel,104.7,760,SANDWICH
2012-06-07,,104.7,1240,SANDWICH
2012-06-08,,104.7,1120,SANDWICH
2012-06-09,,104.7,920,SANDWICH
2012-06-10,,104.7,760,SANDWICH
2012-06-11,,104.7,1160,SANDWICH
2012-06-12,,104.7,1280,SANDWICH
2012-06-13,,104.7,1280,SANDWICH
2012-06-14,,104.7,1280,SANDWICH
2012-06-15,,104.7,1200,SANDWICH
2012-06-16,,104.7,880,SANDWICH
2012-06-17,,104.7,920,SANDWICH
2012-06-18,,104.7,1280,SANDWICH
2012-06-19,,104.7,1280,SANDWICH
2012-06-20,,104.7,1160,SANDWICH
2012-06-21,,104.7,1240,SANDWICH
2012-06-22,,104.7,1280,SANDWICH
2012-06-23,,104.7,760,SANDWICH
2012-06-24,,104.7,760,SANDWICH
2012-06-25,,104.7,1240,SANDWICH
2012-06-26,,104.7,1120,SANDWICH
2012-06-27,,104.7,1120,SANDWICH
2012-06-28,,104.7,1120,SANDWICH
2012-06-29,,104.7,1200,SANDWICH
2012-06-30,,104.7,920,SANDWICH
2012-07-01,,104.7,760,SANDWICH
2012-07-02,,104.7,1200,SANDWICH
2012-07-03,,104.7,1240,SANDWICH
2012-07-04,,104.7,1280,SANDWICH
2012-07-05,,104.7,1160,SANDWICH
2012-07-06,,104.7,1120,SANDWICH
2012-07-07,,104.7,880,SANDWICH
2012-07-08,,104.7,880,SANDWICH
2012-07-09,,104.7,1200,SANDWICH
2012-07-10,,104.7,1120,SANDWICH
2012-07-11,,104.7,1160,SANDWICH
2012-07-12,,104.7,1200,SANDWICH
2012-07-13,,104.7,1120,SANDWICH
2012-07-14,,104.7,920,SANDWICH
2012-07-15,,104.7,760,SANDWICH
2012-07-16,,104.7,1160,SANDWICH
2012-07-17,,104.7,1120,SANDWICH
2012-07-18,,104.7,1240,SANDWICH
2012-07-19,,104.7,1280,SANDWICH
2012-07-20,,104.7,1240,SANDWICH
2012-07-21,,104.7,760,SANDWICH
2012-07-22,,104.7,800,SANDWICH
2012-07-23,,104.7,1120,SANDWICH
2012-07-24,,104.7,1280,SANDWICH
2012-07-25,,104.7,1240,SANDWICH
2012-07-26,,104.7,1160,SANDWICH
2012-07-27,,104.7,1280,SANDWICH
2012-07-28,,104.7,920,SANDWICH
2012-07-29,,104.7,880,SANDWICH
2012-07-30,,104.7,1240,SANDWICH
2012-07-31,,104.7,1120,SANDWICH
2012-08-01,,104.7,1120,SANDWICH
2012-08-02,,104.7,1280,SANDWICH
2012-08-03,,104.7,1120,SANDWICH
2012-08-04,,104.7,920,SANDWICH
2012-08-05,,104.7,760,SANDWICH
2012-08-06,,104.7,1200,SANDWICH
2012-08-07,,104.7,1120,SANDWICH
2012-08-08,,104.7,1280,SANDWICH
2012-08-09,,104.7,1240,SANDWICH
2012-08-10,,104.7,1240,SANDWICH
2012-08-11,,104.7,920,SANDWICH
2012-08-12,,104.7,800,SANDWICH
2012-08-13,,104.7,1160,SANDWICH
2012-08-14,,104.7,1200,SANDWICH
2012-08-15,,104.7,1280,SANDWICH
2012-08-16,,104.7,1120,SANDWICH
2012-08-17,,104.7,1240,SANDWICH
2012-08-18,,104.7,880,SANDWICH
2012-08-19,,104.7,920,SANDWICH
2012-08-20,,104.7,1160,SANDWICH
2012-08-21,,104.7,1160,SANDWICH
2012-08-22,,104.7,1160,SANDWICH
2012-08-23,,104.7,1160,SANDWICH
2012-08-24,,104.7,1280,SANDWICH
2012-08-25,,104.7,920,SANDWICH
2012-08-26,,104.7,760,SANDWICH
2012-08-27,,104.7,1160,SANDWICH
2012-08-28,,104.7,1120,SANDWICH
2012-08-29,,124.2,960,SANDWICH
2012-08-30,,124.2,1040,SANDWICH
2012-08-31,,124.2,920,SANDWICH
2012-09-01,,124.2,720,SANDWICH
2012-09-02,,124.2,600,SANDWICH
2012-09-03,,124.2,880,SANDWICH
2012-09-04,,124.2,1000,SANDWICH
2012-09-05,,124.2,1040,SANDWICH
2012-09-06,,124.2,880,SANDWICH
2012-09-07,,124.2,880,SANDWICH
2012-09-08,,124.2,760,SANDWICH
2012-09-09,,124.2,720,SANDWICH
2012-09-10,Mid-Autumn Day,124.2,680,SANDWICH
2012-09-11,Mid-Autumn Day,124.2,720,SANDWICH
2012-09-12,Mid-Autumn Day,124.2,600,SANDWICH
2012-09-13,,124.2,1040,SANDWICH
2012-09-14,,124.2,1040,SANDWICH
2012-09-15,,124.2,600,SANDWICH
2012-09-16,,124.2,720,SANDWICH
2012-09-17,,124.2,880,SANDWICH
2012-09-18,,124.2,880,SANDWICH
2012-09-19,,124.2,920,SANDWICH
2012-09-20,,124.2,920,SANDWICH
2012-09-21,,124.2,1040,SANDWICH
2012-09-22,,124.2,600,SANDWICH
2012-09-23,,124.2,600,SANDWICH
2012-09-24,,124.2,1040,SANDWICH
2012-09-25,,124.2,880,SANDWICH
2012-09-26,,124.2,920,SANDWICH
2012-09-27,,124.2,1000,SANDWICH
2012-09-28,,124.2,1000,SANDWICH
2012-09-29,,124.2,720,SANDWICH
2012-09-30,,124.2,760,SANDWICH
2012-10-01,National Day,124.2,680,SANDWICH
2012-10-02,National Day,124.2,640,SANDWICH
2012-10-03,National Day,124.2,640,SANDWICH
2012-10-04,National Day,124.2,720,SANDWICH
2012-10-05,National Day,124.2,640,SANDWICH
2012-10-06,National Day,124.2,440,SANDWICH
2012-10-07,National Day,124.2,560,SANDWICH
2012-10-08,,124.2,1000,SANDWICH
2012-10-09,,124.2,1040,SANDWICH
2012-10-10,,124.2,920,SANDWICH
2012-10-11,,124.2,960,SANDWICH
2012-10-12,,124.2,960,SANDWICH
2012-10-13,,124.2,760,SANDWICH
2012-10-14,,124.2,600,SANDWICH
2012-10-15,,124.2,1000,SANDWICH
2012-10-16,,124.2,960,SANDWICH
2012-10-17,,124.2,920,SANDWICH
2012-10-18,,124.2,920,SANDWICH
2012-10-19,,124.2,960,SANDWICH
2012-10-20,,124.2,600,SANDWICH
2012-10-21,,124.2,720,SANDWICH
2012-10-22,,124.2,1000,SANDWICH
2012-10-23,,124.2,1000,SANDWICH
2012-10-24,,124.2,1040,SANDWICH
2012-10-25,,124.2,880,SANDWICH
2012-10-26,,124.2,960,SANDWICH
2012-10-27,,124.2,760,SANDWICH
2012-10-28,,124.2,720,SANDWICH
2012-10-29,,124.2,920,SANDWICH
2012-10-30,,124.2,1000,SANDWICH
2012-10-31,,124.2,1040,SANDWICH
2012-11-01,,124.2,1000,SANDWICH
2012-11-02,,124.2,960,SANDWICH
2012-11-03,,124.2,600,SANDWICH
2012-11-04,,124.2,760,SANDWICH
2012-11-05,,124.2,1040,SANDWICH
2012-11-06,,124.2,960,SANDWICH
2012-11-07,,124.2,1040,SANDWICH
2012-11-08,,124.2,960,SANDWICH
2012-11-09,,124.2,880,SANDWICH
2012-11-10,,124.2,640,SANDWICH
2012-11-11,,124.2,640,SANDWICH
2012-11-12,,124.2,880,SANDWICH
2012-11-13,,124.2,1000,SANDWICH
2012-11-14,,124.2,880,SANDWICH
2012-11-15,,124.2,960,SANDWICH
2012-11-16,,124.2,880,SANDWICH
2012-11-17,,124.2,680,SANDWICH
2012-11-18,,124.2,600,SANDWICH
2012-11-19,,124.2,960,SANDWICH
2012-11-20,,124.2,880,SANDWICH
2012-11-21,,124.2,960,SANDWICH
2012-11-22,,124.2,960,SANDWICH
2012-11-23,,124.2,1000,SANDWICH
2012-11-24,,124.2,640,SANDWICH
2012-11-25,,124.2,720,SANDWICH
2012-11-26,,124.2,960,SANDWICH
2012-11-27,,124.2,880,SANDWICH
2012-11-28,,124.2,880,SANDWICH
2012-11-29,,124.2,880,SANDWICH
2012-11-30,,124.2,960,SANDWICH
2012-12-01,,124.2,640,SANDWICH
2012-12-02,,124.2,720,SANDWICH
2012-12-03,,124.2,960,SANDWICH
2012-12-04,,124.2,880,SANDWICH
2012-12-05,,124.2,1000,SANDWICH
2012-12-06,,124.2,880,SANDWICH
2012-12-07,,124.2,1160,SANDWICH
2012-12-08,,124.2,880,SANDWICH
2012-12-09,,124.2,760,SANDWICH
2012-12-10,,124.2,1040,SANDWICH
2012-12-11,,124.2,1000,SANDWICH
2012-12-12,,124.2,1000,SANDWICH
2012-12-13,,124.2,920,SANDWICH
2012-12-14,,124.2,1040,SANDWICH
2012-12-15,,124.2,760,SANDWICH
2012-12-16,,124.2,880,SANDWICH
2012-12-17,,124.2,1040,SANDWICH
2012-12-18,,124.2,1160,SANDWICH
2012-12-19,,124.2,920,SANDWICH
2012-12-20,,124.2,880,SANDWICH
2012-12-21,,124.2,1160,SANDWICH
2012-12-22,,124.2,760,SANDWICH
2012-12-23,,124.2,760,SANDWICH
2012-12-24,,124.2,1120,SANDWICH
2012-12-25,,124.2,1160,SANDWICH
2012-12-26,,124.2,960,SANDWICH
2012-12-27,,134.1,840,SANDWICH
2012-12-28,,134.1,1040,SANDWICH
2012-12-29,,134.1,640,SANDWICH
2012-12-30,,134.1,560,SANDWICH
2012-12-31,,134.1,1080,SANDWICH
2013-01-01,New Year,134.1,600,SANDWICH
2013-01-02,New Year,134.1,800,SANDWICH
2013-01-03,New Year,134.1,800,SANDWICH
2013-01-04,,134.1,960,SANDWICH
2013-01-05,,134.1,640,SANDWICH
