cafe_transaction_store.csv
calendar_date,holiday,price,quantity,item_name
2013-01-06,,134.1,800,SANDWICH
2013-01-07,,134.1,1040,SANDWICH
2013-01-08,,134.1,960,SANDWICH
2013-01-09,,134.1,1000,SANDWICH
2013-01-10,,134.1,960,SANDWICH
2013-01-11,,134.1,1080,SANDWICH
2013-01-12,,134.1,800,SANDWICH
2013-01-13,,134.1,640,SANDWICH
2013-01-14,,134.1,960,SANDWICH
2013-01-15,,134.1,1000,SANDWICH
2013-01-16,,134.1,920,SANDWICH
2013-01-17,,134.1,840,SANDWICH
2013-01-18,,134.1,800,SANDWICH
2013-01-19,,134.1,640,SANDWICH
2013-01-20,,134.1,720,SANDWICH
2013-01-21,,134.1,1000,SANDWICH
2013-01-22,Luner New Year,134.1,760,SANDWICH
2013-01-23,Luner New Year,134.1,720,SANDWICH
2013-01-24,Luner New Year,134.1,800,SANDWICH
2013-01-25,Luner New Year,134.1,800,SANDWICH
2013-01-26,Luner New Year,134.1,600,SANDWICH
2013-01-27,Luner New Year,134.1,520,SANDWICH
2013-01-28,Luner New Year,134.1,640,SANDWICH
2013-01-29,,134.1,960,SANDWICH
2013-01-30,,134.1,1080,SANDWICH
2013-01-31,,134.1,960,SANDWICH
2013-02-01,,134.1,1000,SANDWICH
2013-02-02,,134.1,800,SANDWICH
2013-02-03,,134.1,720,SANDWICH
2013-02-04,,134.1,1080,SANDWICH
2013-02-05,,134.1,1040,SANDWICH
2013-02-06,,134.1,1000,SANDWICH
2013-02-07,,134.1,1000,SANDWICH
2013-02-08,,134.1,1000,SANDWICH
2013-02-09,,134.1,720,SANDWICH
2013-02-10,,134.1,680,SANDWICH
2013-02-11,,134.1,1000,SANDWICH
2013-02-12,,134.1,880,SANDWICH
2013-02-13,,134.1,880,SANDWICH
2013-02-14,,134.1,920,SANDWICH
2013-02-15,,134.1,840,SANDWICH
2013-02-16,,134.1,640,SANDWICH
2013-02-17,,134.1,720,SANDWICH
2013-02-18,,134.1,1040,SANDWICH
2013-02-19,,134.1,840,SANDWICH
2013-02-20,,134.1,880,SANDWICH
2013-02-21,,134.1,800,SANDWICH
2013-02-22,,134.1,920,SANDWICH
2013-02-23,,134.1,520,SANDWICH
2013-02-24,,134.1,560,SANDWICH
2013-02-25,,134.1,760,SANDWICH
2013-02-26,,134.1,840,SANDWICH
2013-02-27,,134.1,840,SANDWICH
2013-02-28,,134.1,880,SANDWICH
2013-03-01,,131.3,520,SANDWICH
2013-03-01,,134.1,800,SANDWICH
2013-03-01,,131.3,480,SANDWICH
2013-03-01,,134.1,800,SANDWICH
2013-03-01,,131.3,520,SANDWICH
2013-03-01,,134.1,800,SANDWICH
2013-03-01,,131.3,480,SANDWICH
2013-03-01,,134.1,800,SANDWICH
2013-03-02,,134.1,520,SANDWICH
2013-03-03,,134.1,680,SANDWICH
2013-03-04,,134.1,840,SANDWICH
2013-03-05,,134.1,840,SANDWICH
2013-03-06,,134.1,880,SANDWICH
2013-03-07,,134.1,880,SANDWICH
2013-03-08,,134.1,880,SANDWICH
2013-03-09,,134.1,680,SANDWICH
2013-03-10,,134.1,520,SANDWICH
2013-03-11,,134.1,1000,SANDWICH
2013-03-12,,134.1,760,SANDWICH
2013-03-13,,134.1,880,SANDWICH
2013-03-14,,134.1,800,SANDWICH
2013-03-15,,134.1,760,SANDWICH
2013-03-16,,134.1,560,SANDWICH
2013-03-17,,134.1,520,SANDWICH
2013-03-18,,134.1,800,SANDWICH
2013-03-19,,134.1,760,SANDWICH
2013-03-20,,134.1,760,SANDWICH
2013-03-21,,134.1,800,SANDWICH
2013-03-22,,134.1,800,SANDWICH
2013-03-23,,134.1,520,SANDWICH
2013-03-24,,134.1,600,SANDWICH
2013-03-25,,134.1,760,SANDWICH
2013-03-26,,134.1,880,SANDWICH
2013-03-27,,134.1,840,SANDWICH
2013-03-28,,134.1,920,SANDWICH
2013-03-29,,134.1,800,SANDWICH
2013-03-30,,134.1,560,SANDWICH
2013-03-31,,134.1,600,SANDWICH
2013-04-01,,134.1,920,SANDWICH
2013-04-02,Qing Ming Festival,134.1,520,SANDWICH
2013-04-03,Qing Ming Festival,134.1,600,SANDWICH
2013-04-04,Qing Ming Festival,134.1,600,SANDWICH
2013-04-05,,134.1,880,SANDWICH
2013-04-06,,134.1,520,SANDWICH
2013-04-07,,134.1,520,SANDWICH
2013-04-08,,134.1,760,SANDWICH
2013-04-09,,134.1,800,SANDWICH
2013-04-10,,134.1,840,SANDWICH
2013-04-11,,134.1,800,SANDWICH
2013-04-12,,134.1,880,SANDWICH
2013-04-13,,134.1,520,SANDWICH
2013-04-14,,134.1,560,SANDWICH
2013-04-15,,134.1,880,SANDWICH
2013-04-16,,134.1,840,SANDWICH
2013-04-17,,134.1,840,SANDWICH
2013-04-18,,134.1,840,SANDWICH
2013-04-19,,134.1,880,SANDWICH
2013-04-20,,134.1,520,SANDWICH
2013-04-21,,134.1,640,SANDWICH
2013-04-22,,134.1,920,SANDWICH
2013-04-23,,134.1,920,SANDWICH
2013-04-24,,134.1,920,SANDWICH
2013-04-25,,124.60000000000001,840,SANDWICH
2013-04-26,,124.60000000000001,880,SANDWICH
2013-04-27,,124.60000000000001,720,SANDWICH
2013-04-28,,124.60000000000001,760,SANDWICH
2013-04-29,Labor Day,124.60000000000001,720,SANDWICH
2013-04-30,Labor Day,124.60000000000001,680,SANDWICH
2013-05-01,Labor Day,124.60000000000001,600,SANDWICH
2013-05-02,,124.60000000000001,880,SANDWICH
2013-05-03,,124.60000000000001,920,SANDWICH
2013-05-04,,124.60000000000001,720,SANDWICH
2013-05-05,,124.60000000000001,600,SANDWICH
2013-05-06,,124.60000000000001,960,SANDWICH
2013-05-07,,124.60000000000001,920,SANDWICH
2013-05-08,,124.60000000000001,960,SANDWICH
2013-05-09,,124.60000000000001,1000,SANDWICH
2013-05-10,,124.60000000000001,960,SANDWICH
2013-05-11,,124.60000000000001,720,SANDWICH
2013-05-12,,124.60000000000001,720,SANDWICH
2013-05-13,,124.60000000000001,1000,SANDWICH
2013-05-14,,124.60000000000001,1000,SANDWICH
2013-05-15,,124.60000000000001,840,SANDWICH
2013-05-16,,124.60000000000001,1000,SANDWICH
2013-05-17,,124.60000000000001,960,SANDWICH
2013-05-18,,124.60000000000001,600,SANDWICH
2013-05-19,,124.60000000000001,720,SANDWICH
2013-05-20,,124.60000000000001,1000,SANDWICH
2013-05-21,,124.60000000000001,920,SANDWICH
2013-05-22,,124.60000000000001,960,SANDWICH
2013-05-23,,124.60000000000001,1000,SANDWICH
2013-05-24,,124.60000000000001,840,SANDWICH
2013-05-25,,124.60000000000001,600,SANDWICH
2013-05-26,,124.60000000000001,680,SANDWICH
2013-05-27,,124.60000000000001,1000,SANDWICH
2013-05-28,,124.60000000000001,960,SANDWICH
2013-05-29,,124.60000000000001,1000,SANDWICH
2013-05-30,,124.60000000000001,1000,SANDWICH
2013-05-31,,124.60000000000001,840,SANDWICH
2013-06-01,,124.60000000000001,720,SANDWICH
2013-06-02,,124.60000000000001,600,SANDWICH
2013-06-03,,124.60000000000001,920,SANDWICH
2013-06-04,,124.60000000000001,960,SANDWICH
2013-06-05,,124.60000000000001,960,SANDWICH
2013-06-06,,124.60000000000001,840,SANDWICH
2013-06-07,,124.60000000000001,1000,SANDWICH
2013-06-08,,124.60000000000001,640,SANDWICH
2013-06-09,,124.60000000000001,600,SANDWICH
2013-06-10,,124.60000000000001,840,SANDWICH
2013-06-11,,124.60000000000001,1000,SANDWICH
2013-06-12,,124.60000000000001,960,SANDWICH
2013-06-13,,124.60000000000001,840,SANDWICH
2013-06-14,,124.60000000000001,920,SANDWICH
2013-06-15,,124.60000000000001,760,SANDWICH
2013-06-16,,124.60000000000001,760,SANDWICH
2013-06-17,,124.60000000000001,840,SANDWICH
2013-06-18,,124.60000000000001,840,SANDWICH
2013-06-19,,124.60000000000001,960,SANDWICH
2013-06-20,,124.60000000000001,960,SANDWICH
2013-06-21,,124.60000000000001,840,SANDWICH
2013-06-22,Dragon Boat Festivel,124.60000000000001,440,SANDWICH
2013-06-23,Dragon Boat Festivel,124.60000000000001,480,SANDWICH
2013-06-24,Dragon Boat Festivel,124.60000000000001,680,SANDWICH
2013-06-25,,124.60000000000001,880,SANDWICH
2013-06-26,,124.60000000000001,840,SANDWICH
2013-06-27,,124.60000000000001,960,SANDWICH
2013-06-28,,124.60000000000001,1000,SANDWICH
2013-06-29,,124.60000000000001,720,SANDWICH
2013-06-30,,124.60000000000001,640,SANDWICH
2013-07-01,,124.60000000000001,1000,SANDWICH
2013-07-02,,124.60000000000001,880,SANDWICH
2013-07-03,,124.60000000000001,960,SANDWICH
2013-07-04,,124.60000000000001,840,SANDWICH
2013-07-05,,124.60000000000001,1000,SANDWICH
2013-07-06,,124.60000000000001,600,SANDWICH
2013-07-07,,124.60000000000001,600,SANDWICH
2013-07-08,,124.60000000000001,960,SANDWICH
2013-07-09,,124.60000000000001,920,SANDWICH
2013-07-10,,124.60000000000001,1000,SANDWICH
2013-07-11,,124.60000000000001,920,SANDWICH
2013-07-12,,124.60000000000001,920,SANDWICH
2013-07-13,,124.60000000000001,640,SANDWICH
2013-07-14,,124.60000000000001,600,SANDWICH
2013-07-15,,124.60000000000001,960,SANDWICH
2013-07-16,,124.60000000000001,1000,SANDWICH
2013-07-17,,124.60000000000001,960,SANDWICH
2013-07-18,,124.60000000000001,1000,SANDWICH
2013-07-19,,124.60000000000001,920,SANDWICH
2013-07-20,,124.60000000000001,640,SANDWICH
2013-07-21,,124.60000000000001,760,SANDWICH
2013-07-22,,124.60000000000001,880,SANDWICH
2013-07-23,,124.60000000000001,920,SANDWICH
2013-07-24,,124.60000000000001,1000,SANDWICH
2013-07-25,,124.60000000000001,1000,SANDWICH
2013-07-26,,124.60000000000001,1000,SANDWICH
2013-07-27,,124.60000000000001,640,SANDWICH
2013-07-28,,124.60000000000001,720,SANDWICH
2013-07-29,,124.60000000000001,920,SANDWICH
2013-07-30,,124.60000000000001,1000,SANDWICH
2013-07-31,,124.60000000000001,840,SANDWICH
2013-08-01,,124.60000000000001,840,SANDWICH
2013-08-02,,124.60000000000001,1040,SANDWICH
2013-08-03,,124.60000000000001,720,SANDWICH
2013-08-04,,124.60000000000001,680,SANDWICH
2013-08-05,,124.60000000000001,880,SANDWICH
2013-08-06,,124.60000000000001,960,SANDWICH
2013-08-07,,124.60000000000001,960,SANDWICH
2013-08-08,,124.60000000000001,1080,SANDWICH
2013-08-09,,124.60000000000001,1200,SANDWICH
2013-08-10,,124.60000000000001,640,SANDWICH
2013-08-11,,124.60000000000001,640,SANDWICH
2013-08-12,,124.60000000000001,960,SANDWICH
2013-08-13,,124.60000000000001,1000,SANDWICH
2013-08-14,,124.60000000000001,960,SANDWICH
2013-08-15,,124.60000000000001,880,SANDWICH
2013-08-16,,124.60000000000001,880,SANDWICH
2013-08-17,,124.60000000000001,720,SANDWICH
2013-08-18,,124.60000000000001,680,SANDWICH
2013-08-19,,124.60000000000001,960,SANDWICH
2013-08-20,,124.60000000000001,960,SANDWICH
2013-08-21,,124.60000000000001,960,SANDWICH
2013-08-22,,124.60000000000001,1000,SANDWICH
2013-08-23,,104.5,1120,SANDWICH
2013-08-24,,104.5,760,SANDWICH
2013-08-25,,104.5,800,SANDWICH
2013-08-26,,104.5,1200,SANDWICH
2013-08-27,,104.5,1120,SANDWICH
2013-08-28,,104.5,1400,SANDWICH
2013-08-29,,104.5,1440,SANDWICH
2013-08-30,,104.5,1400,SANDWICH
2013-08-31,,104.5,880,SANDWICH
2013-09-01,,104.5,840,SANDWICH
2013-09-02,,104.5,1120,SANDWICH
2013-09-03,,104.5,1120,SANDWICH
2013-09-04,,104.5,1160,SANDWICH
2013-09-05,,104.5,1240,SANDWICH
2013-09-06,,104.5,1280,SANDWICH
2013-09-07,,104.5,880,SANDWICH
2013-09-08,,104.5,840,SANDWICH
2013-09-09,,104.5,1120,SANDWICH
2013-09-10,,104.5,1120,SANDWICH
2013-09-11,,104.5,1200,SANDWICH
2013-09-12,,104.5,1240,SANDWICH
2013-09-13,,104.5,1120,SANDWICH
2013-09-14,,104.5,840,SANDWICH
2013-09-15,,104.5,760,SANDWICH
2013-09-16,,104.5,1160,SANDWICH
2013-09-17,,104.5,1240,SANDWICH
2013-09-18,,104.5,1280,SANDWICH
2013-09-19,,104.5,1200,SANDWICH
2013-09-20,,104.5,1200,SANDWICH
2013-09-21,,104.5,880,SANDWICH
2013-09-22,,104.5,840,SANDWICH
2013-09-23,,104.5,1240,SANDWICH
2013-09-24,,104.5,1200,SANDWICH
2013-09-25,,104.5,1240,SANDWICH
2013-09-26,,104.5,1280,SANDWICH
2013-09-27,,104.5,1240,SANDWICH
2013-09-28,,104.5,920,SANDWICH
2013-09-29,,104.5,800,SANDWICH
2013-09-30,Mid-Autumn Day,104.5,760,SANDWICH
2013-10-01,National Day,104.5,920,SANDWICH
2013-10-02,National Day,104.5,760,SANDWICH
2013-10-03,National Day,104.5,880,SANDWICH
2013-10-04,National Day,104.5,920,SANDWICH
2013-10-05,National Day,104.5,680,SANDWICH
2013-10-06,National Day,104.5,680,SANDWICH
2013-10-07,National Day,104.5,800,SANDWICH
2013-10-08,,104.5,1240,SANDWICH
2013-10-09,,104.5,1120,SANDWICH
2013-10-10,,104.5,1120,SANDWICH
2013-10-11,,104.5,1160,SANDWICH
2013-10-12,,104.5,880,SANDWICH
2013-10-13,,104.5,880,SANDWICH
2013-10-14,,104.5,1120,SANDWICH
2013-10-15,,104.5,1200,SANDWICH
2013-10-16,,104.5,1160,SANDWICH
2013-10-17,,104.5,1200,SANDWICH
2013-10-18,,104.5,1240,SANDWICH
2013-10-19,,104.5,760,SANDWICH
2013-10-20,,104.5,760,SANDWICH
2013-10-21,,104.5,1120,SANDWICH
2013-10-22,,104.5,1200,SANDWICH
2013-10-23,,104.5,1120,SANDWICH
2013-10-24,,104.5,1200,SANDWICH
2013-10-25,,104.5,1200,SANDWICH
2013-10-26,,104.5,840,SANDWICH
2013-10-27,,104.5,920,SANDWICH
2013-10-28,,104.5,1160,SANDWICH
2013-10-29,,104.5,1120,SANDWICH
2013-10-30,,104.5,1280,SANDWICH
2013-10-31,,104.5,1280,SANDWICH
2013-11-01,,104.5,1160,SANDWICH
2013-11-02,,104.5,840,SANDWICH
2013-11-03,,104.5,880,SANDWICH
2013-11-04,,104.5,1280,SANDWICH
2013-11-05,,104.5,1160,SANDWICH
2013-11-06,,104.5,1200,SANDWICH
2013-11-07,,104.5,1240,SANDWICH
2013-11-08,,104.5,1160,SANDWICH
2013-11-09,,104.5,760,SANDWICH
2013-11-10,,104.5,880,SANDWICH
2013-11-11,,104.5,1120,SANDWICH
2013-11-12,,104.5,1200,SANDWICH
2013-11-13,,104.5,1240,SANDWICH
2013-11-14,,104.5,1280,SANDWICH
2013-11-15,,104.5,1280,SANDWICH
2013-11-16,,104.5,880,SANDWICH
2013-11-17,,104.5,840,SANDWICH
2013-11-18,,104.5,1280,SANDWICH
2013-11-19,,104.5,1200,SANDWICH
2013-11-20,,104.5,1160,SANDWICH
2013-11-21,,104.5,1280,SANDWICH
2013-11-22,,104.5,1280,SANDWICH
2013-11-23,,104.5,880,SANDWICH
2013-11-24,,104.5,840,SANDWICH
2013-11-25,,104.5,1160,SANDWICH
2013-11-26,,104.5,1280,SANDWICH
2013-11-27,,104.5,1200,SANDWICH
2013-11-28,,104.5,1440,SANDWICH
2013-11-29,,104.5,1160,SANDWICH
2013-11-30,,104.5,920,SANDWICH
2013-12-01,,104.5,1040,SANDWICH
2013-12-02,,104.5,1200,SANDWICH
2013-12-03,,104.5,1320,SANDWICH
2013-12-04,,104.5,1200,SANDWICH
2013-12-05,,104.5,1480,SANDWICH
2013-12-06,,104.5,1480,SANDWICH
2013-12-07,,104.5,920,SANDWICH
2013-12-08,,104.5,1040,SANDWICH
2013-12-09,,104.5,1440,SANDWICH
2013-12-10,,104.5,1480,SANDWICH
2013-12-11,,104.5,1400,SANDWICH
2013-12-12,,104.5,1280,SANDWICH
2013-12-13,,104.5,1120,SANDWICH
2013-12-14,,104.5,800,SANDWICH
2013-12-15,,104.5,880,SANDWICH
2013-12-16,,104.5,1280,SANDWICH
2013-12-17,,104.5,1440,SANDWICH
2013-12-18,,104.5,1400,SANDWICH
2013-12-19,,104.5,1480,SANDWICH
2013-12-20,,104.5,1240,SANDWICH
2013-12-21,,123.69999999999999,760,SANDWICH
2013-12-22,,123.69999999999999,760,SANDWICH
2013-12-23,,123.69999999999999,1160,SANDWICH
2013-12-24,,123.69999999999999,1080,SANDWICH
2013-12-25,,123.69999999999999,1040,SANDWICH
2013-12-26,,123.69999999999999,1200,SANDWICH
2013-12-27,,123.69999999999999,1160,SANDWICH
2013-12-28,,123.69999999999999,880,SANDWICH
2013-12-29,,123.69999999999999,880,SANDWICH
2013-12-30,,123.69999999999999,1120,SANDWICH
2013-12-31,,123.69999999999999,1160,SANDWICH
2014-01-01,New Year,123.69999999999999,880,SANDWICH
2014-01-02,New Year,123.69999999999999,800,SANDWICH
2014-01-03,New Year,123.69999999999999,840,SANDWICH
2014-01-04,,123.69999999999999,840,SANDWICH
2014-01-05,,123.69999999999999,840,SANDWICH
2014-01-06,,123.69999999999999,1200,SANDWICH
2014-01-07,,123.69999999999999,1040,SANDWICH
2014-01-08,,123.69999999999999,1200,SANDWICH
2014-01-09,,123.69999999999999,1040,SANDWICH
2014-01-10,,123.69999999999999,1080,SANDWICH
2014-01-11,,123.69999999999999,840,SANDWICH
2014-01-12,,123.69999999999999,800,SANDWICH
2014-01-13,,123.69999999999999,1200,SANDWICH
2014-01-14,,123.69999999999999,1040,SANDWICH
2014-01-15,,123.69999999999999,1080,SANDWICH
2014-01-16,,123.69999999999999,1120,SANDWICH
2014-01-17,,123.69999999999999,1080,SANDWICH
2014-01-18,,123.69999999999999,800,SANDWICH
2014-01-19,,123.69999999999999,680,SANDWICH
2014-01-20,,123.69999999999999,1120,SANDWICH
2014-01-21,,123.69999999999999,1200,SANDWICH
2014-01-22,,123.69999999999999,1200,SANDWICH
2014-01-23,,123.69999999999999,1080,SANDWICH
2014-01-24,,123.69999999999999,1200,SANDWICH
2014-01-25,,123.69999999999999,840,SANDWICH
2014-01-26,,123.69999999999999,760,SANDWICH
2014-01-27,,123.69999999999999,1160,SANDWICH
2014-01-28,,123.69999999999999,880,SANDWICH
2014-01-29,,123.69999999999999,920,SANDWICH
2014-01-30,,123.69999999999999,1000,SANDWICH
2014-01-31,,123.69999999999999,1000,SANDWICH
2014-02-01,,123.69999999999999,720,SANDWICH
2014-02-02,,123.69999999999999,880,SANDWICH
2014-02-03,,123.69999999999999,880,SANDWICH
2014-02-04,,123.69999999999999,1120,SANDWICH
2014-02-05,,123.69999999999999,1080,SANDWICH
2014-02-06,,123.69999999999999,1080,SANDWICH
2014-02-07,,123.69999999999999,1200,SANDWICH
2014-02-08,,123.69999999999999,880,SANDWICH
2014-02-09,Luner New Year,123.69999999999999,560,SANDWICH
2014-02-10,Luner New Year,123.69999999999999,840,SANDWICH
2014-02-11,Luner New Year,123.69999999999999,880,SANDWICH
2014-02-12,Luner New Year,123.69999999999999,800,SANDWICH
2014-02-13,Luner New Year,123.69999999999999,760,SANDWICH
2014-02-14,Luner New Year,123.69999999999999,760,SANDWICH
2014-02-15,Luner New Year,123.69999999999999,640,SANDWICH
2014-02-16,,123.69999999999999,640,SANDWICH
2014-02-17,,123.69999999999999,960,SANDWICH
2014-02-18,,123.69999999999999,1120,SANDWICH
2014-02-19,,123.69999999999999,1120,SANDWICH
2014-02-20,,123.69999999999999,1200,SANDWICH
2014-02-21,,123.69999999999999,880,SANDWICH
2014-02-22,,123.69999999999999,680,SANDWICH
2014-02-23,,123.69999999999999,680,SANDWICH
2014-02-24,,123.69999999999999,880,SANDWICH
2014-02-25,,123.69999999999999,880,SANDWICH
2014-02-26,,123.69999999999999,1000,SANDWICH
2014-02-27,,123.69999999999999,1040,SANDWICH
2014-02-28,,123.69999999999999,1040,SANDWICH
2014-03-01,,123.69999999999999,720,SANDWICH
2014-03-02,,123.69999999999999,640,SANDWICH
2014-03-03,,123.69999999999999,920,SANDWICH
2014-03-04,,123.69999999999999,880,SANDWICH
2014-03-05,,123.69999999999999,1040,SANDWICH
2014-03-06,,123.69999999999999,920,SANDWICH
2014-03-07,,123.69999999999999,1040,SANDWICH
2014-03-08,,123.69999999999999,600,SANDWICH
2014-03-09,,123.69999999999999,640,SANDWICH
2014-03-10,,123.69999999999999,960,SANDWICH
2014-03-11,,123.69999999999999,960,SANDWICH
2014-03-12,,123.69999999999999,960,SANDWICH
2014-03-13,,123.69999999999999,1000,SANDWICH
2014-03-14,,123.69999999999999,920,SANDWICH
2014-03-15,,123.69999999999999,680,SANDWICH
2014-03-16,,123.69999999999999,760,SANDWICH
2014-03-17,,123.69999999999999,1000,SANDWICH
2014-03-18,,123.69999999999999,1040,SANDWICH
2014-03-19,,123.69999999999999,1040,SANDWICH
2014-03-20,,123.69999999999999,1040,SANDWICH
2014-03-21,,123.69999999999999,1040,SANDWICH
2014-03-22,,123.69999999999999,600,SANDWICH
2014-03-23,,123.69999999999999,600,SANDWICH
2014-03-24,,123.69999999999999,1040,SANDWICH
2014-03-25,,123.69999999999999,880,SANDWICH
2014-03-26,,123.69999999999999,1000,SANDWICH
2014-03-27,,123.69999999999999,1040,SANDWICH
2014-03-28,,123.69999999999999,880,SANDWICH
2014-03-29,,123.69999999999999,680,SANDWICH
2014-03-30,,123.69999999999999,680,SANDWICH
2014-03-31,,123.69999999999999,1000,SANDWICH
2014-04-01,,123.69999999999999,880,SANDWICH
2014-04-02,,123.69999999999999,960,SANDWICH
2014-04-03,,123.69999999999999,880,SANDWICH
2014-04-04,Qing Ming Festival,123.69999999999999,760,SANDWICH
2014-04-05,Qing Ming Festival,123.69999999999999,440,SANDWICH
