cafe_transaction_store.csv
calendar_date,holiday,price,quantity,item_name
2014-04-06,Qing Ming Festival,123.69999999999999,480,SANDWICH
2014-04-07,,123.69999999999999,920,SANDWICH
2014-04-08,,123.69999999999999,1000,SANDWICH
2014-04-09,,123.69999999999999,1040,SANDWICH
2014-04-10,,123.69999999999999,1040,SANDWICH
2014-04-11,,123.69999999999999,920,SANDWICH
2014-04-12,,123.69999999999999,600,SANDWICH
2014-04-13,,123.69999999999999,760,SANDWICH
2014-04-14,,123.69999999999999,960,SANDWICH
2014-04-15,,123.69999999999999,1040,SANDWICH
2014-04-16,,123.69999999999999,1040,SANDWICH
2014-04-17,,123.69999999999999,1000,SANDWICH
2014-04-18,,123.69999999999999,1040,SANDWICH
2014-04-19,,123.69999999999999,680,SANDWICH
2014-04-20,,114.80000000000001,800,SANDWICH
2014-04-21,,114.80000000000001,960,SANDWICH
2014-04-22,,114.80000000000001,1000,SANDWICH
2014-04-23,,114.80000000000001,1120,SANDWICH
2014-04-24,,114.80000000000001,1080,SANDWICH
2014-04-25,,114.80000000000001,1080,SANDWICH
2014-04-26,,114.80000000000001,640,SANDWICH
2014-04-27,,114.80000000000001,760,SANDWICH
2014-04-28,,114.80000000000001,1000,SANDWICH
2014-04-29,Labor Day,114.80000000000001,720,SANDWICH
2014-04-30,Labor Day,114.80000000000001,680,SANDWICH
2014-05-01,Labor Day,114.80000000000001,720,SANDWICH
2014-05-02,,114.80000000000001,1000,SANDWICH
2014-05-03,,114.80000000000001,800,SANDWICH
2014-05-04,,114.80000000000001,720,SANDWICH
2014-05-05,,114.80000000000001,1000,SANDWICH
2014-05-06,,114.80000000000001,1080,SANDWICH
2014-05-07,,114.80000000000001,1080,SANDWICH
2014-05-08,,114.80000000000001,1080,SANDWICH
2014-05-09,,114.80000000000001,960,SANDWICH
2014-05-10,,114.80000000000001,800,SANDWICH
2014-05-11,,114.80000000000001,800,SANDWICH
2014-05-12,,114.80000000000001,1000,SANDWICH
2014-05-13,,114.80000000000001,1120,SANDWICH
2014-05-14,,114.80000000000001,960,SANDWICH
2014-05-15,,114.80000000000001,1080,SANDWICH
2014-05-16,,114.80000000000001,1080,SANDWICH
2014-05-17,,114.80000000000001,800,SANDWICH
2014-05-18,,114.80000000000001,760,SANDWICH
2014-05-19,,114.80000000000001,1040,SANDWICH
2014-05-20,,114.80000000000001,1000,SANDWICH
2014-05-21,,114.80000000000001,1080,SANDWICH
2014-05-22,,114.80000000000001,1000,SANDWICH
2014-05-23,,114.80000000000001,1080,SANDWICH
2014-05-24,,114.80000000000001,680,SANDWICH
2014-05-25,,114.80000000000001,800,SANDWICH
2014-05-26,,114.80000000000001,1040,SANDWICH
2014-05-27,,114.80000000000001,1120,SANDWICH
2014-05-28,,114.80000000000001,1120,SANDWICH
2014-05-29,,114.80000000000001,960,SANDWICH
2014-05-30,,114.80000000000001,1040,SANDWICH
2014-05-31,,114.80000000000001,760,SANDWICH
2014-06-01,,114.80000000000001,800,SANDWICH
2014-06-02,,114.80000000000001,1080,SANDWICH
2014-06-03,,114.80000000000001,1120,SANDWICH
2014-06-04,,114.80000000000001,1040,SANDWICH
2014-06-05,,114.80000000000001,1120,SANDWICH
2014-06-06,,114.80000000000001,1080,SANDWICH
2014-06-07,,114.80000000000001,680,SANDWICH
2014-06-08,,114.80000000000001,800,SANDWICH
2014-06-09,,114.80000000000001,1040,SANDWICH
2014-06-10,Dragon Boat Festivel,114.80000000000001,680,SANDWICH
2014-06-11,Dragon Boat Festivel,114.80000000000001,720,SANDWICH
2014-06-12,Dragon Boat Festivel,114.80000000000001,760,SANDWICH
2014-06-13,,114.80000000000001,1000,SANDWICH
2014-06-14,,114.80000000000001,800,SANDWICH
2014-06-15,,114.80000000000001,680,SANDWICH
2014-06-16,,114.80000000000001,1040,SANDWICH
2014-06-17,,114.80000000000001,1120,SANDWICH
2014-06-18,,114.80000000000001,1120,SANDWICH
2014-06-19,,114.80000000000001,1040,SANDWICH
2014-06-20,,114.80000000000001,1120,SANDWICH
2014-06-21,,114.80000000000001,720,SANDWICH
2014-06-22,,114.80000000000001,640,SANDWICH
2014-06-23,,114.80000000000001,1000,SANDWICH
2014-06-24,,114.80000000000001,1120,SANDWICH
2014-06-25,,114.80000000000001,1000,SANDWICH
2014-06-26,,114.80000000000001,1000,SANDWICH
2014-06-27,,114.80000000000001,1080,SANDWICH
2014-06-28,,114.80000000000001,760,SANDWICH
2014-06-29,,114.80000000000001,640,SANDWICH
2014-06-30,,114.80000000000001,1040,SANDWICH
2014-07-01,,114.80000000000001,1080,SANDWICH
2014-07-02,,114.80000000000001,1040,SANDWICH
2014-07-03,,114.80000000000001,1000,SANDWICH
2014-07-04,,114.80000000000001,1000,SANDWICH
2014-07-05,,114.80000000000001,760,SANDWICH
2014-07-06,,114.80000000000001,760,SANDWICH
2014-07-07,,114.80000000000001,1120,SANDWICH
2014-07-08,,114.80000000000001,1000,SANDWICH
2014-07-09,,114.80000000000001,1080,SANDWICH
2014-07-10,,114.80000000000001,1000,SANDWICH
2014-07-11,,114.80000000000001,1040,SANDWICH
2014-07-12,,114.80000000000001,720,SANDWICH
2014-07-13,,114.80000000000001,640,SANDWICH
2014-07-14,,114.80000000000001,1040,SANDWICH
2014-07-15,,114.80000000000001,1120,SANDWICH
2014-07-16,,114.80000000000001,960,SANDWICH
2014-07-17,,114.80000000000001,960,SANDWICH
2014-07-18,,114.80000000000001,1000,SANDWICH
2014-07-19,,114.80000000000001,640,SANDWICH
2014-07-20,,114.80000000000001,760,SANDWICH
2014-07-21,,114.80000000000001,960,SANDWICH
2014-07-22,,114.80000000000001,960,SANDWICH
2014-07-23,,114.80000000000001,1080,SANDWICH
2014-07-24,,114.80000000000001,960,SANDWICH
2014-07-25,,114.80000000000001,1000,SANDWICH
2014-07-26,,114.80000000000001,680,SANDWICH
2014-07-27,,114.80000000000001,800,SANDWICH
2014-07-28,,114.80000000000001,960,SANDWICH
2014-07-29,,114.80000000000001,960,SANDWICH
2014-07-30,,114.80000000000001,1040,SANDWICH
2014-07-31,,114.80000000000001,1000,SANDWICH
2014-08-01,,114.80000000000001,1040,SANDWICH
2014-08-02,,114.80000000000001,680,SANDWICH
2014-08-03,,114.80000000000001,760,SANDWICH
2014-08-04,,114.80000000000001,960,SANDWICH
2014-08-05,,114.80000000000001,960,SANDWICH
2014-08-06,,114.80000000000001,1080,SANDWICH
2014-08-07,,114.80000000000001,1000,SANDWICH
2014-08-08,,114.80000000000001,1000,SANDWICH
2014-08-09,,114.80000000000001,800,SANDWICH
2014-08-10,,114.80000000000001,640,SANDWICH
2014-08-11,,114.80000000000001,1120,SANDWICH
2014-08-12,,114.80000000000001,1040,SANDWICH
2014-08-13,,114.80000000000001,960,SANDWICH
2014-08-14,,114.80000000000001,1000,SANDWICH
2014-08-15,,114.80000000000001,1040,SANDWICH
2014-08-16,,114.80000000000001,680,SANDWICH
2014-08-17,,114.80000000000001,760,SANDWICH
2014-08-18,,127.69999999999999,920,SANDWICH
2014-08-19,,127.69999999999999,1000,SANDWICH
2014-08-20,,127.69999999999999,880,SANDWICH
2014-08-21,,127.69999999999999,880,SANDWICH
2014-08-22,,127.69999999999999,840,SANDWICH
2014-08-23,,127.69999999999999,680,SANDWICH
2014-08-24,,127.69999999999999,560,SANDWICH
2014-08-25,,127.69999999999999,1000,SANDWICH
2014-08-26,,127.69999999999999,960,SANDWICH
2014-08-27,,127.69999999999999,920,SANDWICH
2014-08-28,,127.69999999999999,1000,SANDWICH
2014-08-29,,127.69999999999999,1000,SANDWICH
2014-08-30,,127.69999999999999,720,SANDWICH
2014-08-31,,127.69999999999999,640,SANDWICH
2014-09-01,,127.69999999999999,880,SANDWICH
2014-09-02,,127.69999999999999,960,SANDWICH
2014-09-03,,127.69999999999999,840,SANDWICH
2014-09-04,,127.69999999999999,920,SANDWICH
2014-09-05,,127.69999999999999,1000,SANDWICH
2014-09-06,,127.69999999999999,720,SANDWICH
2014-09-07,,127.69999999999999,600,SANDWICH
2014-09-08,,127.69999999999999,1000,SANDWICH
2014-09-09,,127.69999999999999,840,SANDWICH
2014-09-10,,127.69999999999999,920,SANDWICH
2014-09-11,,127.69999999999999,920,SANDWICH
2014-09-12,,127.69999999999999,920,SANDWICH
2014-09-13,,127.69999999999999,600,SANDWICH
2014-09-14,,127.69999999999999,560,SANDWICH
2014-09-15,,127.69999999999999,1000,SANDWICH
2014-09-16,,127.69999999999999,960,SANDWICH
2014-09-17,,127.69999999999999,920,SANDWICH
2014-09-18,,127.69999999999999,920,SANDWICH
2014-09-19,Mid-Autumn Day,127.69999999999999,680,SANDWICH
2014-09-20,Mid-Autumn Day,127.69999999999999,480,SANDWICH
2014-09-21,Mid-Autumn Day,127.69999999999999,400,SANDWICH
2014-09-22,,127.69999999999999,1000,SANDWICH
2014-09-23,,127.69999999999999,960,SANDWICH
2014-09-24,,127.69999999999999,960,SANDWICH
2014-09-25,,127.69999999999999,920,SANDWICH
2014-09-26,,127.69999999999999,880,SANDWICH
2014-09-27,,127.69999999999999,560,SANDWICH
2014-09-28,,127.69999999999999,600,SANDWICH
2014-09-29,,127.69999999999999,920,SANDWICH
2014-09-30,,127.69999999999999,1000,SANDWICH
2014-10-01,National Day,127.69999999999999,560,SANDWICH
2014-10-02,National Day,127.69999999999999,600,SANDWICH
2014-10-03,National Day,127.69999999999999,560,SANDWICH
2014-10-04,National Day,127.69999999999999,560,SANDWICH
2014-10-05,National Day,127.69999999999999,560,SANDWICH
2014-10-06,National Day,127.69999999999999,560,SANDWICH
2014-10-07,National Day,127.69999999999999,680,SANDWICH
2014-10-08,,127.69999999999999,1160,SANDWICH
2014-10-09,,127.69999999999999,1000,SANDWICH
2014-10-10,,127.69999999999999,920,SANDWICH
2014-10-11,,127.69999999999999,680,SANDWICH
2014-10-12,,127.69999999999999,720,SANDWICH
2014-10-13,,127.69999999999999,880,SANDWICH
2014-10-14,,127.69999999999999,840,SANDWICH
2014-10-15,,127.69999999999999,880,SANDWICH
2014-10-16,,127.69999999999999,880,SANDWICH
2014-10-17,,127.69999999999999,920,SANDWICH
2014-10-18,,127.69999999999999,560,SANDWICH
2014-10-19,,127.69999999999999,680,SANDWICH
2014-10-20,,127.69999999999999,960,SANDWICH
2014-10-21,,127.69999999999999,920,SANDWICH
2014-10-22,,127.69999999999999,840,SANDWICH
2014-10-23,,127.69999999999999,880,SANDWICH
2014-10-24,,127.69999999999999,880,SANDWICH
2014-10-25,,127.69999999999999,680,SANDWICH
2014-10-26,,127.69999999999999,680,SANDWICH
2014-10-27,,127.69999999999999,920,SANDWICH
2014-10-28,,127.69999999999999,1000,SANDWICH
2014-10-29,,127.69999999999999,880,SANDWICH
2014-10-30,,127.69999999999999,920,SANDWICH
2014-10-31,,127.69999999999999,920,SANDWICH
2014-11-01,,127.69999999999999,720,SANDWICH
2014-11-02,,127.69999999999999,640,SANDWICH
2014-11-03,,127.69999999999999,960,SANDWICH
2014-11-04,,127.69999999999999,920,SANDWICH
2014-11-05,,127.69999999999999,960,SANDWICH
2014-11-06,,127.69999999999999,1000,SANDWICH
2014-11-07,,127.69999999999999,920,SANDWICH
2014-11-08,,127.69999999999999,680,SANDWICH
2014-11-09,,127.69999999999999,680,SANDWICH
2014-11-10,,127.69999999999999,880,SANDWICH
2014-11-11,,127.69999999999999,1000,SANDWICH
2014-11-12,,127.69999999999999,840,SANDWICH
2014-11-13,,127.69999999999999,840,SANDWICH
2014-11-14,,127.69999999999999,920,SANDWICH
2014-11-15,,127.69999999999999,600,SANDWICH
2014-11-16,,127.69999999999999,680,SANDWICH
2014-11-17,,127.69999999999999,840,SANDWICH
2014-11-18,,127.69999999999999,840,SANDWICH
2014-11-19,,127.69999999999999,960,SANDWICH
2014-11-20,,127.69999999999999,1000,SANDWICH
2014-11-21,,127.69999999999999,880,SANDWICH
2014-11-22,,127.69999999999999,720,SANDWICH
2014-11-23,,127.69999999999999,640,SANDWICH
2014-11-24,,127.69999999999999,920,SANDWICH
2014-11-25,,127.69999999999999,920,SANDWICH
2014-11-26,,127.69999999999999,840,SANDWICH
2014-11-27,,127.69999999999999,920,SANDWICH
2014-11-28,,127.69999999999999,960,SANDWICH
2014-11-29,,127.69999999999999,560,SANDWICH
2014-11-30,,127.69999999999999,600,SANDWICH
2014-12-01,,127.69999999999999,840,SANDWICH
2014-12-02,,127.69999999999999,1000,SANDWICH
2014-12-03,,127.69999999999999,880,SANDWICH
2014-12-04,,127.69999999999999,960,SANDWICH
2014-12-05,,127.69999999999999,880,SANDWICH
2014-12-06,,127.69999999999999,600,SANDWICH
2014-12-07,,127.69999999999999,560,SANDWICH
2014-12-08,,127.69999999999999,1000,SANDWICH
2014-12-09,,127.69999999999999,920,SANDWICH
2014-12-10,,127.69999999999999,960,SANDWICH
2014-12-11,,127.69999999999999,840,SANDWICH
2014-12-12,,127.69999999999999,1160,SANDWICH
2014-12-13,,127.69999999999999,600,SANDWICH
2014-12-14,,127.69999999999999,720,SANDWICH
2014-12-15,,127.69999999999999,920,SANDWICH
2014-12-16,,108.10000000000001,1080,SANDWICH
2014-12-17,,108.10000000000001,1400,SANDWICH
2014-12-18,,108.10000000000001,1360,SANDWICH
2014-12-19,,108.10000000000001,1440,SANDWICH
2014-12-20,,108.10000000000001,960,SANDWICH
2014-12-21,,108.10000000000001,1040,SANDWICH
2014-12-22,,108.10000000000001,1320,SANDWICH
2014-12-23,,108.10000000000001,1280,SANDWICH
2014-12-24,,108.10000000000001,1400,SANDWICH
2014-12-25,,108.10000000000001,1200,SANDWICH
2014-12-26,,108.10000000000001,1400,SANDWICH
2014-12-27,,108.10000000000001,880,SANDWICH
2014-12-28,,108.10000000000001,1000,SANDWICH
2014-12-29,,108.10000000000001,1280,SANDWICH
2014-12-30,,108.10000000000001,1040,SANDWICH
2014-12-31,,108.10000000000001,1120,SANDWICH
2015-01-01,New Year,108.10000000000001,720,SANDWICH
2015-01-02,,108.10000000000001,1200,SANDWICH
2015-01-03,,108.10000000000001,800,SANDWICH
2015-01-04,,108.10000000000001,720,SANDWICH
2015-01-05,,108.10000000000001,1080,SANDWICH
2015-01-06,,108.10000000000001,1040,SANDWICH
2015-01-07,,108.10000000000001,1040,SANDWICH
2015-01-08,,108.10000000000001,1440,SANDWICH
2015-01-09,,108.10000000000001,1280,SANDWICH
2015-01-10,,108.10000000000001,960,SANDWICH
2015-01-11,,108.10000000000001,720,SANDWICH
2015-01-12,,108.10000000000001,1280,SANDWICH
2015-01-13,,108.10000000000001,1320,SANDWICH
2015-01-14,,108.10000000000001,1320,SANDWICH
2015-01-15,,108.10000000000001,1120,SANDWICH
2015-01-16,,108.10000000000001,1200,SANDWICH
2015-01-17,,108.10000000000001,960,SANDWICH
2015-01-18,,108.10000000000001,800,SANDWICH
2015-01-19,,108.10000000000001,1120,SANDWICH
2015-01-20,,108.10000000000001,1080,SANDWICH
2015-01-21,,108.10000000000001,1360,SANDWICH
2015-01-22,,108.10000000000001,1200,SANDWICH
2015-01-23,,108.10000000000001,1160,SANDWICH
2015-01-24,,108.10000000000001,720,SANDWICH
2015-01-25,,108.10000000000001,800,SANDWICH
2015-01-26,,108.10000000000001,1160,SANDWICH
2015-01-27,,108.10000000000001,1080,SANDWICH
2015-01-28,,108.10000000000001,1040,SANDWICH
2015-01-29,,108.10000000000001,1200,SANDWICH
2015-01-30,,108.10000000000001,1160,SANDWICH
2015-01-31,Luner New Year,108.10000000000001,560,SANDWICH
2015-02-01,Luner New Year,108.10000000000001,480,SANDWICH
2015-02-02,Luner New Year,108.10000000000001,840,SANDWICH
2015-02-03,Luner New Year,108.10000000000001,1040,SANDWICH
2015-02-04,Luner New Year,108.10000000000001,1040,SANDWICH
2015-02-05,Luner New Year,108.10000000000001,880,SANDWICH
2015-02-06,Luner New Year,108.10000000000001,800,SANDWICH
2015-02-07,,108.10000000000001,840,SANDWICH
2015-02-08,,108.10000000000001,1040,SANDWICH
2015-02-09,,108.10000000000001,1400,SANDWICH
2015-02-10,,108.10000000000001,1360,SANDWICH
2015-02-11,,108.10000000000001,1320,SANDWICH
2015-02-12,,108.10000000000001,1320,SANDWICH
2015-02-13,,108.10000000000001,1320,SANDWICH
2015-02-14,,108.10000000000001,760,SANDWICH
2015-02-15,,108.10000000000001,760,SANDWICH
2015-02-16,,108.10000000000001,1120,SANDWICH
2015-02-17,,108.10000000000001,1200,SANDWICH
2015-02-18,,108.10000000000001,1200,SANDWICH
2015-02-19,,108.10000000000001,1040,SANDWICH
2015-02-20,,108.10000000000001,1040,SANDWICH
2015-02-21,,108.10000000000001,800,SANDWICH
2015-02-22,,108.10000000000001,840,SANDWICH
2015-02-23,,108.10000000000001,1040,SANDWICH
2015-02-24,,108.10000000000001,1160,SANDWICH
2015-02-25,,108.10000000000001,1120,SANDWICH
2015-02-26,,108.10000000000001,1120,SANDWICH
2015-02-27,,108.10000000000001,1200,SANDWICH
2015-02-28,,108.10000000000001,840,SANDWICH
2015-03-01,,108.10000000000001,800,SANDWICH
2015-03-02,,108.10000000000001,1040,SANDWICH
2015-03-03,,108.10000000000001,1040,SANDWICH
2015-03-04,,108.10000000000001,1040,SANDWICH
2015-03-05,,108.10000000000001,1120,SANDWICH
2015-03-06,,108.10000000000001,1120,SANDWICH
2015-03-07,,108.10000000000001,880,SANDWICH
2015-03-08,,108.10000000000001,720,SANDWICH
2015-03-09,,108.10000000000001,1120,SANDWICH
2015-03-10,,108.10000000000001,1040,SANDWICH
2015-03-11,,108.10000000000001,1120,SANDWICH
2015-03-12,,108.10000000000001,1200,SANDWICH
2015-03-13,,108.10000000000001,1040,SANDWICH
2015-03-14,,108.10000000000001,720,SANDWICH
2015-03-15,,108.10000000000001,760,SANDWICH
2015-03-16,,108.10000000000001,1040,SANDWICH
2015-03-17,,108.10000000000001,1160,SANDWICH
2015-03-18,,108.10000000000001,1160,SANDWICH
2015-03-19,,108.10000000000001,1080,SANDWICH
2015-03-20,,108.10000000000001,1080,SANDWICH
2015-03-21,,108.10000000000001,720,SANDWICH
2015-03-22,,108.10000000000001,720,SANDWICH
2015-03-23,,108.10000000000001,1200,SANDWICH
2015-03-24,,108.10000000000001,1160,SANDWICH
2015-03-25,,108.10000000000001,1080,SANDWICH
2015-03-26,,108.10000000000001,1200,SANDWICH
2015-03-27,,108.10000000000001,1080,SANDWICH
2015-03-28,,108.10000000000001,720,SANDWICH
2015-03-29,,108.10000000000001,720,SANDWICH
2015-03-30,,108.10000000000001,1120,SANDWICH
2015-03-31,,108.10000000000001,1120,SANDWICH
2015-04-01,,108.10000000000001,1200,SANDWICH
2015-04-02,,108.10000000000001,1120,SANDWICH
2015-04-03,,108.10000000000001,1120,SANDWICH
2015-04-04,,108.10000000000001,800,SANDWICH
2015-04-05,Qing Ming Festival,108.10000000000001,480,SANDWICH
2015-04-06,Qing Ming Festival,108.10000000000001,840,SANDWICH
2015-04-07,Qing Ming Festival,108.10000000000001,760,SANDWICH
2015-04-08,,108.10000000000001,1040,SANDWICH
2015-04-09,,108.10000000000001,1120,SANDWICH
2015-04-10,,108.10000000000001,1080,SANDWICH
2015-04-11,,108.10000000000001,760,SANDWICH
2015-04-12,,108.10000000000001,800,SANDWICH
2015-04-13,,108.10000000000001,1200,SANDWICH
2015-04-14,,108.10000000000001,1120,SANDWICH
2015-04-15,,122.6,1000,SANDWICH
2015-04-16,,122.6,1000,SANDWICH
2015-04-17,,122.6,920,SANDWICH
2015-04-18,,122.6,640,SANDWICH
2015-04-19,,122.6,680,SANDWICH
2015-04-20,,122.6,920,SANDWICH
2015-04-21,,122.6,920,SANDWICH
2015-04-22,,122.6,1000,SANDWICH
2015-04-23,,122.6,1000,SANDWICH
2015-04-24,,122.6,960,SANDWICH
2015-04-25,,122.6,640,SANDWICH
2015-04-26,,122.6,760,SANDWICH
2015-04-27,,122.6,960,SANDWICH
2015-04-28,,122.6,1000,SANDWICH
2015-04-29,,122.6,880,SANDWICH
2015-04-30,,122.6,920,SANDWICH
2015-05-01,Labor Day,122.6,760,SANDWICH
2015-05-02,Labor Day,122.6,400,SANDWICH
2015-05-03,Labor Day,122.6,480,SANDWICH
2015-05-04,,122.6,960,SANDWICH
2015-05-05,,122.6,920,SANDWICH
2015-05-06,,122.6,1040,SANDWICH
2015-05-07,,122.6,880,SANDWICH
2015-05-08,,122.6,960,SANDWICH
2015-05-09,,122.6,760,SANDWICH
2015-05-10,,122.6,600,SANDWICH
2015-05-11,,122.6,880,SANDWICH
2015-05-12,,122.6,1040,SANDWICH
