cafe_transaction_store.csv
calendar_date,holiday,price,quantity,item_name
2015-05-13,,122.6,1040,SANDWICH
2015-05-14,,122.6,1000,SANDWICH
2015-05-15,,122.6,960,SANDWICH
2015-05-16,,122.6,680,SANDWICH
2015-05-17,,122.6,680,SANDWICH
2015-05-18,,122.6,1040,SANDWICH
2015-05-19,,122.6,1040,SANDWICH
2015-05-20,,122.6,1000,SANDWICH
2015-05-21,,122.6,1000,SANDWICH
2015-05-22,,122.6,880,SANDWICH
2015-05-23,,122.6,760,SANDWICH
2015-05-24,,122.6,600,SANDWICH
2015-05-25,,122.6,1000,SANDWICH
2015-05-26,,122.6,920,SANDWICH
2015-05-27,,122.6,1040,SANDWICH
2015-05-28,,122.6,1000,SANDWICH
2015-05-29,,122.6,1040,SANDWICH
2015-05-30,,122.6,680,SANDWICH
2015-05-31,Dragon Boat Festivel,122.6,520,SANDWICH
2015-06-01,Dragon Boat Festivel,122.6,760,SANDWICH
2015-06-02,Dragon Boat Festivel,122.6,600,SANDWICH
2015-06-03,,122.6,880,SANDWICH
2015-06-04,,122.6,880,SANDWICH
2015-06-05,,122.6,880,SANDWICH
2015-06-06,,122.6,680,SANDWICH
2015-06-07,,122.6,600,SANDWICH
2015-06-08,,122.6,1040,SANDWICH
2015-06-09,,122.6,1000,SANDWICH
2015-06-10,,122.6,1000,SANDWICH
2015-06-11,,122.6,880,SANDWICH
2015-06-12,,122.6,1000,SANDWICH
2015-06-13,,122.6,640,SANDWICH
2015-06-14,,122.6,600,SANDWICH
2015-06-15,,122.6,1040,SANDWICH
2015-06-16,,122.6,960,SANDWICH
2015-06-17,,122.6,1000,SANDWICH
2015-06-18,,122.6,960,SANDWICH
2015-06-19,,122.6,880,SANDWICH
2015-06-20,,122.6,760,SANDWICH
2015-06-21,,122.6,640,SANDWICH
2015-06-22,,122.6,920,SANDWICH
2015-06-23,,122.6,920,SANDWICH
2015-06-24,,122.6,1000,SANDWICH
2015-06-25,,122.6,960,SANDWICH
2015-06-26,,122.6,920,SANDWICH
2015-06-27,,122.6,720,SANDWICH
2015-06-28,,122.6,680,SANDWICH
2015-06-29,,122.6,960,SANDWICH
2015-06-30,,122.6,1040,SANDWICH
2015-07-01,,122.6,880,SANDWICH
2015-07-02,,122.6,880,SANDWICH
2015-07-03,,122.6,1000,SANDWICH
2015-07-04,,122.6,600,SANDWICH
2015-07-05,,122.6,640,SANDWICH
2015-07-06,,122.6,1040,SANDWICH
2015-07-07,,122.6,960,SANDWICH
2015-07-08,,122.6,1000,SANDWICH
2015-07-09,,122.6,880,SANDWICH
2015-07-10,,122.6,960,SANDWICH
2015-07-11,,122.6,760,SANDWICH
2015-07-12,,122.6,600,SANDWICH
2015-07-13,,122.6,920,SANDWICH
2015-07-14,,122.6,920,SANDWICH
2015-07-15,,122.6,960,SANDWICH
2015-07-16,,122.6,880,SANDWICH
2015-07-17,,122.6,960,SANDWICH
2015-07-18,,122.6,720,SANDWICH
2015-07-19,,122.6,680,SANDWICH
2015-07-20,,122.6,920,SANDWICH
2015-07-21,,122.6,960,SANDWICH
2015-07-22,,122.6,960,SANDWICH
2015-07-23,,122.6,880,SANDWICH
2015-07-24,,122.6,1000,SANDWICH
2015-07-25,,122.6,600,SANDWICH
2015-07-26,,122.6,760,SANDWICH
2015-07-27,,122.6,920,SANDWICH
2015-07-28,,122.6,960,SANDWICH
2015-07-29,,122.6,920,SANDWICH
2015-07-30,,122.6,1040,SANDWICH
2015-07-31,,122.6,960,SANDWICH
2015-08-01,,122.6,720,SANDWICH
2015-08-02,,122.6,760,SANDWICH
2015-08-03,,122.6,1000,SANDWICH
2015-08-04,,122.6,1040,SANDWICH
2015-08-05,,122.6,960,SANDWICH
2015-08-06,,122.6,960,SANDWICH
2015-08-07,,122.6,920,SANDWICH
2015-08-08,,122.6,760,SANDWICH
2015-08-09,,122.6,680,SANDWICH
2015-08-10,,122.6,920,SANDWICH
2015-08-11,,122.6,880,SANDWICH
2015-08-12,,122.6,880,SANDWICH
2015-08-13,,112.6,1000,SANDWICH
2015-08-14,,112.6,1120,SANDWICH
2015-08-15,,112.6,720,SANDWICH
2015-08-16,,112.6,680,SANDWICH
2015-08-17,,112.6,1080,SANDWICH
2015-08-18,,112.6,1000,SANDWICH
2015-08-19,,112.6,1080,SANDWICH
2015-08-20,,112.6,1080,SANDWICH
2015-08-21,,112.6,1000,SANDWICH
2015-08-22,,112.6,760,SANDWICH
2015-08-23,,112.6,720,SANDWICH
2015-08-24,,112.6,1040,SANDWICH
2015-08-25,,112.6,1080,SANDWICH
2015-08-26,,112.6,1120,SANDWICH
2015-08-27,,112.6,1120,SANDWICH
2015-08-28,,112.6,1000,SANDWICH
2015-08-29,,112.6,840,SANDWICH
2015-08-30,,112.6,760,SANDWICH
2015-08-31,,112.6,1080,SANDWICH
2015-09-01,,112.6,1120,SANDWICH
2015-09-02,,112.6,1040,SANDWICH
2015-09-03,WWII Celebration,112.6,800,SANDWICH
2015-09-04,WWII Celebration,112.6,560,SANDWICH
2015-09-05,WWII Celebration,112.6,800,SANDWICH
2015-09-06,,112.6,1080,SANDWICH
2015-09-07,,112.6,1000,SANDWICH
2015-09-08,,112.6,1000,SANDWICH
2015-09-09,,112.6,1080,SANDWICH
2015-09-10,,112.6,1000,SANDWICH
